Component: ARM Compiler 6.15 Tool: armlink [5dd79300]

==============================================================================

Section Cross References

    startup.o(STACK) refers (Special) to heapauxi.o(.text) for __use_two_region_memory
    startup.o(HEAP) refers (Special) to heapauxi.o(.text) for __use_two_region_memory
    startup.o(RESET) refers (Special) to heapauxi.o(.text) for __use_two_region_memory
    startup.o(RESET) refers to startup.o(STACK) for __initial_sp
    startup.o(RESET) refers to startup.o(.text) for Reset_Handler
    startup.o(.text) refers (Special) to heapauxi.o(.text) for __use_two_region_memory
    startup.o(.text) refers to startup.o(HEAP) for Heap_Mem
    startup.o(.text) refers to startup.o(STACK) for Stack_Mem


==============================================================================

Image Symbol Table

    Local Symbols

    Symbol Name                              Value     Ov Type        Size  Object(Section)

    ../clib/heapaux.c                        0x00000000   Number         0  heapauxi.o ABSOLUTE
    dc.s                                     0x00000000   Number         0  dc.o ABSOLUTE
    startup.s                                0x00000000   Number         0  startup.o ABSOLUTE
    RESET                                    0x08000000   Section       96  startup.o(RESET)
    .text                                    0x08000060   Section      188  startup.o(.text)
    .text                                    0x0800011c   Section        0  heapauxi.o(.text)
    Heap_Mem                                 0x20000000   Data         512  startup.o(HEAP)
    HEAP                                     0x20000000   Section      512  startup.o(HEAP)
    Stack_Mem                                0x20000200   Data        1024  startup.o(STACK)
    STACK                                    0x20000200   Section     1024  startup.o(STACK)
    __initial_sp                             0x20000600   Data           0  startup.o(STACK)

    Global Symbols

    Symbol Name                              Value     Ov Type        Size  Object(Section)

    BuildAttributes$$THM_ISAv3M$S$A:L22$X:L11$S22$IEEE1$IW$~IW$USESV6$~STKCKD$USESV7$~SHL$OSPACE$ROPI$EBA8$STANDARDLIB$REQ8$PRES8$EABIv2 0x00000000   Number         0  anon$$obj.o ABSOLUTE
    __Vectors_Size                           0x00000060   Number         0  startup.o ABSOLUTE
    __Vectors                                0x08000000   Data           4  startup.o(RESET)
    Reset_Handler                            0x08000061   Thumb Code    66  startup.o(.text)
    __Vectors_End                            0x08000060   Data           0  startup.o(RESET)
    NMI_Handler                              0x080000a3   Thumb Code     2  startup.o(.text)
    HardFault_Handler                        0x080000a5   Thumb Code     2  startup.o(.text)
    SVC_Handler                              0x080000a7   Thumb Code     2  startup.o(.text)
    PendSV_Handler                           0x080000a9   Thumb Code     2  startup.o(.text)
    SysTick_Handler                          0x080000ab   Thumb Code     2  startup.o(.text)
    WWDG_IRQHandler                          0x080000ad   Thumb Code     2  startup.o(.text)
    PVD_IRQHandler                           0x080000af   Thumb Code     2  startup.o(.text)
    RTC_TAMP_IRQHandler                      0x080000b1   Thumb Code     2  startup.o(.text)
    FLASH_IRQHandler                         0x080000b3   Thumb Code     2  startup.o(.text)
    RCC_IRQHandler                           0x080000b5   Thumb Code     2  startup.o(.text)
    EXTI0_1_IRQHandler                       0x080000b7   Thumb Code     2  startup.o(.text)
    EXTI2_3_IRQHandler                       0x080000b9   Thumb Code     2  startup.o(.text)
    EXTI4_15_IRQHandler                      0x080000bb   Thumb Code    28  startup.o(.text)
    __user_initial_stackheap                 0x080000d9   Thumb Code     0  startup.o(.text)
    __use_two_region_memory                  0x0800011d   Thumb Code     2  heapauxi.o(.text)
    __rt_heap_escrow$2region                 0x0800011f   Thumb Code     2  heapauxi.o(.text)
    __rt_heap_expand$2region                 0x08000121   Thumb Code     2  heapauxi.o(.text)



==============================================================================

Memory Map of the image

  Image Entry point : 0x08000061

  Load Region LR_1 (Base: 0x08000000, Size: 0x00000124, Max: 0xffffffff, ABSOLUTE)

    Execution Region ER_RO (Exec base: 0x08000000, Load base: 0x08000000, Size: 0x00000124, Max: 0xffffffff, ABSOLUTE)

    Exec Addr    Load Addr    Size         Type   Attr      Idx    E Section Name        Object

    0x08000000   0x08000000   0x00000060   Data   RO            3    RESET               startup.o
    0x08000060   0x08000060   0x000000bc   Code   RO            4  * .text               startup.o
    0x0800011c   0x0800011c   0x00000006   Code   RO           12    .text               c_p.l(heapauxi.o)


    Execution Region ER_RW (Exec base: 0x20000000, Load base: 0x08000124, Size: 0x00000000, Max: 0xffffffff, ABSOLUTE)

    **** No section assigned to this execution region ****


    Execution Region ER_ZI (Exec base: 0x20000000, Load base: 0x08000124, Size: 0x00000600, Max: 0xffffffff, ABSOLUTE)

    Exec Addr    Load Addr    Size         Type   Attr      Idx    E Section Name        Object

    0x20000000        -       0x00000200   Zero   RW            2    HEAP                startup.o
    0x20000200        -       0x00000400   Zero   RW            1    STACK               startup.o


==============================================================================

Image component sizes


      Code (inc. data)   RO Data    RW Data    ZI Data      Debug   Object Name

       188         60         96          0       1536        936   startup.o

    ----------------------------------------------------------------------
       188         60         96          0       1536        936   Object Totals
         0          0          0          0          0          0   (incl. Generated)
         0          0          0          0          0          0   (incl. Padding)

    ----------------------------------------------------------------------

      Code (inc. data)   RO Data    RW Data    ZI Data      Debug   Library Member Name

         6          0          0          0          0        136   heapauxi.o

    ----------------------------------------------------------------------
         8          0          0          0          0        136   Library Totals
         2          0          0          0          0          0   (incl. Padding)

    ----------------------------------------------------------------------

      Code (inc. data)   RO Data    RW Data    ZI Data      Debug   Library Name

         6          0          0          0          0        136   c_p.l

    ----------------------------------------------------------------------
         8          0          0          0          0        136   Library Totals

    ----------------------------------------------------------------------

==============================================================================


      Code (inc. data)   RO Data    RW Data    ZI Data      Debug   

       196         60         96          0       1536       1072   Grand Totals
       196         60         96          0       1536       1072   ELF Image Totals
       196         60         96          0          0          0   ROM Totals

==============================================================================

    Total RO  Size (Code + RO Data)                  292 (   0.29kB)
    Total RW  Size (RW Data + ZI Data)              1536 (   1.50kB)
    Total ROM Size (Code + RO Data + RW Data)        292 (   0.29kB)

==============================================================================

