Component: ARM Compiler 5.06 update 7 (build 960) Tool: armlink [4d3601]

==============================================================================

Section Cross References

    startup_stm32g071xx.o(RESET) refers to startup_stm32g071xx.o(STACK) for __initial_sp
    startup_stm32g071xx.o(RESET) refers to startup_stm32g071xx.o(.text) for Reset_Handler
    startup_stm32g071xx.o(RESET) refers to stm32g0xx_it.o(i.NMI_Handler) for NMI_Handler
    startup_stm32g071xx.o(RESET) refers to stm32g0xx_it.o(i.HardFault_Handler) for HardFault_Handler
    startup_stm32g071xx.o(RESET) refers to stm32g0xx_it.o(i.SVC_Handler) for SVC_Handler
    startup_stm32g071xx.o(RESET) refers to stm32g0xx_it.o(i.PendSV_Handler) for PendSV_Handler
    startup_stm32g071xx.o(RESET) refers to stm32g0xx_it.o(i.SysTick_Handler) for SysTick_Handler
    startup_stm32g071xx.o(RESET) refers to stm32g0xx_it.o(i.DMA1_Channel1_IRQHandler) for DMA1_Channel1_IRQHandler
    startup_stm32g071xx.o(.text) refers to system_stm32g0xx.o(i.SystemInit) for SystemInit
    startup_stm32g071xx.o(.text) refers to entry.o(.ARM.Collect$$$$00000000) for __main
    main.o(i.AUDIO_Play) refers to stm32g0xx_hal_i2s.o(i.HAL_I2S_Transmit_DMA) for HAL_I2S_Transmit_DMA
    main.o(i.AUDIO_Play) refers to stm32g0xx_hal_gpio.o(i.HAL_GPIO_TogglePin) for HAL_GPIO_TogglePin
    main.o(i.AUDIO_Play) refers to main.o(.data) for .data
    main.o(i.AUDIO_Play) refers to main.o(.bss) for .bss
    main.o(i.AudioFlashPlay) refers to main.o(i.AUDIO_Play) for AUDIO_Play
    main.o(i.HAL_I2S_TxCpltCallback) refers to stm32g0xx_hal_i2s.o(i.HAL_I2S_Transmit_DMA) for HAL_I2S_Transmit_DMA
    main.o(i.HAL_I2S_TxCpltCallback) refers to stm32g0xx_hal_gpio.o(i.HAL_GPIO_WritePin) for HAL_GPIO_WritePin
    main.o(i.HAL_I2S_TxCpltCallback) refers to main.o(.data) for .data
    main.o(i.HAL_I2S_TxCpltCallback) refers to main.o(.bss) for .bss
    main.o(i.MX_GPIO_Init) refers to memseta.o(.text) for __aeabi_memclr4
    main.o(i.MX_GPIO_Init) refers to stm32g0xx_hal_gpio.o(i.HAL_GPIO_WritePin) for HAL_GPIO_WritePin
    main.o(i.MX_GPIO_Init) refers to stm32g0xx_hal_gpio.o(i.HAL_GPIO_Init) for HAL_GPIO_Init
    main.o(i.MX_I2C1_Init) refers to stm32g0xx_hal_i2c.o(i.HAL_I2C_Init) for HAL_I2C_Init
    main.o(i.MX_I2C1_Init) refers to stm32g0xx_hal_i2c_ex.o(i.HAL_I2CEx_ConfigAnalogFilter) for HAL_I2CEx_ConfigAnalogFilter
    main.o(i.MX_I2C1_Init) refers to stm32g0xx_hal_i2c_ex.o(i.HAL_I2CEx_ConfigDigitalFilter) for HAL_I2CEx_ConfigDigitalFilter
    main.o(i.MX_I2C1_Init) refers to main.o(.bss) for .bss
    main.o(i.SystemClock_Config) refers to memseta.o(.text) for __aeabi_memclr4
    main.o(i.SystemClock_Config) refers to stm32g0xx_hal_rcc.o(i.HAL_RCC_OscConfig) for HAL_RCC_OscConfig
    main.o(i.SystemClock_Config) refers to stm32g0xx_hal_rcc.o(i.HAL_RCC_ClockConfig) for HAL_RCC_ClockConfig
    main.o(i.WM89060_Init) refers to main.o(i.WM8960_Write_Reg) for WM8960_Write_Reg
    main.o(i.WM8960_Write_Reg) refers to stm32g0xx_hal_i2c.o(i.HAL_I2C_Master_Transmit) for HAL_I2C_Master_Transmit
    main.o(i.WM8960_Write_Reg) refers to main.o(.bss) for .bss
    main.o(i.WM8960_Write_Reg) refers to main.o(.data) for .data
    main.o(i.main) refers to stm32g0xx_hal.o(i.HAL_Init) for HAL_Init
    main.o(i.main) refers to main.o(i.SystemClock_Config) for SystemClock_Config
    main.o(i.main) refers to main.o(i.MX_GPIO_Init) for MX_GPIO_Init
    main.o(i.main) refers to stm32g0xx_hal_cortex.o(i.HAL_NVIC_SetPriority) for HAL_NVIC_SetPriority
    main.o(i.main) refers to stm32g0xx_hal_cortex.o(i.HAL_NVIC_EnableIRQ) for HAL_NVIC_EnableIRQ
    main.o(i.main) refers to stm32g0xx_hal_i2s.o(i.HAL_I2S_Init) for HAL_I2S_Init
    main.o(i.main) refers to main.o(i.MX_I2C1_Init) for MX_I2C1_Init
    main.o(i.main) refers to main.o(i.WM89060_Init) for WM89060_Init
    main.o(i.main) refers to stm32g0xx_hal_gpio.o(i.HAL_GPIO_TogglePin) for HAL_GPIO_TogglePin
    main.o(i.main) refers to stm32g0xx_hal.o(i.HAL_Delay) for HAL_Delay
    main.o(i.main) refers to stm32g0xx_hal_gpio.o(i.HAL_GPIO_WritePin) for HAL_GPIO_WritePin
    main.o(i.main) refers to main.o(i.AudioFlashPlay) for AudioFlashPlay
    main.o(i.main) refers to main.o(.bss) for .bss
    main.o(i.main) refers to main.o(.data) for .data
    main.o(i.main) refers to main.o(.constdata) for .constdata
    stm32g0xx_it.o(i.DMA1_Channel1_IRQHandler) refers to stm32g0xx_hal_dma.o(i.HAL_DMA_IRQHandler) for HAL_DMA_IRQHandler
    stm32g0xx_it.o(i.DMA1_Channel1_IRQHandler) refers to main.o(.bss) for hdma_spi1_tx
    stm32g0xx_it.o(i.SysTick_Handler) refers to stm32g0xx_hal.o(i.HAL_IncTick) for HAL_IncTick
    stm32g0xx_hal_msp.o(i.HAL_I2C_MspDeInit) refers to stm32g0xx_hal_gpio.o(i.HAL_GPIO_DeInit) for HAL_GPIO_DeInit
    stm32g0xx_hal_msp.o(i.HAL_I2C_MspInit) refers to memseta.o(.text) for __aeabi_memclr4
    stm32g0xx_hal_msp.o(i.HAL_I2C_MspInit) refers to stm32g0xx_hal_gpio.o(i.HAL_GPIO_Init) for HAL_GPIO_Init
[...]
    stm32g0xx_hal_i2c.o(i.I2C_ITAddrCplt) refers to stm32g0xx_hal_i2c.o(i.I2C_Disable_IRQ) for I2C_Disable_IRQ
    stm32g0xx_hal_i2c.o(i.I2C_ITError) refers to stm32g0xx_hal_i2c.o(i.I2C_Disable_IRQ) for I2C_Disable_IRQ
    stm32g0xx_hal_i2c.o(i.I2C_ITError) refers to stm32g0xx_hal_dma.o(i.HAL_DMA_GetState) for HAL_DMA_GetState
    stm32g0xx_hal_i2c.o(i.I2C_ITError) refers to stm32g0xx_hal_dma.o(i.HAL_DMA_Abort_IT) for HAL_DMA_Abort_IT
    stm32g0xx_hal_i2c.o(i.I2C_ITError) refers to stm32g0xx_hal_i2c.o(i.I2C_TreatErrorCallback) for I2C_TreatErrorCallback
    stm32g0xx_hal_i2c.o(i.I2C_ITError) refers to stm32g0xx_hal_i2c.o(i.I2C_DMAAbort) for I2C_DMAAbort
    stm32g0xx_hal_i2c.o(i.I2C_ITError) refers to stm32g0xx_hal_i2c.o(i.I2C_Slave_ISR_IT) for I2C_Slave_ISR_IT
    stm32g0xx_hal_i2c.o(i.I2C_ITListenCplt) refers to stm32g0xx_hal_i2c.o(i.I2C_Disable_IRQ) for I2C_Disable_IRQ
    stm32g0xx_hal_i2c.o(i.I2C_ITListenCplt) refers to stm32g0xx_hal_i2c.o(i.HAL_I2C_ListenCpltCallback) for HAL_I2C_ListenCpltCallback
    stm32g0xx_hal_i2c.o(i.I2C_ITMasterCplt) refers to stm32g0xx_hal_i2c.o(i.I2C_Disable_IRQ) for I2C_Disable_IRQ
    stm32g0xx_hal_i2c.o(i.I2C_ITMasterCplt) refers to stm32g0xx_hal_i2c.o(i.I2C_Flush_TXDR) for I2C_Flush_TXDR
    stm32g0xx_hal_i2c.o(i.I2C_ITMasterCplt) refers to stm32g0xx_hal_i2c.o(i.I2C_ITError) for I2C_ITError
    stm32g0xx_hal_i2c.o(i.I2C_ITMasterCplt) refers to stm32g0xx_hal_i2c.o(i.HAL_I2C_MasterRxCpltCallback) for HAL_I2C_MasterRxCpltCallback
    stm32g0xx_hal_i2c.o(i.I2C_ITMasterCplt) refers to stm32g0xx_hal_i2c.o(i.HAL_I2C_MasterTxCpltCallback) for HAL_I2C_MasterTxCpltCallback
    stm32g0xx_hal_i2c.o(i.I2C_ITMasterCplt) refers to stm32g0xx_hal_i2c.o(i.HAL_I2C_MemTxCpltCallback) for HAL_I2C_MemTxCpltCallback
    stm32g0xx_hal_i2c.o(i.I2C_ITMasterCplt) refers to stm32g0xx_hal_i2c.o(i.HAL_I2C_MemRxCpltCallback) for HAL_I2C_MemRxCpltCallback
    stm32g0xx_hal_i2c.o(i.I2C_ITMasterSeqCplt) refers to stm32g0xx_hal_i2c.o(i.I2C_Disable_IRQ) for I2C_Disable_IRQ
    stm32g0xx_hal_i2c.o(i.I2C_ITMasterSeqCplt) refers to stm32g0xx_hal_i2c.o(i.HAL_I2C_MasterRxCpltCallback) for HAL_I2C_MasterRxCpltCallback
    stm32g0xx_hal_i2c.o(i.I2C_ITMasterSeqCplt) refers to stm32g0xx_hal_i2c.o(i.HAL_I2C_MasterTxCpltCallback) for HAL_I2C_MasterTxCpltCallback
    stm32g0xx_hal_i2c.o(i.I2C_ITSlaveCplt) refers to stm32g0xx_hal_i2c.o(i.I2C_Disable_IRQ) for I2C_Disable_IRQ
    stm32g0xx_hal_i2c.o(i.I2C_ITSlaveCplt) refers to stm32g0xx_hal_i2c.o(i.I2C_Flush_TXDR) for I2C_Flush_TXDR
    stm32g0xx_hal_i2c.o(i.I2C_ITSlaveCplt) refers to stm32g0xx_hal_i2c.o(i.I2C_ITError) for I2C_ITError
    stm32g0xx_hal_i2c.o(i.I2C_ITSlaveCplt) refers to stm32g0xx_hal_i2c.o(i.I2C_ITListenCplt) for I2C_ITListenCplt
    stm32g0xx_hal_i2c.o(i.I2C_ITSlaveCplt) refers to stm32g0xx_hal_i2c.o(i.I2C_ITSlaveSeqCplt) for I2C_ITSlaveSeqCplt
    stm32g0xx_hal_i2c.o(i.I2C_ITSlaveCplt) refers to stm32g0xx_hal_i2c.o(i.HAL_I2C_ListenCpltCallback) for HAL_I2C_ListenCpltCallback
    stm32g0xx_hal_i2c.o(i.I2C_ITSlaveCplt) refers to stm32g0xx_hal_i2c.o(i.HAL_I2C_SlaveTxCpltCallback) for HAL_I2C_SlaveTxCpltCallback
    stm32g0xx_hal_i2c.o(i.I2C_ITSlaveCplt) refers to stm32g0xx_hal_i2c.o(i.HAL_I2C_SlaveRxCpltCallback) for HAL_I2C_SlaveRxCpltCallback
    stm32g0xx_hal_i2c.o(i.I2C_ITSlaveSeqCplt) refers to stm32g0xx_hal_i2c.o(i.I2C_Disable_IRQ) for I2C_Disable_IRQ
    stm32g0xx_hal_i2c.o(i.I2C_ITSlaveSeqCplt) refers to stm32g0xx_hal_i2c.o(i.HAL_I2C_SlaveRxCpltCallback) for HAL_I2C_SlaveRxCpltCallback
    stm32g0xx_hal_i2c.o(i.I2C_ITSlaveSeqCplt) refers to stm32g0xx_hal_i2c.o(i.HAL_I2C_SlaveTxCpltCallback) for HAL_I2C_SlaveTxCpltCallback
    stm32g0xx_hal_i2c.o(i.I2C_IsAcknowledgeFailed) refers to stm32g0xx_hal.o(i.HAL_GetTick) for HAL_GetTick
    stm32g0xx_hal_i2c.o(i.I2C_IsAcknowledgeFailed) refers to stm32g0xx_hal_i2c.o(i.I2C_Flush_TXDR) for I2C_Flush_TXDR
    stm32g0xx_hal_i2c.o(i.I2C_Master_ISR_DMA) refers to stm32g0xx_hal_i2c.o(i.I2C_Enable_IRQ) for I2C_Enable_IRQ
    stm32g0xx_hal_i2c.o(i.I2C_Master_ISR_DMA) refers to stm32g0xx_hal_i2c.o(i.I2C_Flush_TXDR) for I2C_Flush_TXDR
    stm32g0xx_hal_i2c.o(i.I2C_Master_ISR_DMA) refers to stm32g0xx_hal_i2c.o(i.I2C_TransferConfig) for I2C_TransferConfig
    stm32g0xx_hal_i2c.o(i.I2C_Master_ISR_DMA) refers to stm32g0xx_hal_i2c.o(i.I2C_ITError) for I2C_ITError
    stm32g0xx_hal_i2c.o(i.I2C_Master_ISR_DMA) refers to stm32g0xx_hal_i2c.o(i.I2C_ITMasterSeqCplt) for I2C_ITMasterSeqCplt
    stm32g0xx_hal_i2c.o(i.I2C_Master_ISR_DMA) refers to stm32g0xx_hal_i2c.o(i.I2C_ITMasterCplt) for I2C_ITMasterCplt
    stm32g0xx_hal_i2c.o(i.I2C_Master_ISR_IT) refers to stm32g0xx_hal_i2c.o(i.I2C_Flush_TXDR) for I2C_Flush_TXDR
    stm32g0xx_hal_i2c.o(i.I2C_Master_ISR_IT) refers to stm32g0xx_hal_i2c.o(i.I2C_TransferConfig) for I2C_TransferConfig
    stm32g0xx_hal_i2c.o(i.I2C_Master_ISR_IT) refers to stm32g0xx_hal_i2c.o(i.I2C_ITError) for I2C_ITError
    stm32g0xx_hal_i2c.o(i.I2C_Master_ISR_IT) refers to stm32g0xx_hal_i2c.o(i.I2C_ITMasterCplt) for I2C_ITMasterCplt
    stm32g0xx_hal_i2c.o(i.I2C_Master_ISR_IT) refers to stm32g0xx_hal_i2c.o(i.I2C_ITMasterSeqCplt) for I2C_ITMasterSeqCplt
    stm32g0xx_hal_i2c.o(i.I2C_RequestMemoryRead) refers to stm32g0xx_hal_i2c.o(i.I2C_TransferConfig) for I2C_TransferConfig
    stm32g0xx_hal_i2c.o(i.I2C_RequestMemoryRead) refers to stm32g0xx_hal_i2c.o(i.I2C_WaitOnTXISFlagUntilTimeout) for I2C_WaitOnTXISFlagUntilTimeout
    stm32g0xx_hal_i2c.o(i.I2C_RequestMemoryRead) refers to stm32g0xx_hal_i2c.o(i.I2C_WaitOnFlagUntilTimeout) for I2C_WaitOnFlagUntilTimeout
    stm32g0xx_hal_i2c.o(i.I2C_RequestMemoryWrite) refers to stm32g0xx_hal_i2c.o(i.I2C_TransferConfig) for I2C_TransferConfig
    stm32g0xx_hal_i2c.o(i.I2C_RequestMemoryWrite) refers to stm32g0xx_hal_i2c.o(i.I2C_WaitOnTXISFlagUntilTimeout) for I2C_WaitOnTXISFlagUntilTimeout
    stm32g0xx_hal_i2c.o(i.I2C_RequestMemoryWrite) refers to stm32g0xx_hal_i2c.o(i.I2C_WaitOnFlagUntilTimeout) for I2C_WaitOnFlagUntilTimeout
    stm32g0xx_hal_i2c.o(i.I2C_Slave_ISR_DMA) refers to stm32g0xx_hal_i2c.o(i.I2C_ITSlaveCplt) for I2C_ITSlaveCplt
    stm32g0xx_hal_i2c.o(i.I2C_Slave_ISR_DMA) refers to stm32g0xx_hal_i2c.o(i.I2C_ITListenCplt) for I2C_ITListenCplt
    stm32g0xx_hal_i2c.o(i.I2C_Slave_ISR_DMA) refers to stm32g0xx_hal_i2c.o(i.I2C_Flush_TXDR) for I2C_Flush_TXDR
    stm32g0xx_hal_i2c.o(i.I2C_Slave_ISR_DMA) refers to stm32g0xx_hal_i2c.o(i.I2C_ITSlaveSeqCplt) for I2C_ITSlaveSeqCplt
    stm32g0xx_hal_i2c.o(i.I2C_Slave_ISR_DMA) refers to stm32g0xx_hal_i2c.o(i.I2C_ITError) for I2C_ITError
    stm32g0xx_hal_i2c.o(i.I2C_Slave_ISR_DMA) refers to stm32g0xx_hal_i2c.o(i.I2C_ITAddrCplt) for I2C_ITAddrCplt
    stm32g0xx_hal_i2c.o(i.I2C_Slave_ISR_IT) refers to stm32g0xx_hal_i2c.o(i.I2C_ITSlaveCplt) for I2C_ITSlaveCplt
    stm32g0xx_hal_i2c.o(i.I2C_Slave_ISR_IT) refers to stm32g0xx_hal_i2c.o(i.I2C_ITError) for I2C_ITError
    stm32g0xx_hal_i2c.o(i.I2C_Slave_ISR_IT) refers to stm32g0xx_hal_i2c.o(i.I2C_ITListenCplt) for I2C_ITListenCplt
    stm32g0xx_hal_i2c.o(i.I2C_Slave_ISR_IT) refers to stm32g0xx_hal_i2c.o(i.I2C_Flush_TXDR) for I2C_Flush_TXDR
    stm32g0xx_hal_i2c.o(i.I2C_Slave_ISR_IT) refers to stm32g0xx_hal_i2c.o(i.I2C_ITAddrCplt) for I2C_ITAddrCplt
    stm32g0xx_hal_i2c.o(i.I2C_Slave_ISR_IT) refers to stm32g0xx_hal_i2c.o(i.I2C_ITSlaveSeqCplt) for I2C_ITSlaveSeqCplt
    stm32g0xx_hal_i2c.o(i.I2C_TreatErrorCallback) refers to stm32g0xx_hal_i2c.o(i.HAL_I2C_ErrorCallback) for HAL_I2C_ErrorCallback
    stm32g0xx_hal_i2c.o(i.I2C_TreatErrorCallback) refers to stm32g0xx_hal_i2c.o(i.HAL_I2C_AbortCpltCallback) for HAL_I2C_AbortCpltCallback
    stm32g0xx_hal_i2c.o(i.I2C_WaitOnFlagUntilTimeout) refers to stm32g0xx_hal.o(i.HAL_GetTick) for HAL_GetTick
    stm32g0xx_hal_i2c.o(i.I2C_WaitOnRXNEFlagUntilTimeout) refers to stm32g0xx_hal_i2c.o(i.I2C_IsAcknowledgeFailed) for I2C_IsAcknowledgeFailed
    stm32g0xx_hal_i2c.o(i.I2C_WaitOnRXNEFlagUntilTimeout) refers to stm32g0xx_hal.o(i.HAL_GetTick) for HAL_GetTick
    stm32g0xx_hal_i2c.o(i.I2C_WaitOnSTOPFlagUntilTimeout) refers to stm32g0xx_hal_i2c.o(i.I2C_IsAcknowledgeFailed) for I2C_IsAcknowledgeFailed
    stm32g0xx_hal_i2c.o(i.I2C_WaitOnSTOPFlagUntilTimeout) refers to stm32g0xx_hal.o(i.HAL_GetTick) for HAL_GetTick
    stm32g0xx_hal_i2c.o(i.I2C_WaitOnTXISFlagUntilTimeout) refers to stm32g0xx_hal_i2c.o(i.I2C_IsAcknowledgeFailed) for I2C_IsAcknowledgeFailed
    stm32g0xx_hal_i2c.o(i.I2C_WaitOnTXISFlagUntilTimeout) refers to stm32g0xx_hal.o(i.HAL_GetTick) for HAL_GetTick
    stm32g0xx_hal_rcc.o(i.HAL_RCC_ClockConfig) refers to stm32g0xx_hal.o(i.HAL_GetTick) for HAL_GetTick
    stm32g0xx_hal_rcc.o(i.HAL_RCC_ClockConfig) refers to stm32g0xx_hal_rcc.o(i.HAL_RCC_GetSysClockFreq) for HAL_RCC_GetSysClockFreq
    stm32g0xx_hal_rcc.o(i.HAL_RCC_ClockConfig) refers to stm32g0xx_hal.o(i.HAL_InitTick) for HAL_InitTick
    stm32g0xx_hal_rcc.o(i.HAL_RCC_ClockConfig) refers to system_stm32g0xx.o(.constdata) for AHBPrescTable
    stm32g0xx_hal_rcc.o(i.HAL_RCC_ClockConfig) refers to system_stm32g0xx.o(.data) for SystemCoreClock
    stm32g0xx_hal_rcc.o(i.HAL_RCC_ClockConfig) refers to stm32g0xx_hal.o(.data) for uwTickPrio
    stm32g0xx_hal_rcc.o(i.HAL_RCC_DeInit) refers to stm32g0xx_hal.o(i.HAL_GetTick) for HAL_GetTick
    stm32g0xx_hal_rcc.o(i.HAL_RCC_DeInit) refers to stm32g0xx_hal.o(i.HAL_InitTick) for HAL_InitTick
    stm32g0xx_hal_rcc.o(i.HAL_RCC_DeInit) refers to system_stm32g0xx.o(.data) for SystemCoreClock
    stm32g0xx_hal_rcc.o(i.HAL_RCC_DeInit) refers to stm32g0xx_hal.o(.data) for uwTickPrio
    stm32g0xx_hal_rcc.o(i.HAL_RCC_GetHCLKFreq) refers to system_stm32g0xx.o(.data) for SystemCoreClock
    stm32g0xx_hal_rcc.o(i.HAL_RCC_GetPCLK1Freq) refers to system_stm32g0xx.o(.data) for SystemCoreClock
    stm32g0xx_hal_rcc.o(i.HAL_RCC_GetPCLK1Freq) refers to system_stm32g0xx.o(.constdata) for APBPrescTable
    stm32g0xx_hal_rcc.o(i.HAL_RCC_GetSysClockFreq) refers to uidiv.o(.text) for __aeabi_uidivmod
    stm32g0xx_hal_rcc.o(i.HAL_RCC_MCOConfig) refers to stm32g0xx_hal_gpio.o(i.HAL_GPIO_Init) for HAL_GPIO_Init
    stm32g0xx_hal_rcc.o(i.HAL_RCC_NMI_IRQHandler) refers to stm32g0xx_hal_rcc.o(i.HAL_RCC_CSSCallback) for HAL_RCC_CSSCallback
    stm32g0xx_hal_rcc.o(i.HAL_RCC_NMI_IRQHandler) refers to stm32g0xx_hal_rcc.o(i.HAL_RCC_LSECSSCallback) for HAL_RCC_LSECSSCallback
    stm32g0xx_hal_rcc.o(i.HAL_RCC_OscConfig) refers to stm32g0xx_hal.o(i.HAL_GetTick) for HAL_GetTick
    stm32g0xx_hal_rcc.o(i.HAL_RCC_OscConfig) refers to uidiv.o(.text) for __aeabi_uidivmod
    stm32g0xx_hal_rcc.o(i.HAL_RCC_OscConfig) refers to stm32g0xx_hal.o(i.HAL_InitTick) for HAL_InitTick
    stm32g0xx_hal_rcc.o(i.HAL_RCC_OscConfig) refers to system_stm32g0xx.o(.data) for SystemCoreClock
    stm32g0xx_hal_rcc.o(i.HAL_RCC_OscConfig) refers to stm32g0xx_hal.o(.data) for uwTickPrio
    stm32g0xx_hal_rcc_ex.o(i.HAL_RCCEx_DisableLSCO) refers to stm32g0xx_hal_pwr.o(i.HAL_PWR_EnableBkUpAccess) for HAL_PWR_EnableBkUpAccess
    stm32g0xx_hal_rcc_ex.o(i.HAL_RCCEx_DisableLSCO) refers to stm32g0xx_hal_pwr.o(i.HAL_PWR_DisableBkUpAccess) for HAL_PWR_DisableBkUpAccess
    stm32g0xx_hal_rcc_ex.o(i.HAL_RCCEx_EnableLSCO) refers to stm32g0xx_hal_gpio.o(i.HAL_GPIO_Init) for HAL_GPIO_Init
    stm32g0xx_hal_rcc_ex.o(i.HAL_RCCEx_EnableLSCO) refers to stm32g0xx_hal_pwr.o(i.HAL_PWR_EnableBkUpAccess) for HAL_PWR_EnableBkUpAccess
    stm32g0xx_hal_rcc_ex.o(i.HAL_RCCEx_EnableLSCO) refers to stm32g0xx_hal_pwr.o(i.HAL_PWR_DisableBkUpAccess) for HAL_PWR_DisableBkUpAccess
    stm32g0xx_hal_rcc_ex.o(i.HAL_RCCEx_GetPeriphCLKFreq) refers to uidiv.o(.text) for __aeabi_uidivmod
    stm32g0xx_hal_rcc_ex.o(i.HAL_RCCEx_GetPeriphCLKFreq) refers to stm32g0xx_hal_rcc.o(i.HAL_RCC_GetSysClockFreq) for HAL_RCC_GetSysClockFreq
    stm32g0xx_hal_rcc_ex.o(i.HAL_RCCEx_GetPeriphCLKFreq) refers to stm32g0xx_hal_rcc.o(i.HAL_RCC_GetPCLK1Freq) for HAL_RCC_GetPCLK1Freq
    stm32g0xx_hal_rcc_ex.o(i.HAL_RCCEx_PeriphCLKConfig) refers to stm32g0xx_hal.o(i.HAL_GetTick) for HAL_GetTick
    stm32g0xx_hal_flash.o(i.FLASH_WaitForLastOperation) refers to stm32g0xx_hal.o(i.HAL_GetTick) for HAL_GetTick
    stm32g0xx_hal_flash.o(i.FLASH_WaitForLastOperation) refers to stm32g0xx_hal_flash.o(.bss) for .bss
    stm32g0xx_hal_flash.o(i.HAL_FLASH_GetError) refers to stm32g0xx_hal_flash.o(.bss) for .bss
    stm32g0xx_hal_flash.o(i.HAL_FLASH_IRQHandler) refers to stm32g0xx_hal_flash.o(i.HAL_FLASH_OperationErrorCallback) for HAL_FLASH_OperationErrorCallback
    stm32g0xx_hal_flash.o(i.HAL_FLASH_IRQHandler) refers to stm32g0xx_hal_flash_ex.o(i.FLASH_PageErase) for FLASH_PageErase
    stm32g0xx_hal_flash.o(i.HAL_FLASH_IRQHandler) refers to stm32g0xx_hal_flash.o(i.HAL_FLASH_EndOfOperationCallback) for HAL_FLASH_EndOfOperationCallback
    stm32g0xx_hal_flash.o(i.HAL_FLASH_IRQHandler) refers to stm32g0xx_hal_flash.o(.bss) for .bss
    stm32g0xx_hal_flash.o(i.HAL_FLASH_Program) refers to stm32g0xx_hal_flash.o(i.FLASH_WaitForLastOperation) for FLASH_WaitForLastOperation
    stm32g0xx_hal_flash.o(i.HAL_FLASH_Program) refers to stm32g0xx_hal_flash.o(i.FLASH_Program_Fast) for FLASH_Program_Fast
    stm32g0xx_hal_flash.o(i.HAL_FLASH_Program) refers to stm32g0xx_hal_flash.o(i.FLASH_Program_DoubleWord) for FLASH_Program_DoubleWord
    stm32g0xx_hal_flash.o(i.HAL_FLASH_Program) refers to stm32g0xx_hal_flash.o(.bss) for .bss
    stm32g0xx_hal_flash.o(i.HAL_FLASH_Program_IT) refers to stm32g0xx_hal_flash.o(i.FLASH_WaitForLastOperation) for FLASH_WaitForLastOperation
    stm32g0xx_hal_flash.o(i.HAL_FLASH_Program_IT) refers to stm32g0xx_hal_flash.o(i.FLASH_Program_Fast) for FLASH_Program_Fast
    stm32g0xx_hal_flash.o(i.HAL_FLASH_Program_IT) refers to stm32g0xx_hal_flash.o(i.FLASH_Program_DoubleWord) for FLASH_Program_DoubleWord
    stm32g0xx_hal_flash.o(i.HAL_FLASH_Program_IT) refers to stm32g0xx_hal_flash.o(.bss) for .bss
    stm32g0xx_hal_flash_ex.o(i.HAL_FLASHEx_Erase) refers to stm32g0xx_hal_flash.o(i.FLASH_WaitForLastOperation) for FLASH_WaitForLastOperation
    stm32g0xx_hal_flash_ex.o(i.HAL_FLASHEx_Erase) refers to stm32g0xx_hal_flash_ex.o(i.FLASH_MassErase) for FLASH_MassErase
    stm32g0xx_hal_flash_ex.o(i.HAL_FLASHEx_Erase) refers to stm32g0xx_hal_flash_ex.o(i.FLASH_PageErase) for FLASH_PageErase
    stm32g0xx_hal_flash_ex.o(i.HAL_FLASHEx_Erase) refers to stm32g0xx_hal_flash.o(.bss) for pFlash
    stm32g0xx_hal_flash_ex.o(i.HAL_FLASHEx_Erase_IT) refers to stm32g0xx_hal_flash.o(i.FLASH_WaitForLastOperation) for FLASH_WaitForLastOperation
    stm32g0xx_hal_flash_ex.o(i.HAL_FLASHEx_Erase_IT) refers to stm32g0xx_hal_flash_ex.o(i.FLASH_PageErase) for FLASH_PageErase
    stm32g0xx_hal_flash_ex.o(i.HAL_FLASHEx_Erase_IT) refers to stm32g0xx_hal_flash_ex.o(i.FLASH_MassErase) for FLASH_MassErase
    stm32g0xx_hal_flash_ex.o(i.HAL_FLASHEx_Erase_IT) refers to stm32g0xx_hal_flash.o(.bss) for pFlash
    stm32g0xx_hal_flash_ex.o(i.HAL_FLASHEx_OBGetConfig) refers to stm32g0xx_hal_flash_ex.o(i.FLASH_OB_GetRDP) for FLASH_OB_GetRDP
    stm32g0xx_hal_flash_ex.o(i.HAL_FLASHEx_OBGetConfig) refers to stm32g0xx_hal_flash_ex.o(i.FLASH_OB_GetUser) for FLASH_OB_GetUser
    stm32g0xx_hal_flash_ex.o(i.HAL_FLASHEx_OBProgram) refers to stm32g0xx_hal_flash_ex.o(i.FLASH_OB_GetUser) for FLASH_OB_GetUser
    stm32g0xx_hal_flash_ex.o(i.HAL_FLASHEx_OBProgram) refers to stm32g0xx_hal_flash_ex.o(i.FLASH_OB_GetRDP) for FLASH_OB_GetRDP
    stm32g0xx_hal_flash_ex.o(i.HAL_FLASHEx_OBProgram) refers to stm32g0xx_hal_flash_ex.o(i.FLASH_OB_OptrConfig) for FLASH_OB_OptrConfig
    stm32g0xx_hal_flash_ex.o(i.HAL_FLASHEx_OBProgram) refers to stm32g0xx_hal_flash.o(i.FLASH_WaitForLastOperation) for FLASH_WaitForLastOperation
    stm32g0xx_hal_flash_ex.o(i.HAL_FLASHEx_OBProgram) refers to stm32g0xx_hal_flash.o(.bss) for pFlash
    stm32g0xx_hal_gpio.o(i.HAL_GPIO_EXTI_IRQHandler) refers to stm32g0xx_hal_gpio.o(i.HAL_GPIO_EXTI_Rising_Callback) for HAL_GPIO_EXTI_Rising_Callback
    stm32g0xx_hal_gpio.o(i.HAL_GPIO_EXTI_IRQHandler) refers to stm32g0xx_hal_gpio.o(i.HAL_GPIO_EXTI_Falling_Callback) for HAL_GPIO_EXTI_Falling_Callback
    stm32g0xx_hal_dma.o(i.DMA_CalcDMAMUXChannelBaseAndMask) refers to uidiv.o(.text) for __aeabi_uidivmod
    stm32g0xx_hal_dma.o(i.HAL_DMA_DeInit) refers to uidiv.o(.text) for __aeabi_uidivmod
    stm32g0xx_hal_dma.o(i.HAL_DMA_DeInit) refers to stm32g0xx_hal_dma.o(i.DMA_CalcDMAMUXChannelBaseAndMask) for DMA_CalcDMAMUXChannelBaseAndMask
    stm32g0xx_hal_dma.o(i.HAL_DMA_DeInit) refers to stm32g0xx_hal_dma.o(i.DMA_CalcDMAMUXRequestGenBaseAndMask) for DMA_CalcDMAMUXRequestGenBaseAndMask
    stm32g0xx_hal_dma.o(i.HAL_DMA_Init) refers to uidiv.o(.text) for __aeabi_uidivmod
    stm32g0xx_hal_dma.o(i.HAL_DMA_Init) refers to stm32g0xx_hal_dma.o(i.DMA_CalcDMAMUXChannelBaseAndMask) for DMA_CalcDMAMUXChannelBaseAndMask
    stm32g0xx_hal_dma.o(i.HAL_DMA_Init) refers to stm32g0xx_hal_dma.o(i.DMA_CalcDMAMUXRequestGenBaseAndMask) for DMA_CalcDMAMUXRequestGenBaseAndMask
    stm32g0xx_hal_dma.o(i.HAL_DMA_PollForTransfer) refers to stm32g0xx_hal.o(i.HAL_GetTick) for HAL_GetTick
    stm32g0xx_hal_dma.o(i.HAL_DMA_Start) refers to stm32g0xx_hal_dma.o(i.DMA_SetConfig) for DMA_SetConfig
    stm32g0xx_hal_dma.o(i.HAL_DMA_Start_IT) refers to stm32g0xx_hal_dma.o(i.DMA_SetConfig) for DMA_SetConfig
    stm32g0xx_hal_dma.o(i.HAL_DMA_UnRegisterCallback) refers to stm32g0xx_hal_dma.o(i.__ARM_common_switch8) for __ARM_common_switch8
    stm32g0xx_hal_pwr.o(i.HAL_PWR_EnterSLEEPMode) refers to stm32g0xx_hal_pwr_ex.o(i.HAL_PWREx_EnableLowPowerRunMode) for HAL_PWREx_EnableLowPowerRunMode
    stm32g0xx_hal_pwr.o(i.HAL_PWR_EnterSLEEPMode) refers to stm32g0xx_hal_pwr_ex.o(i.HAL_PWREx_DisableLowPowerRunMode) for HAL_PWREx_DisableLowPowerRunMode
    stm32g0xx_hal_pwr_ex.o(i.HAL_PWREx_ControlVoltageScaling) refers to uidiv.o(.text) for __aeabi_uidivmod
    stm32g0xx_hal_pwr_ex.o(i.HAL_PWREx_ControlVoltageScaling) refers to system_stm32g0xx.o(.data) for SystemCoreClock
    stm32g0xx_hal_pwr_ex.o(i.HAL_PWREx_DisableGPIOPullDown) refers to stm32g0xx_hal_dma.o(i.__ARM_common_switch8) for __ARM_common_switch8
    stm32g0xx_hal_pwr_ex.o(i.HAL_PWREx_DisableGPIOPullUp) refers to stm32g0xx_hal_dma.o(i.__ARM_common_switch8) for __ARM_common_switch8
    stm32g0xx_hal_pwr_ex.o(i.HAL_PWREx_DisableLowPowerRunMode) refers to uidiv.o(.text) for __aeabi_uidivmod
    stm32g0xx_hal_pwr_ex.o(i.HAL_PWREx_DisableLowPowerRunMode) refers to system_stm32g0xx.o(.data) for SystemCoreClock
    stm32g0xx_hal_pwr_ex.o(i.HAL_PWREx_EnableGPIOPullDown) refers to stm32g0xx_hal_dma.o(i.__ARM_common_switch8) for __ARM_common_switch8
    stm32g0xx_hal_pwr_ex.o(i.HAL_PWREx_EnableGPIOPullUp) refers to stm32g0xx_hal_dma.o(i.__ARM_common_switch8) for __ARM_common_switch8
    stm32g0xx_hal_pwr_ex.o(i.HAL_PWREx_PVD_IRQHandler) refers to stm32g0xx_hal_pwr_ex.o(i.HAL_PWREx_PVD_Rising_Callback) for HAL_PWREx_PVD_Rising_Callback
    stm32g0xx_hal_pwr_ex.o(i.HAL_PWREx_PVD_IRQHandler) refers to stm32g0xx_hal_pwr_ex.o(i.HAL_PWREx_PVD_Falling_Callback) for HAL_PWREx_PVD_Falling_Callback
    stm32g0xx_hal_cortex.o(i.HAL_NVIC_SetPriority) refers to stm32g0xx_hal_cortex.o(i.__NVIC_SetPriority) for __NVIC_SetPriority
    stm32g0xx_hal_cortex.o(i.HAL_SYSTICK_Config) refers to stm32g0xx_hal_cortex.o(i.__NVIC_SetPriority) for __NVIC_SetPriority
    stm32g0xx_hal_cortex.o(i.HAL_SYSTICK_IRQHandler) refers to stm32g0xx_hal_cortex.o(i.HAL_SYSTICK_Callback) for HAL_SYSTICK_Callback
    stm32g0xx_hal.o(i.HAL_DeInit) refers to stm32g0xx_hal.o(i.HAL_MspDeInit) for HAL_MspDeInit
    stm32g0xx_hal.o(i.HAL_Delay) refers to stm32g0xx_hal.o(i.HAL_GetTick) for HAL_GetTick
    stm32g0xx_hal.o(i.HAL_Delay) refers to stm32g0xx_hal.o(.data) for .data
    stm32g0xx_hal.o(i.HAL_GetTick) refers to stm32g0xx_hal.o(.data) for .data
    stm32g0xx_hal.o(i.HAL_GetTickFreq) refers to stm32g0xx_hal.o(.data) for .data
    stm32g0xx_hal.o(i.HAL_GetTickPrio) refers to stm32g0xx_hal.o(.data) for .data
    stm32g0xx_hal.o(i.HAL_IncTick) refers to stm32g0xx_hal.o(.data) for .data
    stm32g0xx_hal.o(i.HAL_Init) refers to stm32g0xx_hal.o(i.HAL_InitTick) for HAL_InitTick
    stm32g0xx_hal.o(i.HAL_Init) refers to stm32g0xx_hal_msp.o(i.HAL_MspInit) for HAL_MspInit
    stm32g0xx_hal.o(i.HAL_InitTick) refers to uidiv.o(.text) for __aeabi_uidivmod
    stm32g0xx_hal.o(i.HAL_InitTick) refers to stm32g0xx_hal_cortex.o(i.HAL_SYSTICK_Config) for HAL_SYSTICK_Config
    stm32g0xx_hal.o(i.HAL_InitTick) refers to stm32g0xx_hal_cortex.o(i.HAL_NVIC_SetPriority) for HAL_NVIC_SetPriority
    stm32g0xx_hal.o(i.HAL_InitTick) refers to stm32g0xx_hal.o(.data) for .data
    stm32g0xx_hal.o(i.HAL_InitTick) refers to system_stm32g0xx.o(.data) for SystemCoreClock
    stm32g0xx_hal.o(i.HAL_SYSCFG_EnableVREFBUF) refers to stm32g0xx_hal.o(i.HAL_GetTick) for HAL_GetTick
    stm32g0xx_hal.o(i.HAL_SetTickFreq) refers to stm32g0xx_hal.o(i.HAL_InitTick) for HAL_InitTick
    stm32g0xx_hal.o(i.HAL_SetTickFreq) refers to stm32g0xx_hal.o(.data) for .data
    stm32g0xx_hal_i2s.o(i.HAL_I2S_DMAStop) refers to stm32g0xx_hal_dma.o(i.HAL_DMA_Abort) for HAL_DMA_Abort
    stm32g0xx_hal_i2s.o(i.HAL_I2S_DMAStop) refers to stm32g0xx_hal_i2s.o(i.I2S_WaitFlagStateUntilTimeout) for I2S_WaitFlagStateUntilTimeout
    stm32g0xx_hal_i2s.o(i.HAL_I2S_DeInit) refers to stm32g0xx_hal_msp.o(i.HAL_I2S_MspDeInit) for HAL_I2S_MspDeInit
    stm32g0xx_hal_i2s.o(i.HAL_I2S_IRQHandler) refers to stm32g0xx_hal_i2s.o(i.HAL_I2S_RxCpltCallback) for HAL_I2S_RxCpltCallback
    stm32g0xx_hal_i2s.o(i.HAL_I2S_IRQHandler) refers to main.o(i.HAL_I2S_TxCpltCallback) for HAL_I2S_TxCpltCallback
    stm32g0xx_hal_i2s.o(i.HAL_I2S_IRQHandler) refers to stm32g0xx_hal_i2s.o(i.HAL_I2S_ErrorCallback) for HAL_I2S_ErrorCallback
    stm32g0xx_hal_i2s.o(i.HAL_I2S_Init) refers to stm32g0xx_hal_msp.o(i.HAL_I2S_MspInit) for HAL_I2S_MspInit
    stm32g0xx_hal_i2s.o(i.HAL_I2S_Init) refers to stm32g0xx_hal_rcc_ex.o(i.HAL_RCCEx_GetPeriphCLKFreq) for HAL_RCCEx_GetPeriphCLKFreq
    stm32g0xx_hal_i2s.o(i.HAL_I2S_Init) refers to uidiv.o(.text) for __aeabi_uidivmod
    stm32g0xx_hal_i2s.o(i.HAL_I2S_Receive) refers to stm32g0xx_hal_i2s.o(i.I2S_WaitFlagStateUntilTimeout) for I2S_WaitFlagStateUntilTimeout
    stm32g0xx_hal_i2s.o(i.HAL_I2S_Receive_DMA) refers to stm32g0xx_hal_dma.o(i.HAL_DMA_Start_IT) for HAL_DMA_Start_IT
    stm32g0xx_hal_i2s.o(i.HAL_I2S_Receive_DMA) refers to stm32g0xx_hal_i2s.o(i.I2S_DMARxHalfCplt) for I2S_DMARxHalfCplt
    stm32g0xx_hal_i2s.o(i.HAL_I2S_Receive_DMA) refers to stm32g0xx_hal_i2s.o(i.I2S_DMARxCplt) for I2S_DMARxCplt
    stm32g0xx_hal_i2s.o(i.HAL_I2S_Receive_DMA) refers to stm32g0xx_hal_i2s.o(i.I2S_DMAError) for I2S_DMAError
    stm32g0xx_hal_i2s.o(i.HAL_I2S_Transmit) refers to stm32g0xx_hal_i2s.o(i.I2S_WaitFlagStateUntilTimeout) for I2S_WaitFlagStateUntilTimeout
    stm32g0xx_hal_i2s.o(i.HAL_I2S_Transmit_DMA) refers to stm32g0xx_hal_dma.o(i.HAL_DMA_Start_IT) for HAL_DMA_Start_IT
    stm32g0xx_hal_i2s.o(i.HAL_I2S_Transmit_DMA) refers to stm32g0xx_hal_i2s.o(i.I2S_DMATxHalfCplt) for I2S_DMATxHalfCplt
    stm32g0xx_hal_i2s.o(i.HAL_I2S_Transmit_DMA) refers to stm32g0xx_hal_i2s.o(i.I2S_DMATxCplt) for I2S_DMATxCplt
    stm32g0xx_hal_i2s.o(i.HAL_I2S_Transmit_DMA) refers to stm32g0xx_hal_i2s.o(i.I2S_DMAError) for I2S_DMAError
    stm32g0xx_hal_i2s.o(i.I2S_DMAError) refers to stm32g0xx_hal_i2s.o(i.HAL_I2S_ErrorCallback) for HAL_I2S_ErrorCallback
    stm32g0xx_hal_i2s.o(i.I2S_DMARxCplt) refers to stm32g0xx_hal_i2s.o(i.HAL_I2S_RxCpltCallback) for HAL_I2S_RxCpltCallback
    stm32g0xx_hal_i2s.o(i.I2S_DMARxHalfCplt) refers to stm32g0xx_hal_i2s.o(i.HAL_I2S_RxHalfCpltCallback) for HAL_I2S_RxHalfCpltCallback
    stm32g0xx_hal_i2s.o(i.I2S_DMATxCplt) refers to main.o(i.HAL_I2S_TxCpltCallback) for HAL_I2S_TxCpltCallback
    stm32g0xx_hal_i2s.o(i.I2S_DMATxHalfCplt) refers to stm32g0xx_hal_i2s.o(i.HAL_I2S_TxHalfCpltCallback) for HAL_I2S_TxHalfCpltCallback
    stm32g0xx_hal_i2s.o(i.I2S_WaitFlagStateUntilTimeout) refers to stm32g0xx_hal.o(i.HAL_GetTick) for HAL_GetTick
    system_stm32g0xx.o(i.SystemCoreClockUpdate) refers to uidiv.o(.text) for __aeabi_uidivmod
    system_stm32g0xx.o(i.SystemCoreClockUpdate) refers to system_stm32g0xx.o(.data) for .data
    system_stm32g0xx.o(i.SystemCoreClockUpdate) refers to system_stm32g0xx.o(.constdata) for .constdata
    entry.o(.ARM.Collect$$$$00000000) refers (Special) to entry10a.o(.ARM.Collect$$$$0000000F) for __rt_final_cpp
    entry.o(.ARM.Collect$$$$00000000) refers (Special) to entry11a.o(.ARM.Collect$$$$00000011) for __rt_final_exit
    entry.o(.ARM.Collect$$$$00000000) refers (Special) to entry12b.o(.ARM.Collect$$$$0000000E) for __rt_lib_shutdown_fini
    entry.o(.ARM.Collect$$$$00000000) refers (Special) to entry7b.o(.ARM.Collect$$$$00000008) for _main_clock
    entry.o(.ARM.Collect$$$$00000000) refers (Special) to entry8b.o(.ARM.Collect$$$$0000000A) for _main_cpp_init
    entry.o(.ARM.Collect$$$$00000000) refers (Special) to entry9a.o(.ARM.Collect$$$$0000000B) for _main_init
    entry.o(.ARM.Collect$$$$00000000) refers (Special) to entry5.o(.ARM.Collect$$$$00000004) for _main_scatterload
    entry.o(.ARM.Collect$$$$00000000) refers (Special) to entry2.o(.ARM.Collect$$$$00000001) for _main_stk
    entry2.o(.ARM.Collect$$$$00000001) refers to entry2.o(.ARM.Collect$$$$00002712) for __lit__00000000
    entry2.o(.ARM.Collect$$$$00002712) refers to startup_stm32g071xx.o(STACK) for __initial_sp
    entry2.o(__vectab_stack_and_reset_area) refers to startup_stm32g071xx.o(STACK) for __initial_sp
    entry2.o(__vectab_stack_and_reset_area) refers to entry.o(.ARM.Collect$$$$00000000) for __main
    entry5.o(.ARM.Collect$$$$00000004) refers to init.o(.text) for __scatterload
    entry9a.o(.ARM.Collect$$$$0000000B) refers to main.o(i.main) for main
    entry9b.o(.ARM.Collect$$$$0000000C) refers to main.o(i.main) for main
    init.o(.text) refers to entry5.o(.ARM.Collect$$$$00000004) for __main_after_scatterload


==============================================================================

Removing Unused input sections from the image.

    Removing startup_stm32g071xx.o(HEAP), (512 bytes).
    Removing main.o(.rev16_text), (4 bytes).
    Removing main.o(.revsh_text), (4 bytes).
    Removing stm32g0xx_it.o(.rev16_text), (4 bytes).
    Removing stm32g0xx_it.o(.revsh_text), (4 bytes).
    Removing stm32g0xx_hal_msp.o(.rev16_text), (4 bytes).
    Removing stm32g0xx_hal_msp.o(.revsh_text), (4 bytes).
    Removing stm32g0xx_hal_msp.o(i.HAL_I2C_MspDeInit), (56 bytes).
    Removing stm32g0xx_hal_msp.o(i.HAL_I2S_MspDeInit), (48 bytes).
    Removing stm32g0xx_hal_i2c.o(.rev16_text), (4 bytes).
    Removing stm32g0xx_hal_i2c.o(.revsh_text), (4 bytes).
    Removing stm32g0xx_hal_i2c.o(i.HAL_I2C_AbortCpltCallback), (2 bytes).
    Removing stm32g0xx_hal_i2c.o(i.HAL_I2C_AddrCallback), (2 bytes).
    Removing stm32g0xx_hal_i2c.o(i.HAL_I2C_DeInit), (52 bytes).
    Removing stm32g0xx_hal_i2c.o(i.HAL_I2C_DisableListen_IT), (50 bytes).
    Removing stm32g0xx_hal_i2c.o(i.HAL_I2C_ER_IRQHandler), (94 bytes).
    Removing stm32g0xx_hal_i2c.o(i.HAL_I2C_EV_IRQHandler), (16 bytes).
    Removing stm32g0xx_hal_i2c.o(i.HAL_I2C_EnableListen_IT), (40 bytes).
    Removing stm32g0xx_hal_i2c.o(i.HAL_I2C_ErrorCallback), (2 bytes).
    Removing stm32g0xx_hal_i2c.o(i.HAL_I2C_GetError), (4 bytes).
    Removing stm32g0xx_hal_i2c.o(i.HAL_I2C_GetMode), (6 bytes).
    Removing stm32g0xx_hal_i2c.o(i.HAL_I2C_GetState), (6 bytes).
    Removing stm32g0xx_hal_i2c.o(i.HAL_I2C_IsDeviceReady), (288 bytes).
    Removing stm32g0xx_hal_i2c.o(i.HAL_I2C_ListenCpltCallback), (2 bytes).
    Removing stm32g0xx_hal_i2c.o(i.HAL_I2C_MasterRxCpltCallback), (2 bytes).
    Removing stm32g0xx_hal_i2c.o(i.HAL_I2C_MasterTxCpltCallback), (2 bytes).
    Removing stm32g0xx_hal_i2c.o(i.HAL_I2C_Master_Abort_IT), (112 bytes).
    Removing stm32g0xx_hal_i2c.o(i.HAL_I2C_Master_Receive), (272 bytes).
    Removing stm32g0xx_hal_i2c.o(i.HAL_I2C_Master_Receive_DMA), (280 bytes).
    Removing stm32g0xx_hal_i2c.o(i.HAL_I2C_Master_Receive_IT), (128 bytes).
    Removing stm32g0xx_hal_i2c.o(i.HAL_I2C_Master_Seq_Receive_DMA), (316 bytes).
    Removing stm32g0xx_hal_i2c.o(i.HAL_I2C_Master_Seq_Receive_IT), (156 bytes).
    Removing stm32g0xx_hal_i2c.o(i.HAL_I2C_Master_Seq_Transmit_DMA), (312 bytes).
    Removing stm32g0xx_hal_i2c.o(i.HAL_I2C_Master_Seq_Transmit_IT), (156 bytes).
    Removing stm32g0xx_hal_i2c.o(i.HAL_I2C_Master_Transmit_DMA), (284 bytes).
    Removing stm32g0xx_hal_i2c.o(i.HAL_I2C_Master_Transmit_IT), (128 bytes).
    Removing stm32g0xx_hal_i2c.o(i.HAL_I2C_MemRxCpltCallback), (2 bytes).
    Removing stm32g0xx_hal_i2c.o(i.HAL_I2C_MemTxCpltCallback), (2 bytes).
    Removing stm32g0xx_hal_i2c.o(i.HAL_I2C_Mem_Read), (340 bytes).
    Removing stm32g0xx_hal_i2c.o(i.HAL_I2C_Mem_Read_DMA), (288 bytes).
    Removing stm32g0xx_hal_i2c.o(i.HAL_I2C_Mem_Read_IT), (188 bytes).
    Removing stm32g0xx_hal_i2c.o(i.HAL_I2C_Mem_Write), (332 bytes).
    Removing stm32g0xx_hal_i2c.o(i.HAL_I2C_Mem_Write_DMA), (280 bytes).
    Removing stm32g0xx_hal_i2c.o(i.HAL_I2C_Mem_Write_IT), (180 bytes).
    Removing stm32g0xx_hal_i2c.o(i.HAL_I2C_MspDeInit), (2 bytes).
    Removing stm32g0xx_hal_i2c.o(i.HAL_I2C_MspInit), (2 bytes).
    Removing stm32g0xx_hal_i2c.o(i.HAL_I2C_SlaveRxCpltCallback), (2 bytes).
    Removing stm32g0xx_hal_i2c.o(i.HAL_I2C_SlaveTxCpltCallback), (2 bytes).
    Removing stm32g0xx_hal_i2c.o(i.HAL_I2C_Slave_Receive), (276 bytes).
    Removing stm32g0xx_hal_i2c.o(i.HAL_I2C_Slave_Receive_DMA), (200 bytes).
    Removing stm32g0xx_hal_i2c.o(i.HAL_I2C_Slave_Receive_IT), (88 bytes).
    Removing stm32g0xx_hal_i2c.o(i.HAL_I2C_Slave_Seq_Receive_DMA), (364 bytes).
    Removing stm32g0xx_hal_i2c.o(i.HAL_I2C_Slave_Seq_Receive_IT), (204 bytes).
    Removing stm32g0xx_hal_i2c.o(i.HAL_I2C_Slave_Seq_Transmit_DMA), (368 bytes).
    Removing stm32g0xx_hal_i2c.o(i.HAL_I2C_Slave_Seq_Transmit_IT), (208 bytes).
    Removing stm32g0xx_hal_i2c.o(i.HAL_I2C_Slave_Transmit), (294 bytes).
    Removing stm32g0xx_hal_i2c.o(i.HAL_I2C_Slave_Transmit_DMA), (196 bytes).
    Removing stm32g0xx_hal_i2c.o(i.HAL_I2C_Slave_Transmit_IT), (88 bytes).
    Removing stm32g0xx_hal_i2c.o(i.I2C_ConvertOtherXferOptions), (28 bytes).
    Removing stm32g0xx_hal_i2c.o(i.I2C_DMAAbort), (28 bytes).
    Removing stm32g0xx_hal_i2c.o(i.I2C_DMAError), (24 bytes).
    Removing stm32g0xx_hal_i2c.o(i.I2C_DMAMasterReceiveCplt), (84 bytes).
    Removing stm32g0xx_hal_i2c.o(i.I2C_DMAMasterTransmitCplt), (84 bytes).
    Removing stm32g0xx_hal_i2c.o(i.I2C_DMASlaveReceiveCplt), (42 bytes).
    Removing stm32g0xx_hal_i2c.o(i.I2C_DMASlaveTransmitCplt), (36 bytes).
    Removing stm32g0xx_hal_i2c.o(i.I2C_Disable_IRQ), (82 bytes).
    Removing stm32g0xx_hal_i2c.o(i.I2C_Enable_IRQ), (92 bytes).
    Removing stm32g0xx_hal_i2c.o(i.I2C_ITAddrCplt), (124 bytes).
    Removing stm32g0xx_hal_i2c.o(i.I2C_ITError), (236 bytes).
    Removing stm32g0xx_hal_i2c.o(i.I2C_ITListenCplt), (104 bytes).
    Removing stm32g0xx_hal_i2c.o(i.I2C_ITMasterCplt), (216 bytes).
    Removing stm32g0xx_hal_i2c.o(i.I2C_ITMasterSeqCplt), (70 bytes).
    Removing stm32g0xx_hal_i2c.o(i.I2C_ITSlaveCplt), (316 bytes).
    Removing stm32g0xx_hal_i2c.o(i.I2C_ITSlaveSeqCplt), (106 bytes).
    Removing stm32g0xx_hal_i2c.o(i.I2C_Master_ISR_DMA), (268 bytes).
    Removing stm32g0xx_hal_i2c.o(i.I2C_Master_ISR_IT), (304 bytes).
    Removing stm32g0xx_hal_i2c.o(i.I2C_RequestMemoryRead), (96 bytes).
    Removing stm32g0xx_hal_i2c.o(i.I2C_RequestMemoryWrite), (96 bytes).
    Removing stm32g0xx_hal_i2c.o(i.I2C_Slave_ISR_DMA), (274 bytes).
    Removing stm32g0xx_hal_i2c.o(i.I2C_Slave_ISR_IT), (304 bytes).
    Removing stm32g0xx_hal_i2c.o(i.I2C_TreatErrorCallback), (38 bytes).
    Removing stm32g0xx_hal_i2c.o(i.I2C_WaitOnRXNEFlagUntilTimeout), (128 bytes).
    Removing stm32g0xx_hal_i2c_ex.o(.rev16_text), (4 bytes).
    Removing stm32g0xx_hal_i2c_ex.o(.revsh_text), (4 bytes).
    Removing stm32g0xx_hal_i2c_ex.o(i.HAL_I2CEx_DisableFastModePlus), (36 bytes).
    Removing stm32g0xx_hal_i2c_ex.o(i.HAL_I2CEx_DisableWakeUp), (66 bytes).
    Removing stm32g0xx_hal_i2c_ex.o(i.HAL_I2CEx_EnableFastModePlus), (36 bytes).
    Removing stm32g0xx_hal_i2c_ex.o(i.HAL_I2CEx_EnableWakeUp), (66 bytes).
    Removing stm32g0xx_hal_rcc.o(.rev16_text), (4 bytes).
    Removing stm32g0xx_hal_rcc.o(.revsh_text), (4 bytes).
    Removing stm32g0xx_hal_rcc.o(i.HAL_RCC_CSSCallback), (2 bytes).
    Removing stm32g0xx_hal_rcc.o(i.HAL_RCC_DeInit), (164 bytes).
    Removing stm32g0xx_hal_rcc.o(i.HAL_RCC_DisableLSECSS), (16 bytes).
    Removing stm32g0xx_hal_rcc.o(i.HAL_RCC_EnableCSS), (20 bytes).
    Removing stm32g0xx_hal_rcc.o(i.HAL_RCC_EnableLSECSS), (16 bytes).
    Removing stm32g0xx_hal_rcc.o(i.HAL_RCC_GetClockConfig), (56 bytes).
    Removing stm32g0xx_hal_rcc.o(i.HAL_RCC_GetHCLKFreq), (12 bytes).
    Removing stm32g0xx_hal_rcc.o(i.HAL_RCC_GetOscConfig), (188 bytes).
    Removing stm32g0xx_hal_rcc.o(i.HAL_RCC_LSECSSCallback), (2 bytes).
    Removing stm32g0xx_hal_rcc.o(i.HAL_RCC_MCOConfig), (80 bytes).
    Removing stm32g0xx_hal_rcc.o(i.HAL_RCC_NMI_IRQHandler), (36 bytes).
    Removing stm32g0xx_hal_rcc_ex.o(.rev16_text), (4 bytes).
    Removing stm32g0xx_hal_rcc_ex.o(.revsh_text), (4 bytes).
    Removing stm32g0xx_hal_rcc_ex.o(i.HAL_RCCEx_DisableLSCO), (92 bytes).
    Removing stm32g0xx_hal_rcc_ex.o(i.HAL_RCCEx_EnableLSCO), (140 bytes).
    Removing stm32g0xx_hal_rcc_ex.o(i.HAL_RCCEx_GetPeriphCLKConfig), (120 bytes).
    Removing stm32g0xx_hal_rcc_ex.o(i.HAL_RCCEx_PeriphCLKConfig), (480 bytes).
    Removing stm32g0xx_hal_flash.o(.rev16_text), (4 bytes).
    Removing stm32g0xx_hal_flash.o(.revsh_text), (4 bytes).
    Removing stm32g0xx_hal_flash.o(i.FLASH_Program_DoubleWord), (28 bytes).
    Removing stm32g0xx_hal_flash.o(i.FLASH_Program_Fast), (52 bytes).
    Removing stm32g0xx_hal_flash.o(i.FLASH_WaitForLastOperation), (100 bytes).
    Removing stm32g0xx_hal_flash.o(i.HAL_FLASH_EndOfOperationCallback), (2 bytes).
    Removing stm32g0xx_hal_flash.o(i.HAL_FLASH_GetError), (12 bytes).
    Removing stm32g0xx_hal_flash.o(i.HAL_FLASH_IRQHandler), (144 bytes).
    Removing stm32g0xx_hal_flash.o(i.HAL_FLASH_Lock), (28 bytes).
    Removing stm32g0xx_hal_flash.o(i.HAL_FLASH_OB_Launch), (20 bytes).
    Removing stm32g0xx_hal_flash.o(i.HAL_FLASH_OB_Lock), (28 bytes).
    Removing stm32g0xx_hal_flash.o(i.HAL_FLASH_OB_Unlock), (40 bytes).
    Removing stm32g0xx_hal_flash.o(i.HAL_FLASH_OperationErrorCallback), (2 bytes).
    Removing stm32g0xx_hal_flash.o(i.HAL_FLASH_Program), (96 bytes).
    Removing stm32g0xx_hal_flash.o(i.HAL_FLASH_Program_IT), (104 bytes).
    Removing stm32g0xx_hal_flash.o(i.HAL_FLASH_Unlock), (40 bytes).
    Removing stm32g0xx_hal_flash.o(.bss), (28 bytes).
    Removing stm32g0xx_hal_flash_ex.o(.rev16_text), (4 bytes).
    Removing stm32g0xx_hal_flash_ex.o(.revsh_text), (4 bytes).
    Removing stm32g0xx_hal_flash_ex.o(i.FLASH_FlushCaches), (44 bytes).
    Removing stm32g0xx_hal_flash_ex.o(i.FLASH_MassErase), (20 bytes).
    Removing stm32g0xx_hal_flash_ex.o(i.FLASH_OB_GetRDP), (24 bytes).
    Removing stm32g0xx_hal_flash_ex.o(i.FLASH_OB_GetUser), (20 bytes).
    Removing stm32g0xx_hal_flash_ex.o(i.FLASH_OB_OptrConfig), (24 bytes).
    Removing stm32g0xx_hal_flash_ex.o(i.FLASH_PageErase), (32 bytes).
    Removing stm32g0xx_hal_flash_ex.o(i.HAL_FLASHEx_DisableDebugger), (20 bytes).
    Removing stm32g0xx_hal_flash_ex.o(i.HAL_FLASHEx_EnableDebugger), (20 bytes).
    Removing stm32g0xx_hal_flash_ex.o(i.HAL_FLASHEx_EnableSecMemProtection), (16 bytes).
    Removing stm32g0xx_hal_flash_ex.o(i.HAL_FLASHEx_Erase), (136 bytes).
    Removing stm32g0xx_hal_flash_ex.o(i.HAL_FLASHEx_Erase_IT), (108 bytes).
    Removing stm32g0xx_hal_flash_ex.o(i.HAL_FLASHEx_FlashEmptyCheck), (16 bytes).
    Removing stm32g0xx_hal_flash_ex.o(i.HAL_FLASHEx_ForceFlashEmpty), (20 bytes).
    Removing stm32g0xx_hal_flash_ex.o(i.HAL_FLASHEx_OBGetConfig), (160 bytes).
    Removing stm32g0xx_hal_flash_ex.o(i.HAL_FLASHEx_OBProgram), (268 bytes).
    Removing stm32g0xx_hal_gpio.o(.rev16_text), (4 bytes).
    Removing stm32g0xx_hal_gpio.o(.revsh_text), (4 bytes).
    Removing stm32g0xx_hal_gpio.o(i.HAL_GPIO_DeInit), (212 bytes).
    Removing stm32g0xx_hal_gpio.o(i.HAL_GPIO_EXTI_Falling_Callback), (2 bytes).
    Removing stm32g0xx_hal_gpio.o(i.HAL_GPIO_EXTI_IRQHandler), (40 bytes).
    Removing stm32g0xx_hal_gpio.o(i.HAL_GPIO_EXTI_Rising_Callback), (2 bytes).
    Removing stm32g0xx_hal_gpio.o(i.HAL_GPIO_LockPin), (36 bytes).
    Removing stm32g0xx_hal_gpio.o(i.HAL_GPIO_ReadPin), (10 bytes).
    Removing stm32g0xx_hal_dma.o(.rev16_text), (4 bytes).
    Removing stm32g0xx_hal_dma.o(.revsh_text), (4 bytes).
    Removing stm32g0xx_hal_dma.o(i.HAL_DMA_Abort), (116 bytes).
    Removing stm32g0xx_hal_dma.o(i.HAL_DMA_Abort_IT), (124 bytes).
    Removing stm32g0xx_hal_dma.o(i.HAL_DMA_DeInit), (132 bytes).
    Removing stm32g0xx_hal_dma.o(i.HAL_DMA_GetError), (4 bytes).
    Removing stm32g0xx_hal_dma.o(i.HAL_DMA_GetState), (6 bytes).
    Removing stm32g0xx_hal_dma.o(i.HAL_DMA_PollForTransfer), (272 bytes).
    Removing stm32g0xx_hal_dma.o(i.HAL_DMA_RegisterCallback), (72 bytes).
    Removing stm32g0xx_hal_dma.o(i.HAL_DMA_Start), (78 bytes).
    Removing stm32g0xx_hal_dma.o(i.HAL_DMA_UnRegisterCallback), (78 bytes).
    Removing stm32g0xx_hal_dma_ex.o(.rev16_text), (4 bytes).
    Removing stm32g0xx_hal_dma_ex.o(.revsh_text), (4 bytes).
    Removing stm32g0xx_hal_dma_ex.o(i.HAL_DMAEx_ConfigMuxRequestGenerator), (74 bytes).
    Removing stm32g0xx_hal_dma_ex.o(i.HAL_DMAEx_ConfigMuxSync), (80 bytes).
    Removing stm32g0xx_hal_dma_ex.o(i.HAL_DMAEx_DisableMuxRequestGenerator), (32 bytes).
    Removing stm32g0xx_hal_dma_ex.o(i.HAL_DMAEx_EnableMuxRequestGenerator), (32 bytes).
    Removing stm32g0xx_hal_dma_ex.o(i.HAL_DMAEx_MUX_IRQHandler), (104 bytes).
    Removing stm32g0xx_hal_pwr.o(.rev16_text), (4 bytes).
    Removing stm32g0xx_hal_pwr.o(.revsh_text), (4 bytes).
    Removing stm32g0xx_hal_pwr.o(i.HAL_PWR_DeInit), (24 bytes).
    Removing stm32g0xx_hal_pwr.o(i.HAL_PWR_DisableBkUpAccess), (16 bytes).
    Removing stm32g0xx_hal_pwr.o(i.HAL_PWR_DisableSEVOnPend), (16 bytes).
    Removing stm32g0xx_hal_pwr.o(i.HAL_PWR_DisableSleepOnExit), (16 bytes).
    Removing stm32g0xx_hal_pwr.o(i.HAL_PWR_DisableWakeUpPin), (20 bytes).
    Removing stm32g0xx_hal_pwr.o(i.HAL_PWR_EnableBkUpAccess), (16 bytes).
    Removing stm32g0xx_hal_pwr.o(i.HAL_PWR_EnableSEVOnPend), (16 bytes).
    Removing stm32g0xx_hal_pwr.o(i.HAL_PWR_EnableSleepOnExit), (16 bytes).
    Removing stm32g0xx_hal_pwr.o(i.HAL_PWR_EnableWakeUpPin), (28 bytes).
    Removing stm32g0xx_hal_pwr.o(i.HAL_PWR_EnterSLEEPMode), (68 bytes).
    Removing stm32g0xx_hal_pwr.o(i.HAL_PWR_EnterSTANDBYMode), (36 bytes).
    Removing stm32g0xx_hal_pwr.o(i.HAL_PWR_EnterSTOPMode), (64 bytes).
    Removing stm32g0xx_hal_pwr_ex.o(.rev16_text), (4 bytes).
    Removing stm32g0xx_hal_pwr_ex.o(.revsh_text), (4 bytes).
    Removing stm32g0xx_hal_pwr_ex.o(i.HAL_PWREx_ConfigPVD), (112 bytes).
    Removing stm32g0xx_hal_pwr_ex.o(i.HAL_PWREx_ControlVoltageScaling), (76 bytes).
    Removing stm32g0xx_hal_pwr_ex.o(i.HAL_PWREx_DisableBatteryCharging), (16 bytes).
    Removing stm32g0xx_hal_pwr_ex.o(i.HAL_PWREx_DisableFlashPowerDown), (16 bytes).
    Removing stm32g0xx_hal_pwr_ex.o(i.HAL_PWREx_DisableGPIOPullDown), (80 bytes).
    Removing stm32g0xx_hal_pwr_ex.o(i.HAL_PWREx_DisableGPIOPullUp), (80 bytes).
    Removing stm32g0xx_hal_pwr_ex.o(i.HAL_PWREx_DisableInternalWakeUpLine), (16 bytes).
    Removing stm32g0xx_hal_pwr_ex.o(i.HAL_PWREx_DisableLowPowerRunMode), (64 bytes).
    Removing stm32g0xx_hal_pwr_ex.o(i.HAL_PWREx_DisablePORMonitorSampling), (16 bytes).
    Removing stm32g0xx_hal_pwr_ex.o(i.HAL_PWREx_DisablePVD), (16 bytes).
    Removing stm32g0xx_hal_pwr_ex.o(i.HAL_PWREx_DisablePullUpPullDownConfig), (16 bytes).
    Removing stm32g0xx_hal_pwr_ex.o(i.HAL_PWREx_DisableSRAMRetention), (16 bytes).
    Removing stm32g0xx_hal_pwr_ex.o(i.HAL_PWREx_EnableBatteryCharging), (24 bytes).
    Removing stm32g0xx_hal_pwr_ex.o(i.HAL_PWREx_EnableFlashPowerDown), (16 bytes).
    Removing stm32g0xx_hal_pwr_ex.o(i.HAL_PWREx_EnableGPIOPullDown), (116 bytes).
    Removing stm32g0xx_hal_pwr_ex.o(i.HAL_PWREx_EnableGPIOPullUp), (116 bytes).
    Removing stm32g0xx_hal_pwr_ex.o(i.HAL_PWREx_EnableInternalWakeUpLine), (16 bytes).
    Removing stm32g0xx_hal_pwr_ex.o(i.HAL_PWREx_EnableLowPowerRunMode), (16 bytes).
    Removing stm32g0xx_hal_pwr_ex.o(i.HAL_PWREx_EnablePORMonitorSampling), (16 bytes).
    Removing stm32g0xx_hal_pwr_ex.o(i.HAL_PWREx_EnablePVD), (16 bytes).
    Removing stm32g0xx_hal_pwr_ex.o(i.HAL_PWREx_EnablePullUpPullDownConfig), (16 bytes).
    Removing stm32g0xx_hal_pwr_ex.o(i.HAL_PWREx_EnableSRAMRetention), (16 bytes).
    Removing stm32g0xx_hal_pwr_ex.o(i.HAL_PWREx_EnterSHUTDOWNMode), (36 bytes).
    Removing stm32g0xx_hal_pwr_ex.o(i.HAL_PWREx_GetVoltageRange), (16 bytes).
    Removing stm32g0xx_hal_pwr_ex.o(i.HAL_PWREx_PVD_Falling_Callback), (2 bytes).
    Removing stm32g0xx_hal_pwr_ex.o(i.HAL_PWREx_PVD_IRQHandler), (40 bytes).
    Removing stm32g0xx_hal_pwr_ex.o(i.HAL_PWREx_PVD_Rising_Callback), (2 bytes).
    Removing stm32g0xx_hal_cortex.o(.rev16_text), (4 bytes).
    Removing stm32g0xx_hal_cortex.o(.revsh_text), (4 bytes).
    Removing stm32g0xx_hal_cortex.o(i.HAL_MPU_ConfigRegion), (84 bytes).
    Removing stm32g0xx_hal_cortex.o(i.HAL_MPU_Disable), (16 bytes).
    Removing stm32g0xx_hal_cortex.o(i.HAL_MPU_Enable), (24 bytes).
    Removing stm32g0xx_hal_cortex.o(i.HAL_NVIC_ClearPendingIRQ), (24 bytes).
    Removing stm32g0xx_hal_cortex.o(i.HAL_NVIC_DisableIRQ), (32 bytes).
    Removing stm32g0xx_hal_cortex.o(i.HAL_NVIC_GetPendingIRQ), (32 bytes).
    Removing stm32g0xx_hal_cortex.o(i.HAL_NVIC_GetPriority), (52 bytes).
    Removing stm32g0xx_hal_cortex.o(i.HAL_NVIC_SetPendingIRQ), (24 bytes).
    Removing stm32g0xx_hal_cortex.o(i.HAL_NVIC_SystemReset), (28 bytes).
    Removing stm32g0xx_hal_cortex.o(i.HAL_SYSTICK_CLKSourceConfig), (24 bytes).
    Removing stm32g0xx_hal_cortex.o(i.HAL_SYSTICK_Callback), (2 bytes).
    Removing stm32g0xx_hal_cortex.o(i.HAL_SYSTICK_IRQHandler), (8 bytes).
    Removing stm32g0xx_hal.o(.rev16_text), (4 bytes).
    Removing stm32g0xx_hal.o(.revsh_text), (4 bytes).
    Removing stm32g0xx_hal.o(i.HAL_DBGMCU_DisableDBGStandbyMode), (16 bytes).
    Removing stm32g0xx_hal.o(i.HAL_DBGMCU_DisableDBGStopMode), (16 bytes).
    Removing stm32g0xx_hal.o(i.HAL_DBGMCU_EnableDBGStandbyMode), (16 bytes).
    Removing stm32g0xx_hal.o(i.HAL_DBGMCU_EnableDBGStopMode), (16 bytes).
    Removing stm32g0xx_hal.o(i.HAL_DeInit), (40 bytes).
    Removing stm32g0xx_hal.o(i.HAL_GetDEVID), (16 bytes).
    Removing stm32g0xx_hal.o(i.HAL_GetHalVersion), (8 bytes).
    Removing stm32g0xx_hal.o(i.HAL_GetREVID), (12 bytes).
    Removing stm32g0xx_hal.o(i.HAL_GetTickFreq), (12 bytes).
    Removing stm32g0xx_hal.o(i.HAL_GetTickPrio), (12 bytes).
    Removing stm32g0xx_hal.o(i.HAL_GetUIDw0), (12 bytes).
    Removing stm32g0xx_hal.o(i.HAL_GetUIDw1), (12 bytes).
    Removing stm32g0xx_hal.o(i.HAL_GetUIDw2), (12 bytes).
    Removing stm32g0xx_hal.o(i.HAL_MspDeInit), (2 bytes).
    Removing stm32g0xx_hal.o(i.HAL_MspInit), (2 bytes).
    Removing stm32g0xx_hal.o(i.HAL_ResumeTick), (16 bytes).
    Removing stm32g0xx_hal.o(i.HAL_SYSCFG_DisableIOAnalogSwitchBooster), (16 bytes).
    Removing stm32g0xx_hal.o(i.HAL_SYSCFG_DisableRemap), (16 bytes).
    Removing stm32g0xx_hal.o(i.HAL_SYSCFG_DisableVREFBUF), (16 bytes).
    Removing stm32g0xx_hal.o(i.HAL_SYSCFG_EnableIOAnalogSwitchBooster), (16 bytes).
    Removing stm32g0xx_hal.o(i.HAL_SYSCFG_EnableRemap), (16 bytes).
    Removing stm32g0xx_hal.o(i.HAL_SYSCFG_EnableVREFBUF), (48 bytes).
    Removing stm32g0xx_hal.o(i.HAL_SYSCFG_VREFBUF_HighImpedanceConfig), (20 bytes).
    Removing stm32g0xx_hal.o(i.HAL_SYSCFG_VREFBUF_TrimmingConfig), (20 bytes).
    Removing stm32g0xx_hal.o(i.HAL_SYSCFG_VREFBUF_VoltageScalingConfig), (20 bytes).
    Removing stm32g0xx_hal.o(i.HAL_SetTickFreq), (36 bytes).
    Removing stm32g0xx_hal.o(i.HAL_SuspendTick), (16 bytes).
    Removing stm32g0xx_hal_exti.o(.rev16_text), (4 bytes).
    Removing stm32g0xx_hal_exti.o(.revsh_text), (4 bytes).
    Removing stm32g0xx_hal_exti.o(i.HAL_EXTI_ClearConfigLine), (120 bytes).
    Removing stm32g0xx_hal_exti.o(i.HAL_EXTI_ClearPending), (40 bytes).
    Removing stm32g0xx_hal_exti.o(i.HAL_EXTI_GenerateSWI), (28 bytes).
    Removing stm32g0xx_hal_exti.o(i.HAL_EXTI_GetConfigLine), (168 bytes).
    Removing stm32g0xx_hal_exti.o(i.HAL_EXTI_GetHandle), (14 bytes).
    Removing stm32g0xx_hal_exti.o(i.HAL_EXTI_GetPending), (44 bytes).
    Removing stm32g0xx_hal_exti.o(i.HAL_EXTI_IRQHandler), (68 bytes).
    Removing stm32g0xx_hal_exti.o(i.HAL_EXTI_RegisterCallback), (30 bytes).
    Removing stm32g0xx_hal_exti.o(i.HAL_EXTI_SetConfigLine), (172 bytes).
    Removing stm32g0xx_hal_i2s.o(.rev16_text), (4 bytes).
    Removing stm32g0xx_hal_i2s.o(.revsh_text), (4 bytes).
    Removing stm32g0xx_hal_i2s.o(i.HAL_I2S_DMAPause), (58 bytes).
    Removing stm32g0xx_hal_i2s.o(i.HAL_I2S_DMAResume), (78 bytes).
    Removing stm32g0xx_hal_i2s.o(i.HAL_I2S_DMAStop), (228 bytes).
    Removing stm32g0xx_hal_i2s.o(i.HAL_I2S_DeInit), (50 bytes).
    Removing stm32g0xx_hal_i2s.o(i.HAL_I2S_GetError), (4 bytes).
    Removing stm32g0xx_hal_i2s.o(i.HAL_I2S_GetState), (6 bytes).
    Removing stm32g0xx_hal_i2s.o(i.HAL_I2S_IRQHandler), (180 bytes).
    Removing stm32g0xx_hal_i2s.o(i.HAL_I2S_MspDeInit), (2 bytes).
    Removing stm32g0xx_hal_i2s.o(i.HAL_I2S_MspInit), (2 bytes).
    Removing stm32g0xx_hal_i2s.o(i.HAL_I2S_Receive), (206 bytes).
    Removing stm32g0xx_hal_i2s.o(i.HAL_I2S_Receive_DMA), (200 bytes).
    Removing stm32g0xx_hal_i2s.o(i.HAL_I2S_Receive_IT), (110 bytes).
    Removing stm32g0xx_hal_i2s.o(i.HAL_I2S_RxCpltCallback), (2 bytes).
    Removing stm32g0xx_hal_i2s.o(i.HAL_I2S_RxHalfCpltCallback), (2 bytes).
    Removing stm32g0xx_hal_i2s.o(i.HAL_I2S_Transmit), (236 bytes).
    Removing stm32g0xx_hal_i2s.o(i.HAL_I2S_Transmit_IT), (110 bytes).
    Removing stm32g0xx_hal_i2s.o(i.HAL_I2S_TxCpltCallback), (2 bytes).
    Removing stm32g0xx_hal_i2s.o(i.I2S_DMARxCplt), (38 bytes).
    Removing stm32g0xx_hal_i2s.o(i.I2S_DMARxHalfCplt), (10 bytes).
    Removing stm32g0xx_hal_i2s.o(i.I2S_WaitFlagStateUntilTimeout), (76 bytes).
    Removing stm32g0xx_hal_tim.o(.rev16_text), (4 bytes).
    Removing stm32g0xx_hal_tim.o(.revsh_text), (4 bytes).
    Removing stm32g0xx_hal_tim_ex.o(.rev16_text), (4 bytes).
    Removing stm32g0xx_hal_tim_ex.o(.revsh_text), (4 bytes).
    Removing system_stm32g0xx.o(.rev16_text), (4 bytes).
    Removing system_stm32g0xx.o(.revsh_text), (4 bytes).
    Removing system_stm32g0xx.o(i.SystemCoreClockUpdate), (144 bytes).
    Removing stm32g0xx_hal_dma.o(i.__ARM_common_switch8), (26 bytes).

294 unused section(s) (total 19956 bytes) removed from the image.

==============================================================================

Image Symbol Table

    Local Symbols

    Symbol Name                              Value     Ov Type        Size  Object(Section)

    ../Drivers/STM32G0xx_HAL_Driver/Src/stm32g0xx_hal.c 0x00000000   Number         0  stm32g0xx_hal.o ABSOLUTE
    ../Drivers/STM32G0xx_HAL_Driver/Src/stm32g0xx_hal_cortex.c 0x00000000   Number         0  stm32g0xx_hal_cortex.o ABSOLUTE
    ../Drivers/STM32G0xx_HAL_Driver/Src/stm32g0xx_hal_dma.c 0x00000000   Number         0  stm32g0xx_hal_dma.o ABSOLUTE
    ../Drivers/STM32G0xx_HAL_Driver/Src/stm32g0xx_hal_dma_ex.c 0x00000000   Number         0  stm32g0xx_hal_dma_ex.o ABSOLUTE
    ../Drivers/STM32G0xx_HAL_Driver/Src/stm32g0xx_hal_exti.c 0x00000000   Number         0  stm32g0xx_hal_exti.o ABSOLUTE
    ../Drivers/STM32G0xx_HAL_Driver/Src/stm32g0xx_hal_flash.c 0x00000000   Number         0  stm32g0xx_hal_flash.o ABSOLUTE
    ../Drivers/STM32G0xx_HAL_Driver/Src/stm32g0xx_hal_flash_ex.c 0x00000000   Number         0  stm32g0xx_hal_flash_ex.o ABSOLUTE
    ../Drivers/STM32G0xx_HAL_Driver/Src/stm32g0xx_hal_gpio.c 0x00000000   Number         0  stm32g0xx_hal_gpio.o ABSOLUTE
    ../Drivers/STM32G0xx_HAL_Driver/Src/stm32g0xx_hal_i2c.c 0x00000000   Number         0  stm32g0xx_hal_i2c.o ABSOLUTE
    ../Drivers/STM32G0xx_HAL_Driver/Src/stm32g0xx_hal_i2c_ex.c 0x00000000   Number         0  stm32g0xx_hal_i2c_ex.o ABSOLUTE
    ../Drivers/STM32G0xx_HAL_Driver/Src/stm32g0xx_hal_i2s.c 0x00000000   Number         0  stm32g0xx_hal_i2s.o ABSOLUTE
    ../Drivers/STM32G0xx_HAL_Driver/Src/stm32g0xx_hal_pwr.c 0x00000000   Number         0  stm32g0xx_hal_pwr.o ABSOLUTE
    ../Drivers/STM32G0xx_HAL_Driver/Src/stm32g0xx_hal_pwr_ex.c 0x00000000   Number         0  stm32g0xx_hal_pwr_ex.o ABSOLUTE
    ../Drivers/STM32G0xx_HAL_Driver/Src/stm32g0xx_hal_rcc.c 0x00000000   Number         0  stm32g0xx_hal_rcc.o ABSOLUTE
    ../Drivers/STM32G0xx_HAL_Driver/Src/stm32g0xx_hal_rcc_ex.c 0x00000000   Number         0  stm32g0xx_hal_rcc_ex.o ABSOLUTE
    ../Drivers/STM32G0xx_HAL_Driver/Src/stm32g0xx_hal_tim.c 0x00000000   Number         0  stm32g0xx_hal_tim.o ABSOLUTE
    ../Drivers/STM32G0xx_HAL_Driver/Src/stm32g0xx_hal_tim_ex.c 0x00000000   Number         0  stm32g0xx_hal_tim_ex.o ABSOLUTE
    ../Drivers/STM32G0xx_HAL_Driver/Src/stm32g0xx_ll_dma.c 0x00000000   Number         0  stm32g0xx_ll_dma.o ABSOLUTE
    ../Drivers/STM32G0xx_HAL_Driver/Src/stm32g0xx_ll_rcc.c 0x00000000   Number         0  stm32g0xx_ll_rcc.o ABSOLUTE
    ../Src/main.c                            0x00000000   Number         0  main.o ABSOLUTE
    ../Src/stm32g0xx_hal_msp.c               0x00000000   Number         0  stm32g0xx_hal_msp.o ABSOLUTE
    ../Src/stm32g0xx_it.c                    0x00000000   Number         0  stm32g0xx_it.o ABSOLUTE
    ../Src/system_stm32g0xx.c                0x00000000   Number         0  system_stm32g0xx.o ABSOLUTE
    ../clib/microlib/division.c              0x00000000   Number         0  uidiv.o ABSOLUTE
    ../clib/microlib/init/entry.s            0x00000000   Number         0  entry9b.o ABSOLUTE
    ../clib/microlib/init/entry.s            0x00000000   Number         0  entry8b.o ABSOLUTE
    ../clib/microlib/init/entry.s            0x00000000   Number         0  entry8a.o ABSOLUTE
    ../clib/microlib/init/entry.s            0x00000000   Number         0  entry7a.o ABSOLUTE
    ../clib/microlib/init/entry.s            0x00000000   Number         0  entry5.o ABSOLUTE
    ../clib/microlib/init/entry.s            0x00000000   Number         0  entry2.o ABSOLUTE
    ../clib/microlib/init/entry.s            0x00000000   Number         0  entry9a.o ABSOLUTE
    ../clib/microlib/init/entry.s            0x00000000   Number         0  entry7b.o ABSOLUTE
    ../clib/microlib/init/entry.s            0x00000000   Number         0  entry12b.o ABSOLUTE
    ../clib/microlib/init/entry.s            0x00000000   Number         0  entry.o ABSOLUTE
    ../clib/microlib/init/entry.s            0x00000000   Number         0  entry10a.o ABSOLUTE
    ../clib/microlib/init/entry.s            0x00000000   Number         0  entry10b.o ABSOLUTE
    ../clib/microlib/init/entry.s            0x00000000   Number         0  entry11a.o ABSOLUTE
    ../clib/microlib/init/entry.s            0x00000000   Number         0  entry11b.o ABSOLUTE
    ../clib/microlib/init/entry.s            0x00000000   Number         0  entry12a.o ABSOLUTE
    ../clib/microlib/string/memset.c         0x00000000   Number         0  memseta.o ABSOLUTE
    ..\Drivers\STM32G0xx_HAL_Driver\Src\stm32g0xx_hal.c 0x00000000   Number         0  stm32g0xx_hal.o ABSOLUTE
    ..\Drivers\STM32G0xx_HAL_Driver\Src\stm32g0xx_hal_cortex.c 0x00000000   Number         0  stm32g0xx_hal_cortex.o ABSOLUTE
    ..\Drivers\STM32G0xx_HAL_Driver\Src\stm32g0xx_hal_dma.c 0x00000000   Number         0  stm32g0xx_hal_dma.o ABSOLUTE
    ..\Drivers\STM32G0xx_HAL_Driver\Src\stm32g0xx_hal_dma_ex.c 0x00000000   Number         0  stm32g0xx_hal_dma_ex.o ABSOLUTE
    ..\Drivers\STM32G0xx_HAL_Driver\Src\stm32g0xx_hal_exti.c 0x00000000   Number         0  stm32g0xx_hal_exti.o ABSOLUTE
    ..\Drivers\STM32G0xx_HAL_Driver\Src\stm32g0xx_hal_flash.c 0x00000000   Number         0  stm32g0xx_hal_flash.o ABSOLUTE
    ..\Drivers\STM32G0xx_HAL_Driver\Src\stm32g0xx_hal_flash_ex.c 0x00000000   Number         0  stm32g0xx_hal_flash_ex.o ABSOLUTE
    ..\Drivers\STM32G0xx_HAL_Driver\Src\stm32g0xx_hal_gpio.c 0x00000000   Number         0  stm32g0xx_hal_gpio.o ABSOLUTE
    ..\Drivers\STM32G0xx_HAL_Driver\Src\stm32g0xx_hal_i2c.c 0x00000000   Number         0  stm32g0xx_hal_i2c.o ABSOLUTE
    ..\Drivers\STM32G0xx_HAL_Driver\Src\stm32g0xx_hal_i2c_ex.c 0x00000000   Number         0  stm32g0xx_hal_i2c_ex.o ABSOLUTE
    ..\Drivers\STM32G0xx_HAL_Driver\Src\stm32g0xx_hal_i2s.c 0x00000000   Number         0  stm32g0xx_hal_i2s.o ABSOLUTE
    ..\Drivers\STM32G0xx_HAL_Driver\Src\stm32g0xx_hal_pwr.c 0x00000000   Number         0  stm32g0xx_hal_pwr.o ABSOLUTE
    ..\Drivers\STM32G0xx_HAL_Driver\Src\stm32g0xx_hal_pwr_ex.c 0x00000000   Number         0  stm32g0xx_hal_pwr_ex.o ABSOLUTE
    ..\Drivers\STM32G0xx_HAL_Driver\Src\stm32g0xx_hal_rcc.c 0x00000000   Number         0  stm32g0xx_hal_rcc.o ABSOLUTE
    ..\Drivers\STM32G0xx_HAL_Driver\Src\stm32g0xx_hal_rcc_ex.c 0x00000000   Number         0  stm32g0xx_hal_rcc_ex.o ABSOLUTE
    ..\Drivers\STM32G0xx_HAL_Driver\Src\stm32g0xx_hal_tim.c 0x00000000   Number         0  stm32g0xx_hal_tim.o ABSOLUTE
    ..\Drivers\STM32G0xx_HAL_Driver\Src\stm32g0xx_hal_tim_ex.c 0x00000000   Number         0  stm32g0xx_hal_tim_ex.o ABSOLUTE
    ..\Src\main.c                            0x00000000   Number         0  main.o ABSOLUTE
    ..\Src\stm32g0xx_hal_msp.c               0x00000000   Number         0  stm32g0xx_hal_msp.o ABSOLUTE
    ..\Src\stm32g0xx_it.c                    0x00000000   Number         0  stm32g0xx_it.o ABSOLUTE
    ..\Src\system_stm32g0xx.c                0x00000000   Number         0  system_stm32g0xx.o ABSOLUTE
    dc.s                                     0x00000000   Number         0  dc.o ABSOLUTE
    handlers.s                               0x00000000   Number         0  handlers.o ABSOLUTE
    init.s                                   0x00000000   Number         0  init.o ABSOLUTE
    startup_stm32g071xx.s                    0x00000000   Number         0  startup_stm32g071xx.o ABSOLUTE
    RESET                                    0x08000000   Section      188  startup_stm32g071xx.o(RESET)
    .ARM.Collect$$$$00000000                 0x080000bc   Section        0  entry.o(.ARM.Collect$$$$00000000)
    .ARM.Collect$$$$00000001                 0x080000bc   Section        4  entry2.o(.ARM.Collect$$$$00000001)
    .ARM.Collect$$$$00000004                 0x080000c0   Section        4  entry5.o(.ARM.Collect$$$$00000004)
    .ARM.Collect$$$$00000008                 0x080000c4   Section        0  entry7b.o(.ARM.Collect$$$$00000008)
    .ARM.Collect$$$$0000000A                 0x080000c4   Section        0  entry8b.o(.ARM.Collect$$$$0000000A)
    .ARM.Collect$$$$0000000B                 0x080000c4   Section        8  entry9a.o(.ARM.Collect$$$$0000000B)
    .ARM.Collect$$$$0000000E                 0x080000cc   Section        4  entry12b.o(.ARM.Collect$$$$0000000E)
    .ARM.Collect$$$$0000000F                 0x080000d0   Section        0  entry10a.o(.ARM.Collect$$$$0000000F)
    .ARM.Collect$$$$00000011                 0x080000d0   Section        0  entry11a.o(.ARM.Collect$$$$00000011)
    .ARM.Collect$$$$00002712                 0x080000d0   Section        4  entry2.o(.ARM.Collect$$$$00002712)
    __lit__00000000                          0x080000d0   Data           4  entry2.o(.ARM.Collect$$$$00002712)
    .text                                    0x080000d4   Section       28  startup_stm32g071xx.o(.text)
    .text                                    0x080000f0   Section        0  uidiv.o(.text)
    .text                                    0x0800011c   Section        0  memseta.o(.text)
    .text                                    0x08000140   Section       36  init.o(.text)
    i.AUDIO_Play                             0x08000164   Section        0  main.o(i.AUDIO_Play)
    i.AudioFlashPlay                         0x080001c0   Section        0  main.o(i.AudioFlashPlay)
    i.DMA1_Channel1_IRQHandler               0x080001cc   Section        0  stm32g0xx_it.o(i.DMA1_Channel1_IRQHandler)
    i.DMA_CalcDMAMUXChannelBaseAndMask       0x080001dc   Section        0  stm32g0xx_hal_dma.o(i.DMA_CalcDMAMUXChannelBaseAndMask)
    DMA_CalcDMAMUXChannelBaseAndMask         0x080001dd   Thumb Code    44  stm32g0xx_hal_dma.o(i.DMA_CalcDMAMUXChannelBaseAndMask)
    i.DMA_CalcDMAMUXRequestGenBaseAndMask    0x0800020c   Section        0  stm32g0xx_hal_dma.o(i.DMA_CalcDMAMUXRequestGenBaseAndMask)
    DMA_CalcDMAMUXRequestGenBaseAndMask      0x0800020d   Thumb Code    34  stm32g0xx_hal_dma.o(i.DMA_CalcDMAMUXRequestGenBaseAndMask)
    i.DMA_SetConfig                          0x08000234   Section        0  stm32g0xx_hal_dma.o(i.DMA_SetConfig)
    DMA_SetConfig                            0x08000235   Thumb Code    66  stm32g0xx_hal_dma.o(i.DMA_SetConfig)
    i.Error_Handler                          0x0800027c   Section        0  main.o(i.Error_Handler)
    i.HAL_DMA_IRQHandler                     0x08000280   Section        0  stm32g0xx_hal_dma.o(i.HAL_DMA_IRQHandler)
    i.HAL_DMA_Init                           0x08000338   Section        0  stm32g0xx_hal_dma.o(i.HAL_DMA_Init)
    i.HAL_DMA_Start_IT                       0x080003dc   Section        0  stm32g0xx_hal_dma.o(i.HAL_DMA_Start_IT)
    i.HAL_Delay                              0x08000468   Section        0  stm32g0xx_hal.o(i.HAL_Delay)
    i.HAL_GPIO_Init                          0x0800048c   Section        0  stm32g0xx_hal_gpio.o(i.HAL_GPIO_Init)
    i.HAL_GPIO_TogglePin                     0x080005e8   Section        0  stm32g0xx_hal_gpio.o(i.HAL_GPIO_TogglePin)
    i.HAL_GPIO_WritePin                      0x080005f8   Section        0  stm32g0xx_hal_gpio.o(i.HAL_GPIO_WritePin)
    i.HAL_GetTick                            0x08000604   Section        0  stm32g0xx_hal.o(i.HAL_GetTick)
    i.HAL_I2CEx_ConfigAnalogFilter           0x08000610   Section        0  stm32g0xx_hal_i2c_ex.o(i.HAL_I2CEx_ConfigAnalogFilter)
    i.HAL_I2CEx_ConfigDigitalFilter          0x0800065a   Section        0  stm32g0xx_hal_i2c_ex.o(i.HAL_I2CEx_ConfigDigitalFilter)
    i.HAL_I2C_Init                           0x080006a4   Section        0  stm32g0xx_hal_i2c.o(i.HAL_I2C_Init)
    i.HAL_I2C_Master_Transmit                0x08000758   Section        0  stm32g0xx_hal_i2c.o(i.HAL_I2C_Master_Transmit)
    i.HAL_I2C_MspInit                        0x08000868   Section        0  stm32g0xx_hal_msp.o(i.HAL_I2C_MspInit)
    i.HAL_I2S_ErrorCallback                  0x080008cc   Section        0  stm32g0xx_hal_i2s.o(i.HAL_I2S_ErrorCallback)
    i.HAL_I2S_Init                           0x080008d0   Section        0  stm32g0xx_hal_i2s.o(i.HAL_I2S_Init)
    i.HAL_I2S_MspInit                        0x080009c0   Section        0  stm32g0xx_hal_msp.o(i.HAL_I2S_MspInit)
    i.HAL_I2S_Transmit_DMA                   0x08000a68   Section        0  stm32g0xx_hal_i2s.o(i.HAL_I2S_Transmit_DMA)
    i.HAL_I2S_TxCpltCallback                 0x08000b20   Section        0  main.o(i.HAL_I2S_TxCpltCallback)
    i.HAL_I2S_TxHalfCpltCallback             0x08000b7c   Section        0  stm32g0xx_hal_i2s.o(i.HAL_I2S_TxHalfCpltCallback)
    i.HAL_IncTick                            0x08000b80   Section        0  stm32g0xx_hal.o(i.HAL_IncTick)
    i.HAL_Init                               0x08000b90   Section        0  stm32g0xx_hal.o(i.HAL_Init)
    i.HAL_InitTick                           0x08000bb8   Section        0  stm32g0xx_hal.o(i.HAL_InitTick)
    i.HAL_MspInit                            0x08000c00   Section        0  stm32g0xx_hal_msp.o(i.HAL_MspInit)
    i.HAL_NVIC_EnableIRQ                     0x08000c34   Section        0  stm32g0xx_hal_cortex.o(i.HAL_NVIC_EnableIRQ)
    i.HAL_NVIC_SetPriority                   0x08000c4c   Section        0  stm32g0xx_hal_cortex.o(i.HAL_NVIC_SetPriority)
    i.HAL_RCCEx_GetPeriphCLKFreq             0x08000c54   Section        0  stm32g0xx_hal_rcc_ex.o(i.HAL_RCCEx_GetPeriphCLKFreq)
    i.HAL_RCC_ClockConfig                    0x08000ef0   Section        0  stm32g0xx_hal_rcc.o(i.HAL_RCC_ClockConfig)
    i.HAL_RCC_GetPCLK1Freq                   0x08001048   Section        0  stm32g0xx_hal_rcc.o(i.HAL_RCC_GetPCLK1Freq)
    i.HAL_RCC_GetSysClockFreq                0x08001070   Section        0  stm32g0xx_hal_rcc.o(i.HAL_RCC_GetSysClockFreq)
    i.HAL_RCC_OscConfig                      0x080010fc   Section        0  stm32g0xx_hal_rcc.o(i.HAL_RCC_OscConfig)
    i.HAL_SYSCFG_StrobeDBattpinsConfig       0x080014ec   Section        0  stm32g0xx_hal.o(i.HAL_SYSCFG_StrobeDBattpinsConfig)
    i.HAL_SYSTICK_Config                     0x08001500   Section        0  stm32g0xx_hal_cortex.o(i.HAL_SYSTICK_Config)
    i.HardFault_Handler                      0x08001530   Section        0  stm32g0xx_it.o(i.HardFault_Handler)
    i.I2C_Flush_TXDR                         0x08001532   Section        0  stm32g0xx_hal_i2c.o(i.I2C_Flush_TXDR)
    I2C_Flush_TXDR                           0x08001533   Thumb Code    34  stm32g0xx_hal_i2c.o(i.I2C_Flush_TXDR)
    i.I2C_IsAcknowledgeFailed                0x08001554   Section        0  stm32g0xx_hal_i2c.o(i.I2C_IsAcknowledgeFailed)
    I2C_IsAcknowledgeFailed                  0x08001555   Thumb Code   108  stm32g0xx_hal_i2c.o(i.I2C_IsAcknowledgeFailed)
    i.I2C_TransferConfig                     0x080015c4   Section        0  stm32g0xx_hal_i2c.o(i.I2C_TransferConfig)
    I2C_TransferConfig                       0x080015c5   Thumb Code    34  stm32g0xx_hal_i2c.o(i.I2C_TransferConfig)
    i.I2C_WaitOnFlagUntilTimeout             0x080015ec   Section        0  stm32g0xx_hal_i2c.o(i.I2C_WaitOnFlagUntilTimeout)
    I2C_WaitOnFlagUntilTimeout               0x080015ed   Thumb Code    78  stm32g0xx_hal_i2c.o(i.I2C_WaitOnFlagUntilTimeout)
    i.I2C_WaitOnSTOPFlagUntilTimeout         0x0800163a   Section        0  stm32g0xx_hal_i2c.o(i.I2C_WaitOnSTOPFlagUntilTimeout)
    I2C_WaitOnSTOPFlagUntilTimeout           0x0800163b   Thumb Code    76  stm32g0xx_hal_i2c.o(i.I2C_WaitOnSTOPFlagUntilTimeout)
    i.I2C_WaitOnTXISFlagUntilTimeout         0x08001686   Section        0  stm32g0xx_hal_i2c.o(i.I2C_WaitOnTXISFlagUntilTimeout)
    I2C_WaitOnTXISFlagUntilTimeout           0x08001687   Thumb Code    80  stm32g0xx_hal_i2c.o(i.I2C_WaitOnTXISFlagUntilTimeout)
    i.I2S_DMAError                           0x080016d6   Section        0  stm32g0xx_hal_i2s.o(i.I2S_DMAError)
    I2S_DMAError                             0x080016d7   Thumb Code    40  stm32g0xx_hal_i2s.o(i.I2S_DMAError)
    i.I2S_DMATxCplt                          0x080016fe   Section        0  stm32g0xx_hal_i2s.o(i.I2S_DMATxCplt)
    I2S_DMATxCplt                            0x080016ff   Thumb Code    38  stm32g0xx_hal_i2s.o(i.I2S_DMATxCplt)
    i.I2S_DMATxHalfCplt                      0x08001724   Section        0  stm32g0xx_hal_i2s.o(i.I2S_DMATxHalfCplt)
    I2S_DMATxHalfCplt                        0x08001725   Thumb Code    10  stm32g0xx_hal_i2s.o(i.I2S_DMATxHalfCplt)
    i.MX_GPIO_Init                           0x08001730   Section        0  main.o(i.MX_GPIO_Init)
    MX_GPIO_Init                             0x08001731   Thumb Code    92  main.o(i.MX_GPIO_Init)
    i.MX_I2C1_Init                           0x08001790   Section        0  main.o(i.MX_I2C1_Init)
    MX_I2C1_Init                             0x08001791   Thumb Code    76  main.o(i.MX_I2C1_Init)
    i.NMI_Handler                            0x080017e8   Section        0  stm32g0xx_it.o(i.NMI_Handler)
    i.PendSV_Handler                         0x080017ea   Section        0  stm32g0xx_it.o(i.PendSV_Handler)
    i.SVC_Handler                            0x080017ec   Section        0  stm32g0xx_it.o(i.SVC_Handler)
    i.SysTick_Handler                        0x080017ee   Section        0  stm32g0xx_it.o(i.SysTick_Handler)
    i.SystemClock_Config                     0x080017f6   Section        0  main.o(i.SystemClock_Config)
    i.SystemInit                             0x08001860   Section        0  system_stm32g0xx.o(i.SystemInit)
    i.WM89060_Init                           0x08001870   Section        0  main.o(i.WM89060_Init)
    i.WM8960_Write_Reg                       0x08001938   Section        0  main.o(i.WM8960_Write_Reg)
    i.__NVIC_SetPriority                     0x08001970   Section        0  stm32g0xx_hal_cortex.o(i.__NVIC_SetPriority)
    __NVIC_SetPriority                       0x08001971   Thumb Code    60  stm32g0xx_hal_cortex.o(i.__NVIC_SetPriority)
    i.__scatterload_copy                     0x080019b4   Section       14  handlers.o(i.__scatterload_copy)
    i.__scatterload_null                     0x080019c2   Section        2  handlers.o(i.__scatterload_null)
    i.__scatterload_zeroinit                 0x080019c4   Section       14  handlers.o(i.__scatterload_zeroinit)
    i.main                                   0x080019d4   Section        0  main.o(i.main)
    .constdata                               0x08001a88   Section     9020  main.o(.constdata)
    .constdata                               0x08003dc4   Section       64  system_stm32g0xx.o(.constdata)
    .constdata                               0x08003e04   Section       32  system_stm32g0xx.o(.constdata)
    .data                                    0x20000000   Section      132  main.o(.data)
    WM8960_REG_VAL                           0x20000014   Data         112  main.o(.data)
    .data                                    0x20000084   Section       12  stm32g0xx_hal.o(.data)
    .data                                    0x20000090   Section        4  system_stm32g0xx.o(.data)
    .bss                                     0x20000094   Section      136  main.o(.bss)
    .bss                                     0x2000011c   Section       92  main.o(.bss)
    STACK                                    0x20000178   Section     1024  startup_stm32g071xx.o(STACK)

    Global Symbols

    Symbol Name                              Value     Ov Type        Size  Object(Section)

    BuildAttributes$$THM_ISAv3M$S$PE$A:L22$X:L11$S22$IEEE1$IW$USESV6$~STKCKD$USESV7$~SHL$OSPACE$EBA8$MICROLIB$REQ8$PRES8$EABIv2 0x00000000   Number         0  anon$$obj.o ABSOLUTE
    __ARM_use_no_argv                        0x00000000   Number         0  main.o ABSOLUTE
    __arm_fini_                               - Undefined Weak Reference
    __cpp_initialize__aeabi_                  - Undefined Weak Reference
    __cxa_finalize                            - Undefined Weak Reference
    __decompress                              - Undefined Weak Reference
    _clock_init                               - Undefined Weak Reference
    _microlib_exit                            - Undefined Weak Reference
    __Vectors_Size                           0x000000bc   Number         0  startup_stm32g071xx.o ABSOLUTE
    __Vectors                                0x08000000   Data           4  startup_stm32g071xx.o(RESET)
    __Vectors_End                            0x080000bc   Data           0  startup_stm32g071xx.o(RESET)
    __main                                   0x080000bd   Thumb Code     0  entry.o(.ARM.Collect$$$$00000000)
    _main_stk                                0x080000bd   Thumb Code     0  entry2.o(.ARM.Collect$$$$00000001)
    _main_scatterload                        0x080000c1   Thumb Code     0  entry5.o(.ARM.Collect$$$$00000004)
    __main_after_scatterload                 0x080000c5   Thumb Code     0  entry5.o(.ARM.Collect$$$$00000004)
    _main_clock                              0x080000c5   Thumb Code     0  entry7b.o(.ARM.Collect$$$$00000008)
    _main_cpp_init                           0x080000c5   Thumb Code     0  entry8b.o(.ARM.Collect$$$$0000000A)
    _main_init                               0x080000c5   Thumb Code     0  entry9a.o(.ARM.Collect$$$$0000000B)
    __rt_lib_shutdown_fini                   0x080000cd   Thumb Code     0  entry12b.o(.ARM.Collect$$$$0000000E)
    __rt_final_cpp                           0x080000d1   Thumb Code     0  entry10a.o(.ARM.Collect$$$$0000000F)
    __rt_final_exit                          0x080000d1   Thumb Code     0  entry11a.o(.ARM.Collect$$$$00000011)
    Reset_Handler                            0x080000d5   Thumb Code     8  startup_stm32g071xx.o(.text)
    ADC1_COMP_IRQHandler                     0x080000e7   Thumb Code     0  startup_stm32g071xx.o(.text)
    CEC_IRQHandler                           0x080000e7   Thumb Code     0  startup_stm32g071xx.o(.text)
    DMA1_Ch4_7_DMAMUX1_OVR_IRQHandler        0x080000e7   Thumb Code     0  startup_stm32g071xx.o(.text)
    DMA1_Channel2_3_IRQHandler               0x080000e7   Thumb Code     0  startup_stm32g071xx.o(.text)
    EXTI0_1_IRQHandler                       0x080000e7   Thumb Code     0  startup_stm32g071xx.o(.text)
    EXTI2_3_IRQHandler                       0x080000e7   Thumb Code     0  startup_stm32g071xx.o(.text)
    EXTI4_15_IRQHandler                      0x080000e7   Thumb Code     0  startup_stm32g071xx.o(.text)
    FLASH_IRQHandler                         0x080000e7   Thumb Code     0  startup_stm32g071xx.o(.text)
    I2C1_IRQHandler                          0x080000e7   Thumb Code     0  startup_stm32g071xx.o(.text)
    I2C2_IRQHandler                          0x080000e7   Thumb Code     0  startup_stm32g071xx.o(.text)
    PVD_IRQHandler                           0x080000e7   Thumb Code     0  startup_stm32g071xx.o(.text)
    RCC_IRQHandler                           0x080000e7   Thumb Code     0  startup_stm32g071xx.o(.text)
    RTC_TAMP_IRQHandler                      0x080000e7   Thumb Code     0  startup_stm32g071xx.o(.text)
    SPI1_IRQHandler                          0x080000e7   Thumb Code     0  startup_stm32g071xx.o(.text)
    SPI2_IRQHandler                          0x080000e7   Thumb Code     0  startup_stm32g071xx.o(.text)
    TIM14_IRQHandler                         0x080000e7   Thumb Code     0  startup_stm32g071xx.o(.text)
    TIM15_IRQHandler                         0x080000e7   Thumb Code     0  startup_stm32g071xx.o(.text)
    TIM16_IRQHandler                         0x080000e7   Thumb Code     0  startup_stm32g071xx.o(.text)
    TIM17_IRQHandler                         0x080000e7   Thumb Code     0  startup_stm32g071xx.o(.text)
    TIM1_BRK_UP_TRG_COM_IRQHandler           0x080000e7   Thumb Code     0  startup_stm32g071xx.o(.text)
    TIM1_CC_IRQHandler                       0x080000e7   Thumb Code     0  startup_stm32g071xx.o(.text)
    TIM2_IRQHandler                          0x080000e7   Thumb Code     0  startup_stm32g071xx.o(.text)
    TIM3_IRQHandler                          0x080000e7   Thumb Code     0  startup_stm32g071xx.o(.text)
    TIM6_DAC_LPTIM1_IRQHandler               0x080000e7   Thumb Code     0  startup_stm32g071xx.o(.text)
    TIM7_LPTIM2_IRQHandler                   0x080000e7   Thumb Code     0  startup_stm32g071xx.o(.text)
    UCPD1_2_IRQHandler                       0x080000e7   Thumb Code     0  startup_stm32g071xx.o(.text)
    USART1_IRQHandler                        0x080000e7   Thumb Code     0  startup_stm32g071xx.o(.text)
    USART2_IRQHandler                        0x080000e7   Thumb Code     0  startup_stm32g071xx.o(.text)
    USART3_4_LPUART1_IRQHandler              0x080000e7   Thumb Code     0  startup_stm32g071xx.o(.text)
    WWDG_IRQHandler                          0x080000e7   Thumb Code     0  startup_stm32g071xx.o(.text)
    __aeabi_uidiv                            0x080000f1   Thumb Code     0  uidiv.o(.text)
    __aeabi_uidivmod                         0x080000f1   Thumb Code    44  uidiv.o(.text)
    __aeabi_memset                           0x0800011d   Thumb Code    14  memseta.o(.text)
    __aeabi_memset4                          0x0800011d   Thumb Code     0  memseta.o(.text)
    __aeabi_memset8                          0x0800011d   Thumb Code     0  memseta.o(.text)
    __aeabi_memclr                           0x0800012b   Thumb Code     4  memseta.o(.text)
    __aeabi_memclr4                          0x0800012b   Thumb Code     0  memseta.o(.text)
    __aeabi_memclr8                          0x0800012b   Thumb Code     0  memseta.o(.text)
    _memset$wrapper                          0x0800012f   Thumb Code    18  memseta.o(.text)
    __scatterload                            0x08000141   Thumb Code    28  init.o(.text)
    __scatterload_rt2                        0x08000141   Thumb Code     0  init.o(.text)
    AUDIO_Play                               0x08000165   Thumb Code    78  main.o(i.AUDIO_Play)
    AudioFlashPlay                           0x080001c1   Thumb Code    12  main.o(i.AudioFlashPlay)
    DMA1_Channel1_IRQHandler                 0x080001cd   Thumb Code    10  stm32g0xx_it.o(i.DMA1_Channel1_IRQHandler)
    Error_Handler                            0x0800027d   Thumb Code     4  main.o(i.Error_Handler)
    HAL_DMA_IRQHandler                       0x08000281   Thumb Code   180  stm32g0xx_hal_dma.o(i.HAL_DMA_IRQHandler)
    HAL_DMA_Init                             0x08000339   Thumb Code   156  stm32g0xx_hal_dma.o(i.HAL_DMA_Init)
    HAL_DMA_Start_IT                         0x080003dd   Thumb Code   136  stm32g0xx_hal_dma.o(i.HAL_DMA_Start_IT)
    HAL_Delay                                0x08000469   Thumb Code    32  stm32g0xx_hal.o(i.HAL_Delay)
    HAL_GPIO_Init                            0x0800048d   Thumb Code   330  stm32g0xx_hal_gpio.o(i.HAL_GPIO_Init)
    HAL_GPIO_TogglePin                       0x080005e9   Thumb Code    16  stm32g0xx_hal_gpio.o(i.HAL_GPIO_TogglePin)
    HAL_GPIO_WritePin                        0x080005f9   Thumb Code    12  stm32g0xx_hal_gpio.o(i.HAL_GPIO_WritePin)
    HAL_GetTick                              0x08000605   Thumb Code     6  stm32g0xx_hal.o(i.HAL_GetTick)
    HAL_I2CEx_ConfigAnalogFilter             0x08000611   Thumb Code    74  stm32g0xx_hal_i2c_ex.o(i.HAL_I2CEx_ConfigAnalogFilter)
    HAL_I2CEx_ConfigDigitalFilter            0x0800065b   Thumb Code    72  stm32g0xx_hal_i2c_ex.o(i.HAL_I2CEx_ConfigDigitalFilter)
    HAL_I2C_Init                             0x080006a5   Thumb Code   176  stm32g0xx_hal_i2c.o(i.HAL_I2C_Init)
    HAL_I2C_Master_Transmit                  0x08000759   Thumb Code   262  stm32g0xx_hal_i2c.o(i.HAL_I2C_Master_Transmit)
    HAL_I2C_MspInit                          0x08000869   Thumb Code    88  stm32g0xx_hal_msp.o(i.HAL_I2C_MspInit)
    HAL_I2S_ErrorCallback                    0x080008cd   Thumb Code     2  stm32g0xx_hal_i2s.o(i.HAL_I2S_ErrorCallback)
    HAL_I2S_Init                             0x080008d1   Thumb Code   236  stm32g0xx_hal_i2s.o(i.HAL_I2S_Init)
    HAL_I2S_MspInit                          0x080009c1   Thumb Code   152  stm32g0xx_hal_msp.o(i.HAL_I2S_MspInit)
    HAL_I2S_Transmit_DMA                     0x08000a69   Thumb Code   170  stm32g0xx_hal_i2s.o(i.HAL_I2S_Transmit_DMA)
    HAL_I2S_TxCpltCallback                   0x08000b21   Thumb Code    78  main.o(i.HAL_I2S_TxCpltCallback)
    HAL_I2S_TxHalfCpltCallback               0x08000b7d   Thumb Code     2  stm32g0xx_hal_i2s.o(i.HAL_I2S_TxHalfCpltCallback)
    HAL_IncTick                              0x08000b81   Thumb Code    12  stm32g0xx_hal.o(i.HAL_IncTick)
    HAL_Init                                 0x08000b91   Thumb Code    36  stm32g0xx_hal.o(i.HAL_Init)
    HAL_InitTick                             0x08000bb9   Thumb Code    64  stm32g0xx_hal.o(i.HAL_InitTick)
    HAL_MspInit                              0x08000c01   Thumb Code    46  stm32g0xx_hal_msp.o(i.HAL_MspInit)
    HAL_NVIC_EnableIRQ                       0x08000c35   Thumb Code    18  stm32g0xx_hal_cortex.o(i.HAL_NVIC_EnableIRQ)
    HAL_NVIC_SetPriority                     0x08000c4d   Thumb Code     8  stm32g0xx_hal_cortex.o(i.HAL_NVIC_SetPriority)
    HAL_RCCEx_GetPeriphCLKFreq               0x08000c55   Thumb Code   634  stm32g0xx_hal_rcc_ex.o(i.HAL_RCCEx_GetPeriphCLKFreq)
    HAL_RCC_ClockConfig                      0x08000ef1   Thumb Code   318  stm32g0xx_hal_rcc.o(i.HAL_RCC_ClockConfig)
    HAL_RCC_GetPCLK1Freq                     0x08001049   Thumb Code    26  stm32g0xx_hal_rcc.o(i.HAL_RCC_GetPCLK1Freq)
    HAL_RCC_GetSysClockFreq                  0x08001071   Thumb Code   130  stm32g0xx_hal_rcc.o(i.HAL_RCC_GetSysClockFreq)
    HAL_RCC_OscConfig                        0x080010fd   Thumb Code   970  stm32g0xx_hal_rcc.o(i.HAL_RCC_OscConfig)
    HAL_SYSCFG_StrobeDBattpinsConfig         0x080014ed   Thumb Code    16  stm32g0xx_hal.o(i.HAL_SYSCFG_StrobeDBattpinsConfig)
    HAL_SYSTICK_Config                       0x08001501   Thumb Code    38  stm32g0xx_hal_cortex.o(i.HAL_SYSTICK_Config)
    HardFault_Handler                        0x08001531   Thumb Code     2  stm32g0xx_it.o(i.HardFault_Handler)
    NMI_Handler                              0x080017e9   Thumb Code     2  stm32g0xx_it.o(i.NMI_Handler)
    PendSV_Handler                           0x080017eb   Thumb Code     2  stm32g0xx_it.o(i.PendSV_Handler)
    SVC_Handler                              0x080017ed   Thumb Code     2  stm32g0xx_it.o(i.SVC_Handler)
    SysTick_Handler                          0x080017ef   Thumb Code     8  stm32g0xx_it.o(i.SysTick_Handler)
    SystemClock_Config                       0x080017f7   Thumb Code   104  main.o(i.SystemClock_Config)
    SystemInit                               0x08001861   Thumb Code    10  system_stm32g0xx.o(i.SystemInit)
    WM89060_Init                             0x08001871   Thumb Code   194  main.o(i.WM89060_Init)
    WM8960_Write_Reg                         0x08001939   Thumb Code    46  main.o(i.WM8960_Write_Reg)
    __scatterload_copy                       0x080019b5   Thumb Code    14  handlers.o(i.__scatterload_copy)
    __scatterload_null                       0x080019c3   Thumb Code     2  handlers.o(i.__scatterload_null)
    __scatterload_zeroinit                   0x080019c5   Thumb Code    14  handlers.o(i.__scatterload_zeroinit)
    main                                     0x080019d5   Thumb Code   152  main.o(i.main)
    WaveData                                 0x08001a88   Data        9020  main.o(.constdata)
    AHBPrescTable                            0x08003dc4   Data          64  system_stm32g0xx.o(.constdata)
    APBPrescTable                            0x08003e04   Data          32  system_stm32g0xx.o(.constdata)
    Region$$Table$$Base                      0x08003e24   Number         0  anon$$obj.o(Region$$Table)
    Region$$Table$$Limit                     0x08003e44   Number         0  anon$$obj.o(Region$$Table)
    XferCplt                                 0x20000000   Data           1  main.o(.data)
    WaveDataLength                           0x20000004   Data           4  main.o(.data)
    AudioTotalSize                           0x20000008   Data           4  main.o(.data)
    AudioRemSize                             0x2000000c   Data           4  main.o(.data)
    CurrentPos                               0x20000010   Data           4  main.o(.data)
    uwTickFreq                               0x20000084   Data           1  stm32g0xx_hal.o(.data)
    uwTickPrio                               0x20000088   Data           4  stm32g0xx_hal.o(.data)
    uwTick                                   0x2000008c   Data           4  stm32g0xx_hal.o(.data)
    SystemCoreClock                          0x20000090   Data           4  system_stm32g0xx.o(.data)
    hi2c1                                    0x20000094   Data          76  main.o(.bss)
    hi2s1                                    0x200000e0   Data          60  main.o(.bss)
    hdma_spi1_tx                             0x2000011c   Data          92  main.o(.bss)
    __initial_sp                             0x20000578   Data           0  startup_stm32g071xx.o(STACK)



==============================================================================

Memory Map of the image

  Image Entry point : 0x080000bd

  Load Region LR_IROM1 (Base: 0x08000000, Size: 0x00003ed8, Max: 0x00020000, ABSOLUTE)

    Execution Region ER_IROM1 (Exec base: 0x08000000, Load base: 0x08000000, Size: 0x00003e44, Max: 0x00020000, ABSOLUTE)

    Exec Addr    Load Addr    Size         Type   Attr      Idx    E Section Name        Object

    0x08000000   0x08000000   0x000000bc   Data   RO            3    RESET               startup_stm32g071xx.o
    0x080000bc   0x080000bc   0x00000000   Code   RO         2269  * .ARM.Collect$$$$00000000  mc_p.l(entry.o)
    0x080000bc   0x080000bc   0x00000004   Code   RO         2276    .ARM.Collect$$$$00000001  mc_p.l(entry2.o)
    0x080000c0   0x080000c0   0x00000004   Code   RO         2279    .ARM.Collect$$$$00000004  mc_p.l(entry5.o)
    0x080000c4   0x080000c4   0x00000000   Code   RO         2281    .ARM.Collect$$$$00000008  mc_p.l(entry7b.o)
    0x080000c4   0x080000c4   0x00000000   Code   RO         2283    .ARM.Collect$$$$0000000A  mc_p.l(entry8b.o)
    0x080000c4   0x080000c4   0x00000008   Code   RO         2284    .ARM.Collect$$$$0000000B  mc_p.l(entry9a.o)
    0x080000cc   0x080000cc   0x00000004   Code   RO         2291    .ARM.Collect$$$$0000000E  mc_p.l(entry12b.o)
    0x080000d0   0x080000d0   0x00000000   Code   RO         2286    .ARM.Collect$$$$0000000F  mc_p.l(entry10a.o)
    0x080000d0   0x080000d0   0x00000000   Code   RO         2288    .ARM.Collect$$$$00000011  mc_p.l(entry11a.o)
    0x080000d0   0x080000d0   0x00000004   Code   RO         2277    .ARM.Collect$$$$00002712  mc_p.l(entry2.o)
    0x080000d4   0x080000d4   0x0000001c   Code   RO            4    .text               startup_stm32g071xx.o
    0x080000f0   0x080000f0   0x0000002c   Code   RO         2272    .text               mc_p.l(uidiv.o)
    0x0800011c   0x0800011c   0x00000024   Code   RO         2274    .text               mc_p.l(memseta.o)
    0x08000140   0x08000140   0x00000024   Code   RO         2292    .text               mc_p.l(init.o)
    0x08000164   0x08000164   0x0000005c   Code   RO           12    i.AUDIO_Play        main.o
    0x080001c0   0x080001c0   0x0000000c   Code   RO           13    i.AudioFlashPlay    main.o
    0x080001cc   0x080001cc   0x00000010   Code   RO          195    i.DMA1_Channel1_IRQHandler  stm32g0xx_it.o
    0x080001dc   0x080001dc   0x00000030   Code   RO         1229    i.DMA_CalcDMAMUXChannelBaseAndMask  stm32g0xx_hal_dma.o
    0x0800020c   0x0800020c   0x00000028   Code   RO         1230    i.DMA_CalcDMAMUXRequestGenBaseAndMask  stm32g0xx_hal_dma.o
    0x08000234   0x08000234   0x00000048   Code   RO         1231    i.DMA_SetConfig     stm32g0xx_hal_dma.o
    0x0800027c   0x0800027c   0x00000004   Code   RO           14    i.Error_Handler     main.o
    0x08000280   0x08000280   0x000000b8   Code   RO         1237    i.HAL_DMA_IRQHandler  stm32g0xx_hal_dma.o
    0x08000338   0x08000338   0x000000a4   Code   RO         1238    i.HAL_DMA_Init      stm32g0xx_hal_dma.o
    0x080003dc   0x080003dc   0x0000008c   Code   RO         1242    i.HAL_DMA_Start_IT  stm32g0xx_hal_dma.o
    0x08000468   0x08000468   0x00000024   Code   RO         1758    i.HAL_Delay         stm32g0xx_hal.o
    0x0800048c   0x0800048c   0x0000015c   Code   RO         1165    i.HAL_GPIO_Init     stm32g0xx_hal_gpio.o
    0x080005e8   0x080005e8   0x00000010   Code   RO         1168    i.HAL_GPIO_TogglePin  stm32g0xx_hal_gpio.o
    0x080005f8   0x080005f8   0x0000000c   Code   RO         1169    i.HAL_GPIO_WritePin  stm32g0xx_hal_gpio.o
    0x08000604   0x08000604   0x0000000c   Code   RO         1762    i.HAL_GetTick       stm32g0xx_hal.o
    0x08000610   0x08000610   0x0000004a   Code   RO          752    i.HAL_I2CEx_ConfigAnalogFilter  stm32g0xx_hal_i2c_ex.o
    0x0800065a   0x0800065a   0x00000048   Code   RO          753    i.HAL_I2CEx_ConfigDigitalFilter  stm32g0xx_hal_i2c_ex.o
    0x080006a2   0x080006a2   0x00000002   PAD
    0x080006a4   0x080006a4   0x000000b4   Code   RO          305    i.HAL_I2C_Init      stm32g0xx_hal_i2c.o
    0x08000758   0x08000758   0x00000110   Code   RO          318    i.HAL_I2C_Master_Transmit  stm32g0xx_hal_i2c.o
    0x08000868   0x08000868   0x00000064   Code   RO          250    i.HAL_I2C_MspInit   stm32g0xx_hal_msp.o
    0x080008cc   0x080008cc   0x00000002   Code   RO         2043    i.HAL_I2S_ErrorCallback  stm32g0xx_hal_i2s.o
    0x080008ce   0x080008ce   0x00000002   PAD
    0x080008d0   0x080008d0   0x000000f0   Code   RO         2047    i.HAL_I2S_Init      stm32g0xx_hal_i2s.o
    0x080009c0   0x080009c0   0x000000a8   Code   RO          252    i.HAL_I2S_MspInit   stm32g0xx_hal_msp.o
    0x08000a68   0x08000a68   0x000000b8   Code   RO         2056    i.HAL_I2S_Transmit_DMA  stm32g0xx_hal_i2s.o
    0x08000b20   0x08000b20   0x0000005c   Code   RO           15    i.HAL_I2S_TxCpltCallback  main.o
    0x08000b7c   0x08000b7c   0x00000002   Code   RO         2059    i.HAL_I2S_TxHalfCpltCallback  stm32g0xx_hal_i2s.o
    0x08000b7e   0x08000b7e   0x00000002   PAD
    0x08000b80   0x08000b80   0x00000010   Code   RO         1768    i.HAL_IncTick       stm32g0xx_hal.o
    0x08000b90   0x08000b90   0x00000028   Code   RO         1769    i.HAL_Init          stm32g0xx_hal.o
    0x08000bb8   0x08000bb8   0x00000048   Code   RO         1770    i.HAL_InitTick      stm32g0xx_hal.o
    0x08000c00   0x08000c00   0x00000034   Code   RO          253    i.HAL_MspInit       stm32g0xx_hal_msp.o
    0x08000c34   0x08000c34   0x00000018   Code   RO         1646    i.HAL_NVIC_EnableIRQ  stm32g0xx_hal_cortex.o
    0x08000c4c   0x08000c4c   0x00000008   Code   RO         1650    i.HAL_NVIC_SetPriority  stm32g0xx_hal_cortex.o
    0x08000c54   0x08000c54   0x0000029c   Code   RO          912    i.HAL_RCCEx_GetPeriphCLKFreq  stm32g0xx_hal_rcc_ex.o
    0x08000ef0   0x08000ef0   0x00000158   Code   RO          803    i.HAL_RCC_ClockConfig  stm32g0xx_hal_rcc.o
    0x08001048   0x08001048   0x00000028   Code   RO          811    i.HAL_RCC_GetPCLK1Freq  stm32g0xx_hal_rcc.o
    0x08001070   0x08001070   0x0000008c   Code   RO          812    i.HAL_RCC_GetSysClockFreq  stm32g0xx_hal_rcc.o
    0x080010fc   0x080010fc   0x000003f0   Code   RO          816    i.HAL_RCC_OscConfig  stm32g0xx_hal_rcc.o
    0x080014ec   0x080014ec   0x00000014   Code   RO         1780    i.HAL_SYSCFG_StrobeDBattpinsConfig  stm32g0xx_hal.o
    0x08001500   0x08001500   0x00000030   Code   RO         1654    i.HAL_SYSTICK_Config  stm32g0xx_hal_cortex.o
    0x08001530   0x08001530   0x00000002   Code   RO          196    i.HardFault_Handler  stm32g0xx_it.o
    0x08001532   0x08001532   0x00000022   Code   RO          352    i.I2C_Flush_TXDR    stm32g0xx_hal_i2c.o
    0x08001554   0x08001554   0x00000070   Code   RO          360    i.I2C_IsAcknowledgeFailed  stm32g0xx_hal_i2c.o
    0x080015c4   0x080015c4   0x00000028   Code   RO          367    i.I2C_TransferConfig  stm32g0xx_hal_i2c.o
    0x080015ec   0x080015ec   0x0000004e   Code   RO          369    i.I2C_WaitOnFlagUntilTimeout  stm32g0xx_hal_i2c.o
    0x0800163a   0x0800163a   0x0000004c   Code   RO          371    i.I2C_WaitOnSTOPFlagUntilTimeout  stm32g0xx_hal_i2c.o
    0x08001686   0x08001686   0x00000050   Code   RO          372    i.I2C_WaitOnTXISFlagUntilTimeout  stm32g0xx_hal_i2c.o
    0x080016d6   0x080016d6   0x00000028   Code   RO         2060    i.I2S_DMAError      stm32g0xx_hal_i2s.o
    0x080016fe   0x080016fe   0x00000026   Code   RO         2063    i.I2S_DMATxCplt     stm32g0xx_hal_i2s.o
    0x08001724   0x08001724   0x0000000a   Code   RO         2064    i.I2S_DMATxHalfCplt  stm32g0xx_hal_i2s.o
    0x0800172e   0x0800172e   0x00000002   PAD
    0x08001730   0x08001730   0x00000060   Code   RO           16    i.MX_GPIO_Init      main.o
    0x08001790   0x08001790   0x00000058   Code   RO           17    i.MX_I2C1_Init      main.o
    0x080017e8   0x080017e8   0x00000002   Code   RO          197    i.NMI_Handler       stm32g0xx_it.o
    0x080017ea   0x080017ea   0x00000002   Code   RO          198    i.PendSV_Handler    stm32g0xx_it.o
    0x080017ec   0x080017ec   0x00000002   Code   RO          199    i.SVC_Handler       stm32g0xx_it.o
    0x080017ee   0x080017ee   0x00000008   Code   RO          200    i.SysTick_Handler   stm32g0xx_it.o
    0x080017f6   0x080017f6   0x00000068   Code   RO           18    i.SystemClock_Config  main.o
    0x0800185e   0x0800185e   0x00000002   PAD
    0x08001860   0x08001860   0x00000010   Code   RO         2238    i.SystemInit        system_stm32g0xx.o
    0x08001870   0x08001870   0x000000c8   Code   RO           19    i.WM89060_Init      main.o
    0x08001938   0x08001938   0x00000038   Code   RO           20    i.WM8960_Write_Reg  main.o
    0x08001970   0x08001970   0x00000044   Code   RO         1656    i.__NVIC_SetPriority  stm32g0xx_hal_cortex.o
    0x080019b4   0x080019b4   0x0000000e   Code   RO         2296    i.__scatterload_copy  mc_p.l(handlers.o)
    0x080019c2   0x080019c2   0x00000002   Code   RO         2297    i.__scatterload_null  mc_p.l(handlers.o)
    0x080019c4   0x080019c4   0x0000000e   Code   RO         2298    i.__scatterload_zeroinit  mc_p.l(handlers.o)
    0x080019d2   0x080019d2   0x00000002   PAD
    0x080019d4   0x080019d4   0x000000b4   Code   RO           21    i.main              main.o
    0x08001a88   0x08001a88   0x0000233c   Data   RO           24    .constdata          main.o
    0x08003dc4   0x08003dc4   0x00000040   Data   RO         2239    .constdata          system_stm32g0xx.o
    0x08003e04   0x08003e04   0x00000020   Data   RO         2240    .constdata          system_stm32g0xx.o
    0x08003e24   0x08003e24   0x00000020   Data   RO         2294    Region$$Table       anon$$obj.o


    Execution Region RW_IRAM1 (Exec base: 0x20000000, Load base: 0x08003e44, Size: 0x00000578, Max: 0x00009000, ABSOLUTE)

    Exec Addr    Load Addr    Size         Type   Attr      Idx    E Section Name        Object

    0x20000000   0x08003e44   0x00000084   Data   RW           25    .data               main.o
    0x20000084   0x08003ec8   0x0000000c   Data   RW         1786    .data               stm32g0xx_hal.o
    0x20000090   0x08003ed4   0x00000004   Data   RW         2241    .data               system_stm32g0xx.o
    0x20000094        -       0x00000088   Zero   RW           22    .bss                main.o
    0x2000011c        -       0x0000005c   Zero   RW           23    .bss                main.o
    0x20000178        -       0x00000400   Zero   RW            1    STACK               startup_stm32g071xx.o


==============================================================================

Image component sizes


      Code (inc. data)   RO Data    RW Data    ZI Data      Debug   Object Name

       924         88       9020        132        228     417150   main.o
        28          8        188          0       1024        612   startup_stm32g071xx.o
       196         30          0         12          0      18876   stm32g0xx_hal.o
       148         24          0          0          0      12001   stm32g0xx_hal_cortex.o
       648         32          0          0          0       4719   stm32g0xx_hal_dma.o
       376         18          0          0          0       2789   stm32g0xx_hal_gpio.o
       872         24          0          0          0       8149   stm32g0xx_hal_i2c.o
       146          0          0          0          0       1847   stm32g0xx_hal_i2c_ex.o
       516         18          0          0          0       4903   stm32g0xx_hal_i2s.o
       320         34          0          0          0       2201   stm32g0xx_hal_msp.o
      1532         88          0          0          0      23389   stm32g0xx_hal_rcc.o
       668         34          0          0          0       1381   stm32g0xx_hal_rcc_ex.o
        32          6          0          0          0       2442   stm32g0xx_it.o
        16          6         96          4          0       1063   system_stm32g0xx.o

    ----------------------------------------------------------------------
      6432        410       9336        148       1252     501522   Object Totals
         0          0         32          0          0          0   (incl. Generated)
        10          0          0          0          0          0   (incl. Padding)

    ----------------------------------------------------------------------

      Code (inc. data)   RO Data    RW Data    ZI Data      Debug   Library Member Name

         0          0          0          0          0          0   entry.o
         0          0          0          0          0          0   entry10a.o
         0          0          0          0          0          0   entry11a.o
         4          0          0          0          0          0   entry12b.o
         8          4          0          0          0          0   entry2.o
         4          0          0          0          0          0   entry5.o
         0          0          0          0          0          0   entry7b.o
         0          0          0          0          0          0   entry8b.o
         8          4          0          0          0          0   entry9a.o
        30          0          0          0          0          0   handlers.o
        36          8          0          0          0         68   init.o
        36          0          0          0          0        100   memseta.o
        44          0          0          0          0         72   uidiv.o

    ----------------------------------------------------------------------
       172         16          0          0          0        240   Library Totals
         2          0          0          0          0          0   (incl. Padding)

    ----------------------------------------------------------------------

      Code (inc. data)   RO Data    RW Data    ZI Data      Debug   Library Name

       170         16          0          0          0        240   mc_p.l

    ----------------------------------------------------------------------
       172         16          0          0          0        240   Library Totals

    ----------------------------------------------------------------------

==============================================================================


      Code (inc. data)   RO Data    RW Data    ZI Data      Debug   

      6604        426       9336        148       1252     499362   Grand Totals
      6604        426       9336        148       1252     499362   ELF Image Totals
      6604        426       9336        148          0          0   ROM Totals

==============================================================================

    Total RO  Size (Code + RO Data)                15940 (  15.57kB)
    Total RW  Size (RW Data + ZI Data)              1400 (   1.37kB)
    Total ROM Size (Code + RO Data + RW Data)      16088 (  15.71kB)

==============================================================================

