<html>
<body>
<pre>
<h1>礦ision Build Log</h1>
<h2>Tool Versions:</h2>
IDE-Version: μVision V5.33.0.0
Copyright (C) 2020 ARM Ltd and ARM Germany GmbH. All rights reserved.
License Information: li tianling, wu, LIC=----
 
Tool Versions:
Toolchain:       MDK-Lite  Version: 5.33.0.0
Toolchain Path:  D:\Keil_MDK\ARM\ARMCC\Bin
C Compiler:      Armcc.exe V5.06 update 7 (build 960)
Assembler:       Armasm.exe V5.06 update 7 (build 960)
Linker/Locator:  ArmLink.exe V5.06 update 7 (build 960)
Library Manager: ArmAr.exe V5.06 update 7 (build 960)
Hex Converter:   FromElf.exe V5.06 update 7 (build 960)
CPU DLL:         SARMCM3.DLL V5.33.0.0
Dialog DLL:      DARMCM1.DLL V1.19.4.0
Target DLL:      STLink\ST-LINKIII-KEIL_SWO.dll V3.0.8.0
Dialog DLL:      TARMCM1.DLL V1.14.3.0
 
<h2>Project:</h2>
G:\ARMProgrct\23_SPI\SPI_OLED_GPIO\OLED_SPI_GPIO_QuMo\MDK-ARM\OLED_SPI_TEST_1.uvprojx
Project File Date:  06/02/2021

<h2>Output:</h2>
*** Using Compiler 'V5.06 update 7 (build 960)', folder: 'D:\Keil_MDK\ARM\ARMCC\Bin'
Build target 'OLED_SPI_TEST_1'
compiling main.c...
../Src/main.c(565): warning:  #111-D: statement is unreachable
  	OLED_Clear();
../Src/main.c(682): warning:  #188-D: enumerated type mixed with another type
  		HAL_GPIO_WritePin(GPIOA,GPIO_PIN_1,SET);		//数据/命令选择线DC=1输入数据
../Src/main.c(684): warning:  #188-D: enumerated type mixed with another type
  		HAL_GPIO_WritePin(GPIOA,GPIO_PIN_1,RESET);	//数据/命令选择线DC=0输入命令
../Src/main.c(685): warning:  #188-D: enumerated type mixed with another type
  	HAL_GPIO_WritePin(GPIOA,GPIO_PIN_0,RESET);		//片选CS=0低电平有效
../Src/main.c(688): warning:  #188-D: enumerated type mixed with another type
  		HAL_GPIO_WritePin(GPIOA,GPIO_PIN_4,RESET);	//SPI时钟线D0=0
../Src/main.c(690): warning:  #188-D: enumerated type mixed with another type
  			HAL_GPIO_WritePin(GPIOA,GPIO_PIN_3,SET);	//SPI数据线D1=1
../Src/main.c(692): warning:  #188-D: enumerated type mixed with another type
  			HAL_GPIO_WritePin(GPIOA,GPIO_PIN_3,RESET);//SPI数据线D1=0
../Src/main.c(693): warning:  #188-D: enumerated type mixed with another type
  		HAL_GPIO_WritePin(GPIOA,GPIO_PIN_4,SET);		//SPI时钟线D0=1
../Src/main.c(696): warning:  #188-D: enumerated type mixed with another type
  	HAL_GPIO_WritePin(GPIOA,GPIO_PIN_0,SET);			//片选CS=1高电平失效
../Src/main.c(697): warning:  #188-D: enumerated type mixed with another type
  	HAL_GPIO_WritePin(GPIOA,GPIO_PIN_1,SET);			//数据/命令选择线DC=1等待输入数据
../Src/main.c(704): warning:  #188-D: enumerated type mixed with another type
  	HAL_GPIO_WritePin(GPIOA,GPIO_PIN_2,SET);		// 复位信号RES=1	
../Src/main.c(706): warning:  #188-D: enumerated type mixed with another type
  	HAL_GPIO_WritePin(GPIOA,GPIO_PIN_2,RESET);	// 复位信号RES=0
../Src/main.c(708): warning:  #188-D: enumerated type mixed with another type
  	HAL_GPIO_WritePin(GPIOA,GPIO_PIN_2,SET);		// 复位信号RES=1
../Src/main.c: 13 warnings, 0 errors
linking...
Program Size: Code=3216 RO-data=284 RW-data=16 ZI-data=1024  
FromELF: creating hex file...
"OLED_SPI_TEST_1\OLED_SPI_TEST_1.axf" - 0 Error(s), 13 Warning(s).

<h2>Software Packages used:</h2>

Package Vendor: ARM
                http://www.keil.com/pack/ARM.CMSIS.5.7.0.pack
                ARM.CMSIS.5.7.0
                CMSIS (Cortex Microcontroller Software Interface Standard)
   * Component: CORE Version: 5.4.0

Package Vendor: Keil
                http://www.keil.com/pack/Keil.STM32G0xx_DFP.1.3.0.pack
                Keil.STM32G0xx_DFP.1.3.0
                STMicroelectronics STM32G0 Series Device Support

<h2>Collection of Component include folders:</h2>
  .\RTE\_OLED_SPI_TEST_1
  D:\Keil_MDK\ARM\CMSIS\5.7.0\CMSIS\Core\Include
  D:\Keil_MDK\Keil\STM32G0xx_DFP\1.3.0\Drivers\CMSIS\Device\ST\STM32G0xx\Include

<h2>Collection of Component Files used:</h2>

   * Component: ARM::CMSIS:CORE:5.4.0
      Include file:  CMSIS\Core\Include\tz_context.h
Build Time Elapsed:  00:00:04
</pre>
</body>
</html>
