<html>
<body>
<pre>
<h1>µVision Build Log</h1>
<h2>Tool Versions:</h2>
IDE-Version: ¦ÌVision V5.33.0.0
Copyright (C) 2020 ARM Ltd and ARM Germany GmbH. All rights reserved.
License Information: he bin, buct, LIC=M85FJ-ULCD0-GY4CN-BBX9K-47UGM-XJR90
 
Tool Versions:
Toolchain:       MDK-ARM Cortex-M0/M0+ for ST  Version: 5.33.0.0
Toolchain Path:  C:\Keil_v5\ARM\ARMCC\Bin
C Compiler:      Armcc.exe V5.06 update 7 (build 960)
Assembler:       Armasm.exe V5.06 update 7 (build 960)
Linker/Locator:  ArmLink.exe V5.06 update 7 (build 960)
Library Manager: ArmAr.exe V5.06 update 7 (build 960)
Hex Converter:   FromElf.exe V5.06 update 7 (build 960)
CPU DLL:         SARMCM3.DLL V5.33.0.0
Dialog DLL:      DARMCM1.DLL V1.19.4.0
Target DLL:      STLink\ST-LINKIII-KEIL_SWO.dll V3.0.8.0
Dialog DLL:      TARMCM1.DLL V1.14.3.0
 
<h2>Project:</h2>
E:\STM32G0_example\example_18_1\MDK-ARM\LED_Control.uvprojx
Project File Date:  06/13/2021

<h2>Output:</h2>
*** Using Compiler 'V5.06 update 7 (build 960)', folder: 'C:\Keil_v5\ARM\ARMCC\Bin'
Rebuild target 'LED_Control'
assembling startup_stm32g071xx.s...
compiling stm32g0xx_hal_tim_ex.c...
compiling stm32g0xx_hal_tim.c...
compiling stm32g0xx_it.c...
compiling stm32g0xx_ll_rcc.c...
compiling stm32g0xx_hal_msp.c...
compiling main.c...
compiling stm32g0xx_hal_rcc.c...
compiling stm32g0xx_hal_rcc_ex.c...
compiling stm32g0xx_ll_dma.c...
compiling stm32g0xx_hal_gpio.c...
compiling stm32g0xx_hal_flash.c...
compiling stm32g0xx_hal_dma_ex.c...
compiling stm32g0xx_hal_flash_ex.c...
compiling stm32g0xx_hal_pwr.c...
compiling stm32g0xx_hal_pwr_ex.c...
compiling stm32g0xx_hal_dma.c...
assembling context_rvds.S...
compiling cpuport.c...
compiling clock.c...
compiling components.c...
compiling idle.c...
compiling irq.c...
compiling ipc.c...
compiling mem.c...
compiling object.c...
C:\Users\hebin\AppData\Local\Arm\Packs\RealThread\RT-Thread\3.1.3\src\object.c(262): warning:  #550-D: variable "obj"  was set but never used
          struct rt_object *obj;
C:\Users\hebin\AppData\Local\Arm\Packs\RealThread\RT-Thread\3.1.3\src\object.c: 1 warning, 0 errors
compiling kservice.c...
compiling scheduler.c...
compiling timer.c...
compiling thread.c...
compiling board.c...
compiling system_stm32g0xx.c...
compiling stm32g0xx_hal_cortex.c...
compiling stm32g0xx_hal_exti.c...
compiling stm32g0xx_hal.c...
linking...
Program Size: Code=7044 RO-data=592 RW-data=132 ZI-data=1844  
FromELF: creating hex file...
"LED_Control\LED_Control.axf" - 0 Error(s), 1 Warning(s).

<h2>Software Packages used:</h2>

Package Vendor: ARM
                http://www.keil.com/pack/ARM.CMSIS.5.7.0.pack
                ARM.CMSIS.5.7.0
                CMSIS (Cortex Microcontroller Software Interface Standard)
   * Component: CORE Version: 5.4.0

Package Vendor: RealThread
                https://www.rt-thread.org/download/mdk/RealThread.RT-Thread.3.1.3.pack
                RealThread.RT-Thread.3.1.3
                RT-Thread Software Components
   * Component: kernel Version: 3.1.3

Package Vendor: Keil
                http://www.keil.com/pack/Keil.STM32G0xx_DFP.1.2.0.pack
                Keil.STM32G0xx_DFP.1.2.0
                STMicroelectronics STM32G0 Series Device Support

<h2>Collection of Component include folders:</h2>
  .\RTE\RTOS
  .\RTE\_LED_Control
  C:\Users\hebin\AppData\Local\Arm\Packs\ARM\CMSIS\5.7.0\CMSIS\Core\Include
  C:\Users\hebin\AppData\Local\Arm\Packs\Keil\STM32G0xx_DFP\1.2.0\Drivers\CMSIS\Device\ST\STM32G0xx\Include
  C:\Users\hebin\AppData\Local\Arm\Packs\RealThread\RT-Thread\3.1.3\include

<h2>Collection of Component Files used:</h2>

   * Component: ARM::CMSIS:CORE:5.4.0
      Include file:  CMSIS\Core\Include\tz_context.h

   * Component: RealThread.RT-Thread::RTOS:kernel:3.1.3
      Source file:   bsp\board.c
      Source file:   src\clock.c
      Source file:   src\components.c
      Source file:   src\idle.c
      Source file:   src\irq.c
      Source file:   src\kservice.c
      Source file:   src\ipc.c
      Include file:  bsp\rtconfig.h
      Source file:   src\mem.c
      Source file:   src\timer.c
      Source file:   src\scheduler.c
      Source file:   src\object.c
      Source file:   libcpu\arm\cortex-m0\cpuport.c
      Source file:   src\thread.c
      Source file:   libcpu\arm\cortex-m0\context_rvds.S
Build Time Elapsed:  00:00:13
</pre>
</body>
</html>
