Component: ARM Compiler 5.06 update 7 (build 960) Tool: armlink [4d3601]

==============================================================================

Section Cross References

    startup_stm32g071xx.o(RESET) refers to startup_stm32g071xx.o(STACK) for __initial_sp
    startup_stm32g071xx.o(RESET) refers to startup_stm32g071xx.o(.text) for Reset_Handler
    startup_stm32g071xx.o(RESET) refers to stm32g0xx_it.o(i.NMI_Handler) for NMI_Handler
    startup_stm32g071xx.o(RESET) refers to stm32g0xx_it.o(i.HardFault_Handler) for HardFault_Handler
    startup_stm32g071xx.o(RESET) refers to stm32g0xx_it.o(i.SVC_Handler) for SVC_Handler
    startup_stm32g071xx.o(RESET) refers to stm32g0xx_it.o(i.PendSV_Handler) for PendSV_Handler
    startup_stm32g071xx.o(RESET) refers to stm32g0xx_it.o(i.SysTick_Handler) for SysTick_Handler
    startup_stm32g071xx.o(.text) refers to system_stm32g0xx.o(i.SystemInit) for SystemInit
    startup_stm32g071xx.o(.text) refers to entry.o(.ARM.Collect$$$$00000000) for __main
    main.o(i.MX_GPIO_Init) refers to memseta.o(.text) for __aeabi_memclr4
    main.o(i.MX_GPIO_Init) refers to stm32g0xx_hal_gpio.o(i.HAL_GPIO_WritePin) for HAL_GPIO_WritePin
    main.o(i.MX_GPIO_Init) refers to stm32g0xx_hal_gpio.o(i.HAL_GPIO_Init) for HAL_GPIO_Init
    main.o(i.MX_SPI1_Init) refers to stm32g0xx_hal_spi.o(i.HAL_SPI_Init) for HAL_SPI_Init
    main.o(i.MX_SPI1_Init) refers to main.o(.bss) for .bss
    main.o(i.OLED_All) refers to main.o(i.OLED_Set_Pos) for OLED_Set_Pos
    main.o(i.OLED_All) refers to main.o(i.OLED_WR_Byte) for OLED_WR_Byte
    main.o(i.OLED_Clear) refers to main.o(i.OLED_Set_Pos) for OLED_Set_Pos
    main.o(i.OLED_Clear) refers to main.o(i.OLED_WR_Byte) for OLED_WR_Byte
    main.o(i.OLED_Display_Off) refers to main.o(i.OLED_WR_Byte) for OLED_WR_Byte
    main.o(i.OLED_Display_On) refers to main.o(i.OLED_WR_Byte) for OLED_WR_Byte
    main.o(i.OLED_DrawBMP) refers to main.o(i.OLED_Set_Pos) for OLED_Set_Pos
    main.o(i.OLED_DrawBMP) refers to main.o(i.OLED_WR_Byte) for OLED_WR_Byte
    main.o(i.OLED_DrawBMP) refers to main.o(.data) for .data
    main.o(i.OLED_Init) refers to stm32g0xx_hal_gpio.o(i.HAL_GPIO_WritePin) for HAL_GPIO_WritePin
    main.o(i.OLED_Init) refers to stm32g0xx_hal.o(i.HAL_Delay) for HAL_Delay
    main.o(i.OLED_Init) refers to main.o(i.OLED_WR_Byte) for OLED_WR_Byte
    main.o(i.OLED_Init) refers to main.o(i.OLED_Clear) for OLED_Clear
    main.o(i.OLED_Init) refers to main.o(i.OLED_Set_Pos) for OLED_Set_Pos
    main.o(i.OLED_Set_Pos) refers to main.o(i.OLED_WR_Byte) for OLED_WR_Byte
    main.o(i.OLED_ShowCHinese) refers to main.o(i.OLED_Set_Pos) for OLED_Set_Pos
    main.o(i.OLED_ShowCHinese) refers to main.o(i.OLED_WR_Byte) for OLED_WR_Byte
    main.o(i.OLED_ShowCHinese) refers to main.o(.data) for .data
    main.o(i.OLED_ShowChar) refers to main.o(i.OLED_Set_Pos) for OLED_Set_Pos
    main.o(i.OLED_ShowChar) refers to main.o(i.OLED_WR_Byte) for OLED_WR_Byte
    main.o(i.OLED_ShowChar) refers to main.o(.constdata) for .constdata
    main.o(i.OLED_ShowNum) refers to main.o(i.OLED_pow) for OLED_pow
    main.o(i.OLED_ShowNum) refers to uidiv.o(.text) for __aeabi_uidivmod
    main.o(i.OLED_ShowNum) refers to main.o(i.OLED_ShowChar) for OLED_ShowChar
    main.o(i.OLED_ShowString) refers to main.o(i.OLED_ShowChar) for OLED_ShowChar
    main.o(i.OLED_WR_Byte) refers to stm32g0xx_hal_gpio.o(i.HAL_GPIO_WritePin) for HAL_GPIO_WritePin
    main.o(i.OLED_WR_Byte) refers to stm32g0xx_hal_spi.o(i.HAL_SPI_Transmit) for HAL_SPI_Transmit
    main.o(i.OLED_WR_Byte) refers to main.o(.data) for .data
    main.o(i.OLED_WR_Byte) refers to main.o(.bss) for .bss
    main.o(i.SystemClock_Config) refers to memseta.o(.text) for __aeabi_memclr4
    main.o(i.SystemClock_Config) refers to stm32g0xx_hal_rcc.o(i.HAL_RCC_OscConfig) for HAL_RCC_OscConfig
    main.o(i.SystemClock_Config) refers to stm32g0xx_hal_rcc.o(i.HAL_RCC_ClockConfig) for HAL_RCC_ClockConfig
    main.o(i.main) refers to stm32g0xx_hal.o(i.HAL_Init) for HAL_Init
    main.o(i.main) refers to main.o(i.SystemClock_Config) for SystemClock_Config
    main.o(i.main) refers to main.o(i.MX_GPIO_Init) for MX_GPIO_Init
    main.o(i.main) refers to main.o(i.MX_SPI1_Init) for MX_SPI1_Init
    main.o(i.main) refers to main.o(i.OLED_Init) for OLED_Init
    main.o(i.main) refers to main.o(i.OLED_Clear) for OLED_Clear
    main.o(i.main) refers to main.o(i.OLED_ShowCHinese) for OLED_ShowCHinese
    main.o(i.main) refers to main.o(i.OLED_ShowString) for OLED_ShowString
    main.o(i.main) refers to main.o(i.OLED_ShowChar) for OLED_ShowChar
    main.o(i.main) refers to main.o(i.OLED_ShowNum) for OLED_ShowNum
    main.o(i.main) refers to stm32g0xx_hal.o(i.HAL_Delay) for HAL_Delay
    main.o(i.main) refers to main.o(i.OLED_All) for OLED_All
    main.o(i.main) refers to main.o(i.OLED_DrawBMP) for OLED_DrawBMP
    stm32g0xx_it.o(i.SysTick_Handler) refers to stm32g0xx_hal.o(i.HAL_IncTick) for HAL_IncTick
    stm32g0xx_hal_msp.o(i.HAL_MspInit) refers to stm32g0xx_hal.o(i.HAL_SYSCFG_StrobeDBattpinsConfig) for HAL_SYSCFG_StrobeDBattpinsConfig
    stm32g0xx_hal_msp.o(i.HAL_SPI_MspDeInit) refers to stm32g0xx_hal_gpio.o(i.HAL_GPIO_DeInit) for HAL_GPIO_DeInit
    stm32g0xx_hal_msp.o(i.HAL_SPI_MspInit) refers to memseta.o(.text) for __aeabi_memclr4
    stm32g0xx_hal_msp.o(i.HAL_SPI_MspInit) refers to stm32g0xx_hal_gpio.o(i.HAL_GPIO_Init) for HAL_GPIO_Init
    stm32g0xx_hal_spi.o(i.HAL_SPI_Abort) refers to uidiv.o(.text) for __aeabi_uidivmod
    stm32g0xx_hal_spi.o(i.HAL_SPI_Abort) refers to stm32g0xx_hal_dma.o(i.HAL_DMA_Abort) for HAL_DMA_Abort
    stm32g0xx_hal_spi.o(i.HAL_SPI_Abort) refers to stm32g0xx_hal.o(i.HAL_GetTick) for HAL_GetTick
    stm32g0xx_hal_spi.o(i.HAL_SPI_Abort) refers to stm32g0xx_hal_spi.o(i.SPI_EndRxTxTransaction) for SPI_EndRxTxTransaction
    stm32g0xx_hal_spi.o(i.HAL_SPI_Abort) refers to stm32g0xx_hal_spi.o(i.SPI_WaitFifoStateUntilTimeout) for SPI_WaitFifoStateUntilTimeout
    stm32g0xx_hal_spi.o(i.HAL_SPI_Abort) refers to stm32g0xx_hal_spi.o(i.SPI_WaitFlagStateUntilTimeout) for SPI_WaitFlagStateUntilTimeout
    stm32g0xx_hal_spi.o(i.HAL_SPI_Abort) refers to system_stm32g0xx.o(.data) for SystemCoreClock
    stm32g0xx_hal_spi.o(i.HAL_SPI_Abort) refers to stm32g0xx_hal_spi.o(i.SPI_AbortTx_ISR) for SPI_AbortTx_ISR
    stm32g0xx_hal_spi.o(i.HAL_SPI_Abort) refers to stm32g0xx_hal_spi.o(i.SPI_AbortRx_ISR) for SPI_AbortRx_ISR
    stm32g0xx_hal_spi.o(i.HAL_SPI_Abort_IT) refers to uidiv.o(.text) for __aeabi_uidivmod
    stm32g0xx_hal_spi.o(i.HAL_SPI_Abort_IT) refers to stm32g0xx_hal_dma.o(i.HAL_DMA_Abort_IT) for HAL_DMA_Abort_IT
    stm32g0xx_hal_spi.o(i.HAL_SPI_Abort_IT) refers to stm32g0xx_hal_spi.o(i.HAL_SPI_AbortCpltCallback) for HAL_SPI_AbortCpltCallback
    stm32g0xx_hal_spi.o(i.HAL_SPI_Abort_IT) refers to system_stm32g0xx.o(.data) for SystemCoreClock
    stm32g0xx_hal_spi.o(i.HAL_SPI_Abort_IT) refers to stm32g0xx_hal_spi.o(i.SPI_AbortTx_ISR) for SPI_AbortTx_ISR
    stm32g0xx_hal_spi.o(i.HAL_SPI_Abort_IT) refers to stm32g0xx_hal_spi.o(i.SPI_AbortRx_ISR) for SPI_AbortRx_ISR
    stm32g0xx_hal_spi.o(i.HAL_SPI_Abort_IT) refers to stm32g0xx_hal_spi.o(i.SPI_DMATxAbortCallback) for SPI_DMATxAbortCallback
    stm32g0xx_hal_spi.o(i.HAL_SPI_Abort_IT) refers to stm32g0xx_hal_spi.o(i.SPI_DMARxAbortCallback) for SPI_DMARxAbortCallback
    stm32g0xx_hal_spi.o(i.HAL_SPI_DMAStop) refers to stm32g0xx_hal_dma.o(i.HAL_DMA_Abort) for HAL_DMA_Abort
    stm32g0xx_hal_spi.o(i.HAL_SPI_DeInit) refers to stm32g0xx_hal_msp.o(i.HAL_SPI_MspDeInit) for HAL_SPI_MspDeInit
    stm32g0xx_hal_spi.o(i.HAL_SPI_IRQHandler) refers to stm32g0xx_hal_dma.o(i.HAL_DMA_Abort_IT) for HAL_DMA_Abort_IT
    stm32g0xx_hal_spi.o(i.HAL_SPI_IRQHandler) refers to stm32g0xx_hal_spi.o(i.HAL_SPI_ErrorCallback) for HAL_SPI_ErrorCallback
    stm32g0xx_hal_spi.o(i.HAL_SPI_IRQHandler) refers to stm32g0xx_hal_spi.o(i.SPI_DMAAbortOnError) for SPI_DMAAbortOnError
    stm32g0xx_hal_spi.o(i.HAL_SPI_Init) refers to stm32g0xx_hal_msp.o(i.HAL_SPI_MspInit) for HAL_SPI_MspInit
    stm32g0xx_hal_spi.o(i.HAL_SPI_Receive) refers to stm32g0xx_hal.o(i.HAL_GetTick) for HAL_GetTick
    stm32g0xx_hal_spi.o(i.HAL_SPI_Receive) refers to stm32g0xx_hal_spi.o(i.HAL_SPI_TransmitReceive) for HAL_SPI_TransmitReceive
    stm32g0xx_hal_spi.o(i.HAL_SPI_Receive) refers to stm32g0xx_hal_spi.o(i.SPI_EndRxTransaction) for SPI_EndRxTransaction
    stm32g0xx_hal_spi.o(i.HAL_SPI_Receive_DMA) refers to stm32g0xx_hal_spi.o(i.HAL_SPI_TransmitReceive_DMA) for HAL_SPI_TransmitReceive_DMA
    stm32g0xx_hal_spi.o(i.HAL_SPI_Receive_DMA) refers to stm32g0xx_hal_dma.o(i.HAL_DMA_Start_IT) for HAL_DMA_Start_IT
    stm32g0xx_hal_spi.o(i.HAL_SPI_Receive_DMA) refers to stm32g0xx_hal_spi.o(i.SPI_DMAHalfReceiveCplt) for SPI_DMAHalfReceiveCplt
    stm32g0xx_hal_spi.o(i.HAL_SPI_Receive_DMA) refers to stm32g0xx_hal_spi.o(i.SPI_DMAReceiveCplt) for SPI_DMAReceiveCplt
    stm32g0xx_hal_spi.o(i.HAL_SPI_Receive_DMA) refers to stm32g0xx_hal_spi.o(i.SPI_DMAError) for SPI_DMAError
    stm32g0xx_hal_spi.o(i.HAL_SPI_Receive_IT) refers to stm32g0xx_hal_spi.o(i.HAL_SPI_TransmitReceive_IT) for HAL_SPI_TransmitReceive_IT
    stm32g0xx_hal_spi.o(i.HAL_SPI_Receive_IT) refers to stm32g0xx_hal_spi.o(i.SPI_RxISR_16BIT) for SPI_RxISR_16BIT
    stm32g0xx_hal_spi.o(i.HAL_SPI_Receive_IT) refers to stm32g0xx_hal_spi.o(i.SPI_RxISR_8BIT) for SPI_RxISR_8BIT
    stm32g0xx_hal_spi.o(i.HAL_SPI_Transmit) refers to stm32g0xx_hal.o(i.HAL_GetTick) for HAL_GetTick
    stm32g0xx_hal_spi.o(i.HAL_SPI_Transmit) refers to stm32g0xx_hal_spi.o(i.SPI_EndRxTxTransaction) for SPI_EndRxTxTransaction
    stm32g0xx_hal_spi.o(i.HAL_SPI_TransmitReceive) refers to stm32g0xx_hal.o(i.HAL_GetTick) for HAL_GetTick
    stm32g0xx_hal_spi.o(i.HAL_SPI_TransmitReceive) refers to stm32g0xx_hal_spi.o(i.SPI_EndRxTxTransaction) for SPI_EndRxTxTransaction
    stm32g0xx_hal_spi.o(i.HAL_SPI_TransmitReceive_DMA) refers to stm32g0xx_hal_dma.o(i.HAL_DMA_Start_IT) for HAL_DMA_Start_IT
    stm32g0xx_hal_spi.o(i.HAL_SPI_TransmitReceive_DMA) refers to stm32g0xx_hal_spi.o(i.SPI_DMAHalfTransmitReceiveCplt) for SPI_DMAHalfTransmitReceiveCplt
    stm32g0xx_hal_spi.o(i.HAL_SPI_TransmitReceive_DMA) refers to stm32g0xx_hal_spi.o(i.SPI_DMATransmitReceiveCplt) for SPI_DMATransmitReceiveCplt
    stm32g0xx_hal_spi.o(i.HAL_SPI_TransmitReceive_DMA) refers to stm32g0xx_hal_spi.o(i.SPI_DMAError) for SPI_DMAError
    stm32g0xx_hal_spi.o(i.HAL_SPI_TransmitReceive_DMA) refers to stm32g0xx_hal_spi.o(i.SPI_DMAHalfReceiveCplt) for SPI_DMAHalfReceiveCplt
    stm32g0xx_hal_spi.o(i.HAL_SPI_TransmitReceive_DMA) refers to stm32g0xx_hal_spi.o(i.SPI_DMAReceiveCplt) for SPI_DMAReceiveCplt
    stm32g0xx_hal_spi.o(i.HAL_SPI_TransmitReceive_IT) refers to stm32g0xx_hal_spi.o(i.SPI_2linesRxISR_16BIT) for SPI_2linesRxISR_16BIT
    stm32g0xx_hal_spi.o(i.HAL_SPI_TransmitReceive_IT) refers to stm32g0xx_hal_spi.o(i.SPI_2linesTxISR_16BIT) for SPI_2linesTxISR_16BIT
    stm32g0xx_hal_spi.o(i.HAL_SPI_TransmitReceive_IT) refers to stm32g0xx_hal_spi.o(i.SPI_2linesRxISR_8BIT) for SPI_2linesRxISR_8BIT
    stm32g0xx_hal_spi.o(i.HAL_SPI_TransmitReceive_IT) refers to stm32g0xx_hal_spi.o(i.SPI_2linesTxISR_8BIT) for SPI_2linesTxISR_8BIT
    stm32g0xx_hal_spi.o(i.HAL_SPI_Transmit_DMA) refers to stm32g0xx_hal_dma.o(i.HAL_DMA_Start_IT) for HAL_DMA_Start_IT
    stm32g0xx_hal_spi.o(i.HAL_SPI_Transmit_DMA) refers to stm32g0xx_hal_spi.o(i.SPI_DMAHalfTransmitCplt) for SPI_DMAHalfTransmitCplt
    stm32g0xx_hal_spi.o(i.HAL_SPI_Transmit_DMA) refers to stm32g0xx_hal_spi.o(i.SPI_DMATransmitCplt) for SPI_DMATransmitCplt
    stm32g0xx_hal_spi.o(i.HAL_SPI_Transmit_DMA) refers to stm32g0xx_hal_spi.o(i.SPI_DMAError) for SPI_DMAError
    stm32g0xx_hal_spi.o(i.HAL_SPI_Transmit_IT) refers to stm32g0xx_hal_spi.o(i.SPI_TxISR_16BIT) for SPI_TxISR_16BIT
    stm32g0xx_hal_spi.o(i.HAL_SPI_Transmit_IT) refers to stm32g0xx_hal_spi.o(i.SPI_TxISR_8BIT) for SPI_TxISR_8BIT
    stm32g0xx_hal_spi.o(i.SPI_2linesRxISR_16BIT) refers to stm32g0xx_hal_spi.o(i.SPI_CloseRxTx_ISR) for SPI_CloseRxTx_ISR
    stm32g0xx_hal_spi.o(i.SPI_2linesRxISR_8BIT) refers to stm32g0xx_hal_spi.o(i.SPI_CloseRxTx_ISR) for SPI_CloseRxTx_ISR
    stm32g0xx_hal_spi.o(i.SPI_2linesTxISR_16BIT) refers to stm32g0xx_hal_spi.o(i.SPI_CloseRxTx_ISR) for SPI_CloseRxTx_ISR
    stm32g0xx_hal_spi.o(i.SPI_2linesTxISR_8BIT) refers to stm32g0xx_hal_spi.o(i.SPI_CloseRxTx_ISR) for SPI_CloseRxTx_ISR
    stm32g0xx_hal_spi.o(i.SPI_AbortRx_ISR) refers to uidiv.o(.text) for __aeabi_uidivmod
    stm32g0xx_hal_spi.o(i.SPI_AbortRx_ISR) refers to stm32g0xx_hal.o(i.HAL_GetTick) for HAL_GetTick
    stm32g0xx_hal_spi.o(i.SPI_AbortRx_ISR) refers to stm32g0xx_hal_spi.o(i.SPI_WaitFlagStateUntilTimeout) for SPI_WaitFlagStateUntilTimeout
    stm32g0xx_hal_spi.o(i.SPI_AbortRx_ISR) refers to stm32g0xx_hal_spi.o(i.SPI_WaitFifoStateUntilTimeout) for SPI_WaitFifoStateUntilTimeout
    stm32g0xx_hal_spi.o(i.SPI_AbortRx_ISR) refers to system_stm32g0xx.o(.data) for SystemCoreClock
    stm32g0xx_hal_spi.o(i.SPI_AbortTx_ISR) refers to uidiv.o(.text) for __aeabi_uidivmod
    stm32g0xx_hal_spi.o(i.SPI_AbortTx_ISR) refers to stm32g0xx_hal.o(i.HAL_GetTick) for HAL_GetTick
    stm32g0xx_hal_spi.o(i.SPI_AbortTx_ISR) refers to stm32g0xx_hal_spi.o(i.SPI_EndRxTxTransaction) for SPI_EndRxTxTransaction
    stm32g0xx_hal_spi.o(i.SPI_AbortTx_ISR) refers to stm32g0xx_hal_spi.o(i.SPI_WaitFifoStateUntilTimeout) for SPI_WaitFifoStateUntilTimeout
    stm32g0xx_hal_spi.o(i.SPI_AbortTx_ISR) refers to stm32g0xx_hal_spi.o(i.SPI_WaitFlagStateUntilTimeout) for SPI_WaitFlagStateUntilTimeout
    stm32g0xx_hal_spi.o(i.SPI_AbortTx_ISR) refers to system_stm32g0xx.o(.data) for SystemCoreClock
    stm32g0xx_hal_spi.o(i.SPI_CloseRxTx_ISR) refers to stm32g0xx_hal.o(i.HAL_GetTick) for HAL_GetTick
    stm32g0xx_hal_spi.o(i.SPI_CloseRxTx_ISR) refers to stm32g0xx_hal_spi.o(i.SPI_EndRxTxTransaction) for SPI_EndRxTxTransaction
    stm32g0xx_hal_spi.o(i.SPI_CloseRxTx_ISR) refers to stm32g0xx_hal_spi.o(i.HAL_SPI_ErrorCallback) for HAL_SPI_ErrorCallback
    stm32g0xx_hal_spi.o(i.SPI_CloseRxTx_ISR) refers to stm32g0xx_hal_spi.o(i.HAL_SPI_TxRxCpltCallback) for HAL_SPI_TxRxCpltCallback
    stm32g0xx_hal_spi.o(i.SPI_CloseRxTx_ISR) refers to stm32g0xx_hal_spi.o(i.HAL_SPI_RxCpltCallback) for HAL_SPI_RxCpltCallback
    stm32g0xx_hal_spi.o(i.SPI_CloseRx_ISR) refers to stm32g0xx_hal.o(i.HAL_GetTick) for HAL_GetTick
    stm32g0xx_hal_spi.o(i.SPI_CloseRx_ISR) refers to stm32g0xx_hal_spi.o(i.SPI_EndRxTransaction) for SPI_EndRxTransaction
    stm32g0xx_hal_spi.o(i.SPI_CloseRx_ISR) refers to stm32g0xx_hal_spi.o(i.HAL_SPI_ErrorCallback) for HAL_SPI_ErrorCallback
    stm32g0xx_hal_spi.o(i.SPI_CloseRx_ISR) refers to stm32g0xx_hal_spi.o(i.HAL_SPI_RxCpltCallback) for HAL_SPI_RxCpltCallback
    stm32g0xx_hal_spi.o(i.SPI_CloseTx_ISR) refers to stm32g0xx_hal.o(i.HAL_GetTick) for HAL_GetTick
    stm32g0xx_hal_spi.o(i.SPI_CloseTx_ISR) refers to stm32g0xx_hal_spi.o(i.SPI_EndRxTxTransaction) for SPI_EndRxTxTransaction
    stm32g0xx_hal_spi.o(i.SPI_CloseTx_ISR) refers to stm32g0xx_hal_spi.o(i.HAL_SPI_ErrorCallback) for HAL_SPI_ErrorCallback
    stm32g0xx_hal_spi.o(i.SPI_CloseTx_ISR) refers to stm32g0xx_hal_spi.o(i.HAL_SPI_TxCpltCallback) for HAL_SPI_TxCpltCallback
    stm32g0xx_hal_spi.o(i.SPI_DMAAbortOnError) refers to stm32g0xx_hal_spi.o(i.HAL_SPI_ErrorCallback) for HAL_SPI_ErrorCallback
    stm32g0xx_hal_spi.o(i.SPI_DMAError) refers to stm32g0xx_hal_spi.o(i.HAL_SPI_ErrorCallback) for HAL_SPI_ErrorCallback
    stm32g0xx_hal_spi.o(i.SPI_DMAHalfReceiveCplt) refers to stm32g0xx_hal_spi.o(i.HAL_SPI_RxHalfCpltCallback) for HAL_SPI_RxHalfCpltCallback
    stm32g0xx_hal_spi.o(i.SPI_DMAHalfTransmitCplt) refers to stm32g0xx_hal_spi.o(i.HAL_SPI_TxHalfCpltCallback) for HAL_SPI_TxHalfCpltCallback
    stm32g0xx_hal_spi.o(i.SPI_DMAHalfTransmitReceiveCplt) refers to stm32g0xx_hal_spi.o(i.HAL_SPI_TxRxHalfCpltCallback) for HAL_SPI_TxRxHalfCpltCallback
    stm32g0xx_hal_spi.o(i.SPI_DMAReceiveCplt) refers to stm32g0xx_hal.o(i.HAL_GetTick) for HAL_GetTick
    stm32g0xx_hal_spi.o(i.SPI_DMAReceiveCplt) refers to stm32g0xx_hal_spi.o(i.SPI_EndRxTransaction) for SPI_EndRxTransaction
    stm32g0xx_hal_spi.o(i.SPI_DMAReceiveCplt) refers to stm32g0xx_hal_spi.o(i.HAL_SPI_ErrorCallback) for HAL_SPI_ErrorCallback
    stm32g0xx_hal_spi.o(i.SPI_DMAReceiveCplt) refers to stm32g0xx_hal_spi.o(i.HAL_SPI_RxCpltCallback) for HAL_SPI_RxCpltCallback
    stm32g0xx_hal_spi.o(i.SPI_DMARxAbortCallback) refers to stm32g0xx_hal.o(i.HAL_GetTick) for HAL_GetTick
    stm32g0xx_hal_spi.o(i.SPI_DMARxAbortCallback) refers to stm32g0xx_hal_spi.o(i.SPI_WaitFlagStateUntilTimeout) for SPI_WaitFlagStateUntilTimeout
    stm32g0xx_hal_spi.o(i.SPI_DMARxAbortCallback) refers to stm32g0xx_hal_spi.o(i.SPI_WaitFifoStateUntilTimeout) for SPI_WaitFifoStateUntilTimeout
    stm32g0xx_hal_spi.o(i.SPI_DMARxAbortCallback) refers to stm32g0xx_hal_spi.o(i.HAL_SPI_AbortCpltCallback) for HAL_SPI_AbortCpltCallback
    stm32g0xx_hal_spi.o(i.SPI_DMATransmitCplt) refers to stm32g0xx_hal.o(i.HAL_GetTick) for HAL_GetTick
    stm32g0xx_hal_spi.o(i.SPI_DMATransmitCplt) refers to stm32g0xx_hal_spi.o(i.SPI_EndRxTxTransaction) for SPI_EndRxTxTransaction
    stm32g0xx_hal_spi.o(i.SPI_DMATransmitCplt) refers to stm32g0xx_hal_spi.o(i.HAL_SPI_ErrorCallback) for HAL_SPI_ErrorCallback
    stm32g0xx_hal_spi.o(i.SPI_DMATransmitCplt) refers to stm32g0xx_hal_spi.o(i.HAL_SPI_TxCpltCallback) for HAL_SPI_TxCpltCallback
    stm32g0xx_hal_spi.o(i.SPI_DMATransmitReceiveCplt) refers to stm32g0xx_hal.o(i.HAL_GetTick) for HAL_GetTick
    stm32g0xx_hal_spi.o(i.SPI_DMATransmitReceiveCplt) refers to stm32g0xx_hal_spi.o(i.SPI_EndRxTxTransaction) for SPI_EndRxTxTransaction
    stm32g0xx_hal_spi.o(i.SPI_DMATransmitReceiveCplt) refers to stm32g0xx_hal_spi.o(i.HAL_SPI_ErrorCallback) for HAL_SPI_ErrorCallback
    stm32g0xx_hal_spi.o(i.SPI_DMATransmitReceiveCplt) refers to stm32g0xx_hal_spi.o(i.HAL_SPI_TxRxCpltCallback) for HAL_SPI_TxRxCpltCallback
    stm32g0xx_hal_spi.o(i.SPI_DMATxAbortCallback) refers to stm32g0xx_hal.o(i.HAL_GetTick) for HAL_GetTick
    stm32g0xx_hal_spi.o(i.SPI_DMATxAbortCallback) refers to stm32g0xx_hal_spi.o(i.SPI_EndRxTxTransaction) for SPI_EndRxTxTransaction
    stm32g0xx_hal_spi.o(i.SPI_DMATxAbortCallback) refers to stm32g0xx_hal_spi.o(i.SPI_WaitFifoStateUntilTimeout) for SPI_WaitFifoStateUntilTimeout
    stm32g0xx_hal_spi.o(i.SPI_DMATxAbortCallback) refers to stm32g0xx_hal_spi.o(i.HAL_SPI_AbortCpltCallback) for HAL_SPI_AbortCpltCallback
    stm32g0xx_hal_spi.o(i.SPI_EndRxTransaction) refers to stm32g0xx_hal_spi.o(i.SPI_WaitFlagStateUntilTimeout) for SPI_WaitFlagStateUntilTimeout
    stm32g0xx_hal_spi.o(i.SPI_EndRxTransaction) refers to stm32g0xx_hal_spi.o(i.SPI_WaitFifoStateUntilTimeout) for SPI_WaitFifoStateUntilTimeout
    stm32g0xx_hal_spi.o(i.SPI_EndRxTxTransaction) refers to stm32g0xx_hal_spi.o(i.SPI_WaitFifoStateUntilTimeout) for SPI_WaitFifoStateUntilTimeout
    stm32g0xx_hal_spi.o(i.SPI_EndRxTxTransaction) refers to stm32g0xx_hal_spi.o(i.SPI_WaitFlagStateUntilTimeout) for SPI_WaitFlagStateUntilTimeout
    stm32g0xx_hal_spi.o(i.SPI_RxISR_16BIT) refers to stm32g0xx_hal_spi.o(i.SPI_CloseRx_ISR) for SPI_CloseRx_ISR
    stm32g0xx_hal_spi.o(i.SPI_RxISR_8BIT) refers to stm32g0xx_hal_spi.o(i.SPI_CloseRx_ISR) for SPI_CloseRx_ISR
    stm32g0xx_hal_spi.o(i.SPI_TxISR_16BIT) refers to stm32g0xx_hal_spi.o(i.SPI_CloseTx_ISR) for SPI_CloseTx_ISR
    stm32g0xx_hal_spi.o(i.SPI_TxISR_8BIT) refers to stm32g0xx_hal_spi.o(i.SPI_CloseTx_ISR) for SPI_CloseTx_ISR
    stm32g0xx_hal_spi.o(i.SPI_WaitFifoStateUntilTimeout) refers to stm32g0xx_hal.o(i.HAL_GetTick) for HAL_GetTick
    stm32g0xx_hal_spi.o(i.SPI_WaitFifoStateUntilTimeout) refers to system_stm32g0xx.o(.data) for SystemCoreClock
    stm32g0xx_hal_spi.o(i.SPI_WaitFlagStateUntilTimeout) refers to stm32g0xx_hal.o(i.HAL_GetTick) for HAL_GetTick
    stm32g0xx_hal_spi.o(i.SPI_WaitFlagStateUntilTimeout) refers to system_stm32g0xx.o(.data) for SystemCoreClock
    stm32g0xx_hal_rcc.o(i.HAL_RCC_ClockConfig) refers to stm32g0xx_hal.o(i.HAL_GetTick) for HAL_GetTick
    stm32g0xx_hal_rcc.o(i.HAL_RCC_ClockConfig) refers to stm32g0xx_hal_rcc.o(i.HAL_RCC_GetSysClockFreq) for HAL_RCC_GetSysClockFreq
    stm32g0xx_hal_rcc.o(i.HAL_RCC_ClockConfig) refers to stm32g0xx_hal.o(i.HAL_InitTick) for HAL_InitTick
    stm32g0xx_hal_rcc.o(i.HAL_RCC_ClockConfig) refers to system_stm32g0xx.o(.constdata) for AHBPrescTable
    stm32g0xx_hal_rcc.o(i.HAL_RCC_ClockConfig) refers to system_stm32g0xx.o(.data) for SystemCoreClock
    stm32g0xx_hal_rcc.o(i.HAL_RCC_ClockConfig) refers to stm32g0xx_hal.o(.data) for uwTickPrio
    stm32g0xx_hal_rcc.o(i.HAL_RCC_DeInit) refers to stm32g0xx_hal.o(i.HAL_GetTick) for HAL_GetTick
    stm32g0xx_hal_rcc.o(i.HAL_RCC_DeInit) refers to stm32g0xx_hal.o(i.HAL_InitTick) for HAL_InitTick
    stm32g0xx_hal_rcc.o(i.HAL_RCC_DeInit) refers to system_stm32g0xx.o(.data) for SystemCoreClock
    stm32g0xx_hal_rcc.o(i.HAL_RCC_DeInit) refers to stm32g0xx_hal.o(.data) for uwTickPrio
    stm32g0xx_hal_rcc.o(i.HAL_RCC_GetHCLKFreq) refers to system_stm32g0xx.o(.data) for SystemCoreClock
    stm32g0xx_hal_rcc.o(i.HAL_RCC_GetPCLK1Freq) refers to system_stm32g0xx.o(.data) for SystemCoreClock
    stm32g0xx_hal_rcc.o(i.HAL_RCC_GetPCLK1Freq) refers to system_stm32g0xx.o(.constdata) for APBPrescTable
    stm32g0xx_hal_rcc.o(i.HAL_RCC_GetSysClockFreq) refers to uidiv.o(.text) for __aeabi_uidivmod
    stm32g0xx_hal_rcc.o(i.HAL_RCC_MCOConfig) refers to stm32g0xx_hal_gpio.o(i.HAL_GPIO_Init) for HAL_GPIO_Init
    stm32g0xx_hal_rcc.o(i.HAL_RCC_NMI_IRQHandler) refers to stm32g0xx_hal_rcc.o(i.HAL_RCC_CSSCallback) for HAL_RCC_CSSCallback
    stm32g0xx_hal_rcc.o(i.HAL_RCC_NMI_IRQHandler) refers to stm32g0xx_hal_rcc.o(i.HAL_RCC_LSECSSCallback) for HAL_RCC_LSECSSCallback
    stm32g0xx_hal_rcc.o(i.HAL_RCC_OscConfig) refers to stm32g0xx_hal.o(i.HAL_GetTick) for HAL_GetTick
    stm32g0xx_hal_rcc.o(i.HAL_RCC_OscConfig) refers to uidiv.o(.text) for __aeabi_uidivmod
    stm32g0xx_hal_rcc.o(i.HAL_RCC_OscConfig) refers to stm32g0xx_hal.o(i.HAL_InitTick) for HAL_InitTick
    stm32g0xx_hal_rcc.o(i.HAL_RCC_OscConfig) refers to system_stm32g0xx.o(.data) for SystemCoreClock
    stm32g0xx_hal_rcc.o(i.HAL_RCC_OscConfig) refers to stm32g0xx_hal.o(.data) for uwTickPrio
    stm32g0xx_hal_rcc_ex.o(i.HAL_RCCEx_DisableLSCO) refers to stm32g0xx_hal_pwr.o(i.HAL_PWR_EnableBkUpAccess) for HAL_PWR_EnableBkUpAccess
    stm32g0xx_hal_rcc_ex.o(i.HAL_RCCEx_DisableLSCO) refers to stm32g0xx_hal_pwr.o(i.HAL_PWR_DisableBkUpAccess) for HAL_PWR_DisableBkUpAccess
    stm32g0xx_hal_rcc_ex.o(i.HAL_RCCEx_EnableLSCO) refers to stm32g0xx_hal_gpio.o(i.HAL_GPIO_Init) for HAL_GPIO_Init
    stm32g0xx_hal_rcc_ex.o(i.HAL_RCCEx_EnableLSCO) refers to stm32g0xx_hal_pwr.o(i.HAL_PWR_EnableBkUpAccess) for HAL_PWR_EnableBkUpAccess
    stm32g0xx_hal_rcc_ex.o(i.HAL_RCCEx_EnableLSCO) refers to stm32g0xx_hal_pwr.o(i.HAL_PWR_DisableBkUpAccess) for HAL_PWR_DisableBkUpAccess
    stm32g0xx_hal_rcc_ex.o(i.HAL_RCCEx_GetPeriphCLKFreq) refers to uidiv.o(.text) for __aeabi_uidivmod
    stm32g0xx_hal_rcc_ex.o(i.HAL_RCCEx_GetPeriphCLKFreq) refers to stm32g0xx_hal_rcc.o(i.HAL_RCC_GetSysClockFreq) for HAL_RCC_GetSysClockFreq
    stm32g0xx_hal_rcc_ex.o(i.HAL_RCCEx_GetPeriphCLKFreq) refers to stm32g0xx_hal_rcc.o(i.HAL_RCC_GetPCLK1Freq) for HAL_RCC_GetPCLK1Freq
    stm32g0xx_hal_rcc_ex.o(i.HAL_RCCEx_PeriphCLKConfig) refers to stm32g0xx_hal.o(i.HAL_GetTick) for HAL_GetTick
    stm32g0xx_hal_flash.o(i.FLASH_WaitForLastOperation) refers to stm32g0xx_hal.o(i.HAL_GetTick) for HAL_GetTick
    stm32g0xx_hal_flash.o(i.FLASH_WaitForLastOperation) refers to stm32g0xx_hal_flash.o(.bss) for .bss
    stm32g0xx_hal_flash.o(i.HAL_FLASH_GetError) refers to stm32g0xx_hal_flash.o(.bss) for .bss
    stm32g0xx_hal_flash.o(i.HAL_FLASH_IRQHandler) refers to stm32g0xx_hal_flash.o(i.HAL_FLASH_OperationErrorCallback) for HAL_FLASH_OperationErrorCallback
    stm32g0xx_hal_flash.o(i.HAL_FLASH_IRQHandler) refers to stm32g0xx_hal_flash_ex.o(i.FLASH_PageErase) for FLASH_PageErase
    stm32g0xx_hal_flash.o(i.HAL_FLASH_IRQHandler) refers to stm32g0xx_hal_flash.o(i.HAL_FLASH_EndOfOperationCallback) for HAL_FLASH_EndOfOperationCallback
    stm32g0xx_hal_flash.o(i.HAL_FLASH_IRQHandler) refers to stm32g0xx_hal_flash.o(.bss) for .bss
    stm32g0xx_hal_flash.o(i.HAL_FLASH_Program) refers to stm32g0xx_hal_flash.o(i.FLASH_WaitForLastOperation) for FLASH_WaitForLastOperation
    stm32g0xx_hal_flash.o(i.HAL_FLASH_Program) refers to stm32g0xx_hal_flash.o(i.FLASH_Program_Fast) for FLASH_Program_Fast
    stm32g0xx_hal_flash.o(i.HAL_FLASH_Program) refers to stm32g0xx_hal_flash.o(i.FLASH_Program_DoubleWord) for FLASH_Program_DoubleWord
    stm32g0xx_hal_flash.o(i.HAL_FLASH_Program) refers to stm32g0xx_hal_flash.o(.bss) for .bss
    stm32g0xx_hal_flash.o(i.HAL_FLASH_Program_IT) refers to stm32g0xx_hal_flash.o(i.FLASH_WaitForLastOperation) for FLASH_WaitForLastOperation
    stm32g0xx_hal_flash.o(i.HAL_FLASH_Program_IT) refers to stm32g0xx_hal_flash.o(i.FLASH_Program_Fast) for FLASH_Program_Fast
    stm32g0xx_hal_flash.o(i.HAL_FLASH_Program_IT) refers to stm32g0xx_hal_flash.o(i.FLASH_Program_DoubleWord) for FLASH_Program_DoubleWord
    stm32g0xx_hal_flash.o(i.HAL_FLASH_Program_IT) refers to stm32g0xx_hal_flash.o(.bss) for .bss
    stm32g0xx_hal_flash_ex.o(i.HAL_FLASHEx_Erase) refers to stm32g0xx_hal_flash.o(i.FLASH_WaitForLastOperation) for FLASH_WaitForLastOperation
    stm32g0xx_hal_flash_ex.o(i.HAL_FLASHEx_Erase) refers to stm32g0xx_hal_flash_ex.o(i.FLASH_MassErase) for FLASH_MassErase
    stm32g0xx_hal_flash_ex.o(i.HAL_FLASHEx_Erase) refers to stm32g0xx_hal_flash_ex.o(i.FLASH_PageErase) for FLASH_PageErase
    stm32g0xx_hal_flash_ex.o(i.HAL_FLASHEx_Erase) refers to stm32g0xx_hal_flash.o(.bss) for pFlash
    stm32g0xx_hal_flash_ex.o(i.HAL_FLASHEx_Erase_IT) refers to stm32g0xx_hal_flash.o(i.FLASH_WaitForLastOperation) for FLASH_WaitForLastOperation
    stm32g0xx_hal_flash_ex.o(i.HAL_FLASHEx_Erase_IT) refers to stm32g0xx_hal_flash_ex.o(i.FLASH_PageErase) for FLASH_PageErase
    stm32g0xx_hal_flash_ex.o(i.HAL_FLASHEx_Erase_IT) refers to stm32g0xx_hal_flash_ex.o(i.FLASH_MassErase) for FLASH_MassErase
    stm32g0xx_hal_flash_ex.o(i.HAL_FLASHEx_Erase_IT) refers to stm32g0xx_hal_flash.o(.bss) for pFlash
    stm32g0xx_hal_flash_ex.o(i.HAL_FLASHEx_OBGetConfig) refers to stm32g0xx_hal_flash_ex.o(i.FLASH_OB_GetRDP) for FLASH_OB_GetRDP
    stm32g0xx_hal_flash_ex.o(i.HAL_FLASHEx_OBGetConfig) refers to stm32g0xx_hal_flash_ex.o(i.FLASH_OB_GetUser) for FLASH_OB_GetUser
    stm32g0xx_hal_flash_ex.o(i.HAL_FLASHEx_OBProgram) refers to stm32g0xx_hal_flash_ex.o(i.FLASH_OB_GetUser) for FLASH_OB_GetUser
    stm32g0xx_hal_flash_ex.o(i.HAL_FLASHEx_OBProgram) refers to stm32g0xx_hal_flash_ex.o(i.FLASH_OB_GetRDP) for FLASH_OB_GetRDP
    stm32g0xx_hal_flash_ex.o(i.HAL_FLASHEx_OBProgram) refers to stm32g0xx_hal_flash_ex.o(i.FLASH_OB_OptrConfig) for FLASH_OB_OptrConfig
    stm32g0xx_hal_flash_ex.o(i.HAL_FLASHEx_OBProgram) refers to stm32g0xx_hal_flash.o(i.FLASH_WaitForLastOperation) for FLASH_WaitForLastOperation
    stm32g0xx_hal_flash_ex.o(i.HAL_FLASHEx_OBProgram) refers to stm32g0xx_hal_flash.o(.bss) for pFlash
    stm32g0xx_hal_gpio.o(i.HAL_GPIO_EXTI_IRQHandler) refers to stm32g0xx_hal_gpio.o(i.HAL_GPIO_EXTI_Rising_Callback) for HAL_GPIO_EXTI_Rising_Callback
    stm32g0xx_hal_gpio.o(i.HAL_GPIO_EXTI_IRQHandler) refers to stm32g0xx_hal_gpio.o(i.HAL_GPIO_EXTI_Falling_Callback) for HAL_GPIO_EXTI_Falling_Callback
    stm32g0xx_hal_dma.o(i.DMA_CalcDMAMUXChannelBaseAndMask) refers to uidiv.o(.text) for __aeabi_uidivmod
    stm32g0xx_hal_dma.o(i.HAL_DMA_DeInit) refers to uidiv.o(.text) for __aeabi_uidivmod
    stm32g0xx_hal_dma.o(i.HAL_DMA_DeInit) refers to stm32g0xx_hal_dma.o(i.DMA_CalcDMAMUXChannelBaseAndMask) for DMA_CalcDMAMUXChannelBaseAndMask
    stm32g0xx_hal_dma.o(i.HAL_DMA_DeInit) refers to stm32g0xx_hal_dma.o(i.DMA_CalcDMAMUXRequestGenBaseAndMask) for DMA_CalcDMAMUXRequestGenBaseAndMask
    stm32g0xx_hal_dma.o(i.HAL_DMA_Init) refers to uidiv.o(.text) for __aeabi_uidivmod
    stm32g0xx_hal_dma.o(i.HAL_DMA_Init) refers to stm32g0xx_hal_dma.o(i.DMA_CalcDMAMUXChannelBaseAndMask) for DMA_CalcDMAMUXChannelBaseAndMask
    stm32g0xx_hal_dma.o(i.HAL_DMA_Init) refers to stm32g0xx_hal_dma.o(i.DMA_CalcDMAMUXRequestGenBaseAndMask) for DMA_CalcDMAMUXRequestGenBaseAndMask
    stm32g0xx_hal_dma.o(i.HAL_DMA_PollForTransfer) refers to stm32g0xx_hal.o(i.HAL_GetTick) for HAL_GetTick
    stm32g0xx_hal_dma.o(i.HAL_DMA_Start) refers to stm32g0xx_hal_dma.o(i.DMA_SetConfig) for DMA_SetConfig
    stm32g0xx_hal_dma.o(i.HAL_DMA_Start_IT) refers to stm32g0xx_hal_dma.o(i.DMA_SetConfig) for DMA_SetConfig
    stm32g0xx_hal_dma.o(i.HAL_DMA_UnRegisterCallback) refers to stm32g0xx_hal_dma.o(i.__ARM_common_switch8) for __ARM_common_switch8
    stm32g0xx_hal_pwr.o(i.HAL_PWR_EnterSLEEPMode) refers to stm32g0xx_hal_pwr_ex.o(i.HAL_PWREx_EnableLowPowerRunMode) for HAL_PWREx_EnableLowPowerRunMode
    stm32g0xx_hal_pwr.o(i.HAL_PWR_EnterSLEEPMode) refers to stm32g0xx_hal_pwr_ex.o(i.HAL_PWREx_DisableLowPowerRunMode) for HAL_PWREx_DisableLowPowerRunMode
    stm32g0xx_hal_pwr_ex.o(i.HAL_PWREx_ControlVoltageScaling) refers to uidiv.o(.text) for __aeabi_uidivmod
    stm32g0xx_hal_pwr_ex.o(i.HAL_PWREx_ControlVoltageScaling) refers to system_stm32g0xx.o(.data) for SystemCoreClock
    stm32g0xx_hal_pwr_ex.o(i.HAL_PWREx_DisableGPIOPullDown) refers to stm32g0xx_hal_dma.o(i.__ARM_common_switch8) for __ARM_common_switch8
    stm32g0xx_hal_pwr_ex.o(i.HAL_PWREx_DisableGPIOPullUp) refers to stm32g0xx_hal_dma.o(i.__ARM_common_switch8) for __ARM_common_switch8
    stm32g0xx_hal_pwr_ex.o(i.HAL_PWREx_DisableLowPowerRunMode) refers to uidiv.o(.text) for __aeabi_uidivmod
    stm32g0xx_hal_pwr_ex.o(i.HAL_PWREx_DisableLowPowerRunMode) refers to system_stm32g0xx.o(.data) for SystemCoreClock
    stm32g0xx_hal_pwr_ex.o(i.HAL_PWREx_EnableGPIOPullDown) refers to stm32g0xx_hal_dma.o(i.__ARM_common_switch8) for __ARM_common_switch8
    stm32g0xx_hal_pwr_ex.o(i.HAL_PWREx_EnableGPIOPullUp) refers to stm32g0xx_hal_dma.o(i.__ARM_common_switch8) for __ARM_common_switch8
    stm32g0xx_hal_pwr_ex.o(i.HAL_PWREx_PVD_IRQHandler) refers to stm32g0xx_hal_pwr_ex.o(i.HAL_PWREx_PVD_Rising_Callback) for HAL_PWREx_PVD_Rising_Callback
    stm32g0xx_hal_pwr_ex.o(i.HAL_PWREx_PVD_IRQHandler) refers to stm32g0xx_hal_pwr_ex.o(i.HAL_PWREx_PVD_Falling_Callback) for HAL_PWREx_PVD_Falling_Callback
    stm32g0xx_hal_cortex.o(i.HAL_NVIC_SetPriority) refers to stm32g0xx_hal_cortex.o(i.__NVIC_SetPriority) for __NVIC_SetPriority
    stm32g0xx_hal_cortex.o(i.HAL_SYSTICK_Config) refers to stm32g0xx_hal_cortex.o(i.__NVIC_SetPriority) for __NVIC_SetPriority
    stm32g0xx_hal_cortex.o(i.HAL_SYSTICK_IRQHandler) refers to stm32g0xx_hal_cortex.o(i.HAL_SYSTICK_Callback) for HAL_SYSTICK_Callback
    stm32g0xx_hal.o(i.HAL_DeInit) refers to stm32g0xx_hal.o(i.HAL_MspDeInit) for HAL_MspDeInit
    stm32g0xx_hal.o(i.HAL_Delay) refers to stm32g0xx_hal.o(i.HAL_GetTick) for HAL_GetTick
    stm32g0xx_hal.o(i.HAL_Delay) refers to stm32g0xx_hal.o(.data) for .data
    stm32g0xx_hal.o(i.HAL_GetTick) refers to stm32g0xx_hal.o(.data) for .data
    stm32g0xx_hal.o(i.HAL_GetTickFreq) refers to stm32g0xx_hal.o(.data) for .data
    stm32g0xx_hal.o(i.HAL_GetTickPrio) refers to stm32g0xx_hal.o(.data) for .data
    stm32g0xx_hal.o(i.HAL_IncTick) refers to stm32g0xx_hal.o(.data) for .data
    stm32g0xx_hal.o(i.HAL_Init) refers to stm32g0xx_hal.o(i.HAL_InitTick) for HAL_InitTick
    stm32g0xx_hal.o(i.HAL_Init) refers to stm32g0xx_hal_msp.o(i.HAL_MspInit) for HAL_MspInit
    stm32g0xx_hal.o(i.HAL_InitTick) refers to uidiv.o(.text) for __aeabi_uidivmod
    stm32g0xx_hal.o(i.HAL_InitTick) refers to stm32g0xx_hal_cortex.o(i.HAL_SYSTICK_Config) for HAL_SYSTICK_Config
    stm32g0xx_hal.o(i.HAL_InitTick) refers to stm32g0xx_hal_cortex.o(i.HAL_NVIC_SetPriority) for HAL_NVIC_SetPriority
    stm32g0xx_hal.o(i.HAL_InitTick) refers to stm32g0xx_hal.o(.data) for .data
    stm32g0xx_hal.o(i.HAL_InitTick) refers to system_stm32g0xx.o(.data) for SystemCoreClock
    stm32g0xx_hal.o(i.HAL_SYSCFG_EnableVREFBUF) refers to stm32g0xx_hal.o(i.HAL_GetTick) for HAL_GetTick
    stm32g0xx_hal.o(i.HAL_SetTickFreq) refers to stm32g0xx_hal.o(i.HAL_InitTick) for HAL_InitTick
    stm32g0xx_hal.o(i.HAL_SetTickFreq) refers to stm32g0xx_hal.o(.data) for .data
    system_stm32g0xx.o(i.SystemCoreClockUpdate) refers to uidiv.o(.text) for __aeabi_uidivmod
    system_stm32g0xx.o(i.SystemCoreClockUpdate) refers to system_stm32g0xx.o(.data) for .data
    system_stm32g0xx.o(i.SystemCoreClockUpdate) refers to system_stm32g0xx.o(.constdata) for .constdata
    entry.o(.ARM.Collect$$$$00000000) refers (Special) to entry10a.o(.ARM.Collect$$$$0000000F) for __rt_final_cpp
    entry.o(.ARM.Collect$$$$00000000) refers (Special) to entry11a.o(.ARM.Collect$$$$00000011) for __rt_final_exit
    entry.o(.ARM.Collect$$$$00000000) refers (Special) to entry12b.o(.ARM.Collect$$$$0000000E) for __rt_lib_shutdown_fini
    entry.o(.ARM.Collect$$$$00000000) refers (Special) to entry7b.o(.ARM.Collect$$$$00000008) for _main_clock
    entry.o(.ARM.Collect$$$$00000000) refers (Special) to entry8b.o(.ARM.Collect$$$$0000000A) for _main_cpp_init
    entry.o(.ARM.Collect$$$$00000000) refers (Special) to entry9a.o(.ARM.Collect$$$$0000000B) for _main_init
    entry.o(.ARM.Collect$$$$00000000) refers (Special) to entry5.o(.ARM.Collect$$$$00000004) for _main_scatterload
    entry.o(.ARM.Collect$$$$00000000) refers (Special) to entry2.o(.ARM.Collect$$$$00000001) for _main_stk
    entry2.o(.ARM.Collect$$$$00000001) refers to entry2.o(.ARM.Collect$$$$00002712) for __lit__00000000
    entry2.o(.ARM.Collect$$$$00002712) refers to startup_stm32g071xx.o(STACK) for __initial_sp
    entry2.o(__vectab_stack_and_reset_area) refers to startup_stm32g071xx.o(STACK) for __initial_sp
    entry2.o(__vectab_stack_and_reset_area) refers to entry.o(.ARM.Collect$$$$00000000) for __main
    entry5.o(.ARM.Collect$$$$00000004) refers to init.o(.text) for __scatterload
    entry9a.o(.ARM.Collect$$$$0000000B) refers to main.o(i.main) for main
    entry9b.o(.ARM.Collect$$$$0000000C) refers to main.o(i.main) for main
    init.o(.text) refers to entry5.o(.ARM.Collect$$$$00000004) for __main_after_scatterload


==============================================================================

Removing Unused input sections from the image.

    Removing startup_stm32g071xx.o(HEAP), (512 bytes).
    Removing main.o(.rev16_text), (4 bytes).
    Removing main.o(.revsh_text), (4 bytes).
    Removing main.o(i.Error_Handler), (4 bytes).
    Removing main.o(i.OLED_Display_Off), (28 bytes).
    Removing main.o(i.OLED_Display_On), (28 bytes).
    Removing main.o(.constdata), (552 bytes).
    Removing stm32g0xx_it.o(.rev16_text), (4 bytes).
    Removing stm32g0xx_it.o(.revsh_text), (4 bytes).
    Removing stm32g0xx_hal_msp.o(.rev16_text), (4 bytes).
    Removing stm32g0xx_hal_msp.o(.revsh_text), (4 bytes).
    Removing stm32g0xx_hal_msp.o(i.HAL_SPI_MspDeInit), (44 bytes).
    Removing stm32g0xx_hal_spi.o(.rev16_text), (4 bytes).
    Removing stm32g0xx_hal_spi.o(.revsh_text), (4 bytes).
    Removing stm32g0xx_hal_spi.o(i.HAL_SPI_Abort), (372 bytes).
    Removing stm32g0xx_hal_spi.o(i.HAL_SPI_AbortCpltCallback), (2 bytes).
    Removing stm32g0xx_hal_spi.o(i.HAL_SPI_Abort_IT), (308 bytes).
    Removing stm32g0xx_hal_spi.o(i.HAL_SPI_DMAPause), (34 bytes).
    Removing stm32g0xx_hal_spi.o(i.HAL_SPI_DMAResume), (34 bytes).
    Removing stm32g0xx_hal_spi.o(i.HAL_SPI_DMAStop), (72 bytes).
    Removing stm32g0xx_hal_spi.o(i.HAL_SPI_DeInit), (48 bytes).
    Removing stm32g0xx_hal_spi.o(i.HAL_SPI_ErrorCallback), (2 bytes).
    Removing stm32g0xx_hal_spi.o(i.HAL_SPI_GetError), (4 bytes).
    Removing stm32g0xx_hal_spi.o(i.HAL_SPI_GetState), (6 bytes).
    Removing stm32g0xx_hal_spi.o(i.HAL_SPI_IRQHandler), (248 bytes).
    Removing stm32g0xx_hal_spi.o(i.HAL_SPI_MspDeInit), (2 bytes).
    Removing stm32g0xx_hal_spi.o(i.HAL_SPI_MspInit), (2 bytes).
    Removing stm32g0xx_hal_spi.o(i.HAL_SPI_Receive), (360 bytes).
    Removing stm32g0xx_hal_spi.o(i.HAL_SPI_Receive_DMA), (332 bytes).
    Removing stm32g0xx_hal_spi.o(i.HAL_SPI_Receive_IT), (196 bytes).
    Removing stm32g0xx_hal_spi.o(i.HAL_SPI_RxCpltCallback), (2 bytes).
    Removing stm32g0xx_hal_spi.o(i.HAL_SPI_RxHalfCpltCallback), (2 bytes).
    Removing stm32g0xx_hal_spi.o(i.HAL_SPI_TransmitReceive), (498 bytes).
    Removing stm32g0xx_hal_spi.o(i.HAL_SPI_TransmitReceive_DMA), (444 bytes).
    Removing stm32g0xx_hal_spi.o(i.HAL_SPI_TransmitReceive_IT), (204 bytes).
    Removing stm32g0xx_hal_spi.o(i.HAL_SPI_Transmit_DMA), (272 bytes).
    Removing stm32g0xx_hal_spi.o(i.HAL_SPI_Transmit_IT), (152 bytes).
    Removing stm32g0xx_hal_spi.o(i.HAL_SPI_TxCpltCallback), (2 bytes).
    Removing stm32g0xx_hal_spi.o(i.HAL_SPI_TxHalfCpltCallback), (2 bytes).
    Removing stm32g0xx_hal_spi.o(i.HAL_SPI_TxRxCpltCallback), (2 bytes).
    Removing stm32g0xx_hal_spi.o(i.HAL_SPI_TxRxHalfCpltCallback), (2 bytes).
    Removing stm32g0xx_hal_spi.o(i.SPI_2linesRxISR_16BIT), (54 bytes).
    Removing stm32g0xx_hal_spi.o(i.SPI_2linesRxISR_8BIT), (96 bytes).
    Removing stm32g0xx_hal_spi.o(i.SPI_2linesTxISR_16BIT), (52 bytes).
    Removing stm32g0xx_hal_spi.o(i.SPI_2linesTxISR_8BIT), (74 bytes).
    Removing stm32g0xx_hal_spi.o(i.SPI_AbortRx_ISR), (132 bytes).
    Removing stm32g0xx_hal_spi.o(i.SPI_AbortTx_ISR), (220 bytes).
    Removing stm32g0xx_hal_spi.o(i.SPI_CloseRxTx_ISR), (82 bytes).
    Removing stm32g0xx_hal_spi.o(i.SPI_CloseRx_ISR), (66 bytes).
    Removing stm32g0xx_hal_spi.o(i.SPI_CloseTx_ISR), (80 bytes).
    Removing stm32g0xx_hal_spi.o(i.SPI_DMAAbortOnError), (18 bytes).
    Removing stm32g0xx_hal_spi.o(i.SPI_DMAError), (34 bytes).
    Removing stm32g0xx_hal_spi.o(i.SPI_DMAHalfReceiveCplt), (10 bytes).
    Removing stm32g0xx_hal_spi.o(i.SPI_DMAHalfTransmitCplt), (10 bytes).
    Removing stm32g0xx_hal_spi.o(i.SPI_DMAHalfTransmitReceiveCplt), (10 bytes).
    Removing stm32g0xx_hal_spi.o(i.SPI_DMAReceiveCplt), (112 bytes).
    Removing stm32g0xx_hal_spi.o(i.SPI_DMARxAbortCallback), (134 bytes).
    Removing stm32g0xx_hal_spi.o(i.SPI_DMATransmitCplt), (104 bytes).
    Removing stm32g0xx_hal_spi.o(i.SPI_DMATransmitReceiveCplt), (94 bytes).
    Removing stm32g0xx_hal_spi.o(i.SPI_DMATxAbortCallback), (128 bytes).
    Removing stm32g0xx_hal_spi.o(i.SPI_EndRxTransaction), (120 bytes).
    Removing stm32g0xx_hal_spi.o(i.SPI_RxISR_16BIT), (38 bytes).
    Removing stm32g0xx_hal_spi.o(i.SPI_RxISR_8BIT), (38 bytes).
    Removing stm32g0xx_hal_spi.o(i.SPI_TxISR_16BIT), (34 bytes).
    Removing stm32g0xx_hal_spi.o(i.SPI_TxISR_8BIT), (34 bytes).
    Removing stm32g0xx_hal_spi_ex.o(.rev16_text), (4 bytes).
    Removing stm32g0xx_hal_spi_ex.o(.revsh_text), (4 bytes).
    Removing stm32g0xx_hal_spi_ex.o(i.HAL_SPIEx_FlushRxFifo), (36 bytes).
    Removing stm32g0xx_hal_rcc.o(.rev16_text), (4 bytes).
    Removing stm32g0xx_hal_rcc.o(.revsh_text), (4 bytes).
    Removing stm32g0xx_hal_rcc.o(i.HAL_RCC_CSSCallback), (2 bytes).
    Removing stm32g0xx_hal_rcc.o(i.HAL_RCC_DeInit), (164 bytes).
    Removing stm32g0xx_hal_rcc.o(i.HAL_RCC_DisableLSECSS), (16 bytes).
    Removing stm32g0xx_hal_rcc.o(i.HAL_RCC_EnableCSS), (20 bytes).
    Removing stm32g0xx_hal_rcc.o(i.HAL_RCC_EnableLSECSS), (16 bytes).
    Removing stm32g0xx_hal_rcc.o(i.HAL_RCC_GetClockConfig), (56 bytes).
    Removing stm32g0xx_hal_rcc.o(i.HAL_RCC_GetHCLKFreq), (12 bytes).
    Removing stm32g0xx_hal_rcc.o(i.HAL_RCC_GetOscConfig), (188 bytes).
    Removing stm32g0xx_hal_rcc.o(i.HAL_RCC_GetPCLK1Freq), (40 bytes).
    Removing stm32g0xx_hal_rcc.o(i.HAL_RCC_LSECSSCallback), (2 bytes).
    Removing stm32g0xx_hal_rcc.o(i.HAL_RCC_MCOConfig), (80 bytes).
    Removing stm32g0xx_hal_rcc.o(i.HAL_RCC_NMI_IRQHandler), (36 bytes).
    Removing stm32g0xx_hal_rcc_ex.o(.rev16_text), (4 bytes).
    Removing stm32g0xx_hal_rcc_ex.o(.revsh_text), (4 bytes).
    Removing stm32g0xx_hal_rcc_ex.o(i.HAL_RCCEx_DisableLSCO), (92 bytes).
    Removing stm32g0xx_hal_rcc_ex.o(i.HAL_RCCEx_EnableLSCO), (140 bytes).
    Removing stm32g0xx_hal_rcc_ex.o(i.HAL_RCCEx_GetPeriphCLKConfig), (120 bytes).
    Removing stm32g0xx_hal_rcc_ex.o(i.HAL_RCCEx_GetPeriphCLKFreq), (668 bytes).
    Removing stm32g0xx_hal_rcc_ex.o(i.HAL_RCCEx_PeriphCLKConfig), (480 bytes).
    Removing stm32g0xx_hal_flash.o(.rev16_text), (4 bytes).
    Removing stm32g0xx_hal_flash.o(.revsh_text), (4 bytes).
    Removing stm32g0xx_hal_flash.o(i.FLASH_Program_DoubleWord), (28 bytes).
    Removing stm32g0xx_hal_flash.o(i.FLASH_Program_Fast), (52 bytes).
    Removing stm32g0xx_hal_flash.o(i.FLASH_WaitForLastOperation), (100 bytes).
    Removing stm32g0xx_hal_flash.o(i.HAL_FLASH_EndOfOperationCallback), (2 bytes).
    Removing stm32g0xx_hal_flash.o(i.HAL_FLASH_GetError), (12 bytes).
    Removing stm32g0xx_hal_flash.o(i.HAL_FLASH_IRQHandler), (144 bytes).
    Removing stm32g0xx_hal_flash.o(i.HAL_FLASH_Lock), (28 bytes).
    Removing stm32g0xx_hal_flash.o(i.HAL_FLASH_OB_Launch), (20 bytes).
    Removing stm32g0xx_hal_flash.o(i.HAL_FLASH_OB_Lock), (28 bytes).
    Removing stm32g0xx_hal_flash.o(i.HAL_FLASH_OB_Unlock), (40 bytes).
    Removing stm32g0xx_hal_flash.o(i.HAL_FLASH_OperationErrorCallback), (2 bytes).
    Removing stm32g0xx_hal_flash.o(i.HAL_FLASH_Program), (96 bytes).
    Removing stm32g0xx_hal_flash.o(i.HAL_FLASH_Program_IT), (104 bytes).
    Removing stm32g0xx_hal_flash.o(i.HAL_FLASH_Unlock), (40 bytes).
    Removing stm32g0xx_hal_flash.o(.bss), (28 bytes).
    Removing stm32g0xx_hal_flash_ex.o(.rev16_text), (4 bytes).
    Removing stm32g0xx_hal_flash_ex.o(.revsh_text), (4 bytes).
    Removing stm32g0xx_hal_flash_ex.o(i.FLASH_FlushCaches), (44 bytes).
    Removing stm32g0xx_hal_flash_ex.o(i.FLASH_MassErase), (20 bytes).
    Removing stm32g0xx_hal_flash_ex.o(i.FLASH_OB_GetRDP), (24 bytes).
    Removing stm32g0xx_hal_flash_ex.o(i.FLASH_OB_GetUser), (20 bytes).
    Removing stm32g0xx_hal_flash_ex.o(i.FLASH_OB_OptrConfig), (24 bytes).
    Removing stm32g0xx_hal_flash_ex.o(i.FLASH_PageErase), (32 bytes).
    Removing stm32g0xx_hal_flash_ex.o(i.HAL_FLASHEx_DisableDebugger), (20 bytes).
    Removing stm32g0xx_hal_flash_ex.o(i.HAL_FLASHEx_EnableDebugger), (20 bytes).
    Removing stm32g0xx_hal_flash_ex.o(i.HAL_FLASHEx_EnableSecMemProtection), (16 bytes).
    Removing stm32g0xx_hal_flash_ex.o(i.HAL_FLASHEx_Erase), (136 bytes).
    Removing stm32g0xx_hal_flash_ex.o(i.HAL_FLASHEx_Erase_IT), (108 bytes).
    Removing stm32g0xx_hal_flash_ex.o(i.HAL_FLASHEx_FlashEmptyCheck), (16 bytes).
    Removing stm32g0xx_hal_flash_ex.o(i.HAL_FLASHEx_ForceFlashEmpty), (20 bytes).
    Removing stm32g0xx_hal_flash_ex.o(i.HAL_FLASHEx_OBGetConfig), (160 bytes).
    Removing stm32g0xx_hal_flash_ex.o(i.HAL_FLASHEx_OBProgram), (268 bytes).
    Removing stm32g0xx_hal_gpio.o(.rev16_text), (4 bytes).
    Removing stm32g0xx_hal_gpio.o(.revsh_text), (4 bytes).
    Removing stm32g0xx_hal_gpio.o(i.HAL_GPIO_DeInit), (212 bytes).
    Removing stm32g0xx_hal_gpio.o(i.HAL_GPIO_EXTI_Falling_Callback), (2 bytes).
    Removing stm32g0xx_hal_gpio.o(i.HAL_GPIO_EXTI_IRQHandler), (40 bytes).
    Removing stm32g0xx_hal_gpio.o(i.HAL_GPIO_EXTI_Rising_Callback), (2 bytes).
    Removing stm32g0xx_hal_gpio.o(i.HAL_GPIO_LockPin), (36 bytes).
    Removing stm32g0xx_hal_gpio.o(i.HAL_GPIO_ReadPin), (10 bytes).
    Removing stm32g0xx_hal_gpio.o(i.HAL_GPIO_TogglePin), (16 bytes).
    Removing stm32g0xx_hal_dma.o(.rev16_text), (4 bytes).
    Removing stm32g0xx_hal_dma.o(.revsh_text), (4 bytes).
    Removing stm32g0xx_hal_dma.o(i.DMA_CalcDMAMUXChannelBaseAndMask), (48 bytes).
    Removing stm32g0xx_hal_dma.o(i.DMA_CalcDMAMUXRequestGenBaseAndMask), (40 bytes).
    Removing stm32g0xx_hal_dma.o(i.DMA_SetConfig), (72 bytes).
    Removing stm32g0xx_hal_dma.o(i.HAL_DMA_Abort), (116 bytes).
    Removing stm32g0xx_hal_dma.o(i.HAL_DMA_Abort_IT), (124 bytes).
    Removing stm32g0xx_hal_dma.o(i.HAL_DMA_DeInit), (132 bytes).
    Removing stm32g0xx_hal_dma.o(i.HAL_DMA_GetError), (4 bytes).
    Removing stm32g0xx_hal_dma.o(i.HAL_DMA_GetState), (6 bytes).
    Removing stm32g0xx_hal_dma.o(i.HAL_DMA_IRQHandler), (184 bytes).
    Removing stm32g0xx_hal_dma.o(i.HAL_DMA_Init), (164 bytes).
    Removing stm32g0xx_hal_dma.o(i.HAL_DMA_PollForTransfer), (272 bytes).
    Removing stm32g0xx_hal_dma.o(i.HAL_DMA_RegisterCallback), (72 bytes).
    Removing stm32g0xx_hal_dma.o(i.HAL_DMA_Start), (78 bytes).
    Removing stm32g0xx_hal_dma.o(i.HAL_DMA_Start_IT), (140 bytes).
    Removing stm32g0xx_hal_dma.o(i.HAL_DMA_UnRegisterCallback), (78 bytes).
    Removing stm32g0xx_hal_dma_ex.o(.rev16_text), (4 bytes).
    Removing stm32g0xx_hal_dma_ex.o(.revsh_text), (4 bytes).
    Removing stm32g0xx_hal_dma_ex.o(i.HAL_DMAEx_ConfigMuxRequestGenerator), (74 bytes).
    Removing stm32g0xx_hal_dma_ex.o(i.HAL_DMAEx_ConfigMuxSync), (80 bytes).
    Removing stm32g0xx_hal_dma_ex.o(i.HAL_DMAEx_DisableMuxRequestGenerator), (32 bytes).
    Removing stm32g0xx_hal_dma_ex.o(i.HAL_DMAEx_EnableMuxRequestGenerator), (32 bytes).
    Removing stm32g0xx_hal_dma_ex.o(i.HAL_DMAEx_MUX_IRQHandler), (104 bytes).
    Removing stm32g0xx_hal_pwr.o(.rev16_text), (4 bytes).
    Removing stm32g0xx_hal_pwr.o(.revsh_text), (4 bytes).
    Removing stm32g0xx_hal_pwr.o(i.HAL_PWR_DeInit), (24 bytes).
    Removing stm32g0xx_hal_pwr.o(i.HAL_PWR_DisableBkUpAccess), (16 bytes).
    Removing stm32g0xx_hal_pwr.o(i.HAL_PWR_DisableSEVOnPend), (16 bytes).
    Removing stm32g0xx_hal_pwr.o(i.HAL_PWR_DisableSleepOnExit), (16 bytes).
    Removing stm32g0xx_hal_pwr.o(i.HAL_PWR_DisableWakeUpPin), (20 bytes).
    Removing stm32g0xx_hal_pwr.o(i.HAL_PWR_EnableBkUpAccess), (16 bytes).
    Removing stm32g0xx_hal_pwr.o(i.HAL_PWR_EnableSEVOnPend), (16 bytes).
    Removing stm32g0xx_hal_pwr.o(i.HAL_PWR_EnableSleepOnExit), (16 bytes).
    Removing stm32g0xx_hal_pwr.o(i.HAL_PWR_EnableWakeUpPin), (28 bytes).
    Removing stm32g0xx_hal_pwr.o(i.HAL_PWR_EnterSLEEPMode), (68 bytes).
    Removing stm32g0xx_hal_pwr.o(i.HAL_PWR_EnterSTANDBYMode), (36 bytes).
    Removing stm32g0xx_hal_pwr.o(i.HAL_PWR_EnterSTOPMode), (64 bytes).
    Removing stm32g0xx_hal_pwr_ex.o(.rev16_text), (4 bytes).
    Removing stm32g0xx_hal_pwr_ex.o(.revsh_text), (4 bytes).
    Removing stm32g0xx_hal_pwr_ex.o(i.HAL_PWREx_ConfigPVD), (112 bytes).
    Removing stm32g0xx_hal_pwr_ex.o(i.HAL_PWREx_ControlVoltageScaling), (76 bytes).
    Removing stm32g0xx_hal_pwr_ex.o(i.HAL_PWREx_DisableBatteryCharging), (16 bytes).
    Removing stm32g0xx_hal_pwr_ex.o(i.HAL_PWREx_DisableFlashPowerDown), (16 bytes).
    Removing stm32g0xx_hal_pwr_ex.o(i.HAL_PWREx_DisableGPIOPullDown), (80 bytes).
    Removing stm32g0xx_hal_pwr_ex.o(i.HAL_PWREx_DisableGPIOPullUp), (80 bytes).
    Removing stm32g0xx_hal_pwr_ex.o(i.HAL_PWREx_DisableInternalWakeUpLine), (16 bytes).
    Removing stm32g0xx_hal_pwr_ex.o(i.HAL_PWREx_DisableLowPowerRunMode), (64 bytes).
    Removing stm32g0xx_hal_pwr_ex.o(i.HAL_PWREx_DisablePORMonitorSampling), (16 bytes).
    Removing stm32g0xx_hal_pwr_ex.o(i.HAL_PWREx_DisablePVD), (16 bytes).
    Removing stm32g0xx_hal_pwr_ex.o(i.HAL_PWREx_DisablePullUpPullDownConfig), (16 bytes).
    Removing stm32g0xx_hal_pwr_ex.o(i.HAL_PWREx_DisableSRAMRetention), (16 bytes).
    Removing stm32g0xx_hal_pwr_ex.o(i.HAL_PWREx_EnableBatteryCharging), (24 bytes).
    Removing stm32g0xx_hal_pwr_ex.o(i.HAL_PWREx_EnableFlashPowerDown), (16 bytes).
    Removing stm32g0xx_hal_pwr_ex.o(i.HAL_PWREx_EnableGPIOPullDown), (116 bytes).
    Removing stm32g0xx_hal_pwr_ex.o(i.HAL_PWREx_EnableGPIOPullUp), (116 bytes).
    Removing stm32g0xx_hal_pwr_ex.o(i.HAL_PWREx_EnableInternalWakeUpLine), (16 bytes).
    Removing stm32g0xx_hal_pwr_ex.o(i.HAL_PWREx_EnableLowPowerRunMode), (16 bytes).
    Removing stm32g0xx_hal_pwr_ex.o(i.HAL_PWREx_EnablePORMonitorSampling), (16 bytes).
    Removing stm32g0xx_hal_pwr_ex.o(i.HAL_PWREx_EnablePVD), (16 bytes).
    Removing stm32g0xx_hal_pwr_ex.o(i.HAL_PWREx_EnablePullUpPullDownConfig), (16 bytes).
    Removing stm32g0xx_hal_pwr_ex.o(i.HAL_PWREx_EnableSRAMRetention), (16 bytes).
    Removing stm32g0xx_hal_pwr_ex.o(i.HAL_PWREx_EnterSHUTDOWNMode), (36 bytes).
    Removing stm32g0xx_hal_pwr_ex.o(i.HAL_PWREx_GetVoltageRange), (16 bytes).
    Removing stm32g0xx_hal_pwr_ex.o(i.HAL_PWREx_PVD_Falling_Callback), (2 bytes).
    Removing stm32g0xx_hal_pwr_ex.o(i.HAL_PWREx_PVD_IRQHandler), (40 bytes).
    Removing stm32g0xx_hal_pwr_ex.o(i.HAL_PWREx_PVD_Rising_Callback), (2 bytes).
    Removing stm32g0xx_hal_cortex.o(.rev16_text), (4 bytes).
    Removing stm32g0xx_hal_cortex.o(.revsh_text), (4 bytes).
    Removing stm32g0xx_hal_cortex.o(i.HAL_MPU_ConfigRegion), (84 bytes).
    Removing stm32g0xx_hal_cortex.o(i.HAL_MPU_Disable), (16 bytes).
    Removing stm32g0xx_hal_cortex.o(i.HAL_MPU_Enable), (24 bytes).
    Removing stm32g0xx_hal_cortex.o(i.HAL_NVIC_ClearPendingIRQ), (24 bytes).
    Removing stm32g0xx_hal_cortex.o(i.HAL_NVIC_DisableIRQ), (32 bytes).
    Removing stm32g0xx_hal_cortex.o(i.HAL_NVIC_EnableIRQ), (24 bytes).
    Removing stm32g0xx_hal_cortex.o(i.HAL_NVIC_GetPendingIRQ), (32 bytes).
    Removing stm32g0xx_hal_cortex.o(i.HAL_NVIC_GetPriority), (52 bytes).
    Removing stm32g0xx_hal_cortex.o(i.HAL_NVIC_SetPendingIRQ), (24 bytes).
    Removing stm32g0xx_hal_cortex.o(i.HAL_NVIC_SystemReset), (28 bytes).
    Removing stm32g0xx_hal_cortex.o(i.HAL_SYSTICK_CLKSourceConfig), (24 bytes).
    Removing stm32g0xx_hal_cortex.o(i.HAL_SYSTICK_Callback), (2 bytes).
    Removing stm32g0xx_hal_cortex.o(i.HAL_SYSTICK_IRQHandler), (8 bytes).
    Removing stm32g0xx_hal.o(.rev16_text), (4 bytes).
    Removing stm32g0xx_hal.o(.revsh_text), (4 bytes).
    Removing stm32g0xx_hal.o(i.HAL_DBGMCU_DisableDBGStandbyMode), (16 bytes).
    Removing stm32g0xx_hal.o(i.HAL_DBGMCU_DisableDBGStopMode), (16 bytes).
    Removing stm32g0xx_hal.o(i.HAL_DBGMCU_EnableDBGStandbyMode), (16 bytes).
    Removing stm32g0xx_hal.o(i.HAL_DBGMCU_EnableDBGStopMode), (16 bytes).
    Removing stm32g0xx_hal.o(i.HAL_DeInit), (40 bytes).
    Removing stm32g0xx_hal.o(i.HAL_GetDEVID), (16 bytes).
    Removing stm32g0xx_hal.o(i.HAL_GetHalVersion), (8 bytes).
    Removing stm32g0xx_hal.o(i.HAL_GetREVID), (12 bytes).
    Removing stm32g0xx_hal.o(i.HAL_GetTickFreq), (12 bytes).
    Removing stm32g0xx_hal.o(i.HAL_GetTickPrio), (12 bytes).
    Removing stm32g0xx_hal.o(i.HAL_GetUIDw0), (12 bytes).
    Removing stm32g0xx_hal.o(i.HAL_GetUIDw1), (12 bytes).
    Removing stm32g0xx_hal.o(i.HAL_GetUIDw2), (12 bytes).
    Removing stm32g0xx_hal.o(i.HAL_MspDeInit), (2 bytes).
    Removing stm32g0xx_hal.o(i.HAL_MspInit), (2 bytes).
    Removing stm32g0xx_hal.o(i.HAL_ResumeTick), (16 bytes).
    Removing stm32g0xx_hal.o(i.HAL_SYSCFG_DisableIOAnalogSwitchBooster), (16 bytes).
    Removing stm32g0xx_hal.o(i.HAL_SYSCFG_DisableRemap), (16 bytes).
    Removing stm32g0xx_hal.o(i.HAL_SYSCFG_DisableVREFBUF), (16 bytes).
    Removing stm32g0xx_hal.o(i.HAL_SYSCFG_EnableIOAnalogSwitchBooster), (16 bytes).
    Removing stm32g0xx_hal.o(i.HAL_SYSCFG_EnableRemap), (16 bytes).
    Removing stm32g0xx_hal.o(i.HAL_SYSCFG_EnableVREFBUF), (48 bytes).
    Removing stm32g0xx_hal.o(i.HAL_SYSCFG_VREFBUF_HighImpedanceConfig), (20 bytes).
    Removing stm32g0xx_hal.o(i.HAL_SYSCFG_VREFBUF_TrimmingConfig), (20 bytes).
    Removing stm32g0xx_hal.o(i.HAL_SYSCFG_VREFBUF_VoltageScalingConfig), (20 bytes).
    Removing stm32g0xx_hal.o(i.HAL_SetTickFreq), (36 bytes).
    Removing stm32g0xx_hal.o(i.HAL_SuspendTick), (16 bytes).
    Removing stm32g0xx_hal_exti.o(.rev16_text), (4 bytes).
    Removing stm32g0xx_hal_exti.o(.revsh_text), (4 bytes).
    Removing stm32g0xx_hal_exti.o(i.HAL_EXTI_ClearConfigLine), (120 bytes).
    Removing stm32g0xx_hal_exti.o(i.HAL_EXTI_ClearPending), (40 bytes).
    Removing stm32g0xx_hal_exti.o(i.HAL_EXTI_GenerateSWI), (28 bytes).
    Removing stm32g0xx_hal_exti.o(i.HAL_EXTI_GetConfigLine), (168 bytes).
    Removing stm32g0xx_hal_exti.o(i.HAL_EXTI_GetHandle), (14 bytes).
    Removing stm32g0xx_hal_exti.o(i.HAL_EXTI_GetPending), (44 bytes).
    Removing stm32g0xx_hal_exti.o(i.HAL_EXTI_IRQHandler), (68 bytes).
    Removing stm32g0xx_hal_exti.o(i.HAL_EXTI_RegisterCallback), (30 bytes).
    Removing stm32g0xx_hal_exti.o(i.HAL_EXTI_SetConfigLine), (172 bytes).
    Removing stm32g0xx_hal_tim.o(.rev16_text), (4 bytes).
    Removing stm32g0xx_hal_tim.o(.revsh_text), (4 bytes).
    Removing stm32g0xx_hal_tim_ex.o(.rev16_text), (4 bytes).
    Removing stm32g0xx_hal_tim_ex.o(.revsh_text), (4 bytes).
    Removing system_stm32g0xx.o(.rev16_text), (4 bytes).
    Removing system_stm32g0xx.o(.revsh_text), (4 bytes).
    Removing system_stm32g0xx.o(i.SystemCoreClockUpdate), (144 bytes).
    Removing system_stm32g0xx.o(.constdata), (32 bytes).
    Removing stm32g0xx_hal_dma.o(i.__ARM_common_switch8), (26 bytes).

263 unused section(s) (total 15740 bytes) removed from the image.

==============================================================================

Image Symbol Table

    Local Symbols

    Symbol Name                              Value     Ov Type        Size  Object(Section)

    ../Drivers/STM32G0xx_HAL_Driver/Src/stm32g0xx_hal.c 0x00000000   Number         0  stm32g0xx_hal.o ABSOLUTE
    ../Drivers/STM32G0xx_HAL_Driver/Src/stm32g0xx_hal_cortex.c 0x00000000   Number         0  stm32g0xx_hal_cortex.o ABSOLUTE
    ../Drivers/STM32G0xx_HAL_Driver/Src/stm32g0xx_hal_dma.c 0x00000000   Number         0  stm32g0xx_hal_dma.o ABSOLUTE
    ../Drivers/STM32G0xx_HAL_Driver/Src/stm32g0xx_hal_dma_ex.c 0x00000000   Number         0  stm32g0xx_hal_dma_ex.o ABSOLUTE
    ../Drivers/STM32G0xx_HAL_Driver/Src/stm32g0xx_hal_exti.c 0x00000000   Number         0  stm32g0xx_hal_exti.o ABSOLUTE
    ../Drivers/STM32G0xx_HAL_Driver/Src/stm32g0xx_hal_flash.c 0x00000000   Number         0  stm32g0xx_hal_flash.o ABSOLUTE
    ../Drivers/STM32G0xx_HAL_Driver/Src/stm32g0xx_hal_flash_ex.c 0x00000000   Number         0  stm32g0xx_hal_flash_ex.o ABSOLUTE
    ../Drivers/STM32G0xx_HAL_Driver/Src/stm32g0xx_hal_gpio.c 0x00000000   Number         0  stm32g0xx_hal_gpio.o ABSOLUTE
    ../Drivers/STM32G0xx_HAL_Driver/Src/stm32g0xx_hal_pwr.c 0x00000000   Number         0  stm32g0xx_hal_pwr.o ABSOLUTE
    ../Drivers/STM32G0xx_HAL_Driver/Src/stm32g0xx_hal_pwr_ex.c 0x00000000   Number         0  stm32g0xx_hal_pwr_ex.o ABSOLUTE
    ../Drivers/STM32G0xx_HAL_Driver/Src/stm32g0xx_hal_rcc.c 0x00000000   Number         0  stm32g0xx_hal_rcc.o ABSOLUTE
    ../Drivers/STM32G0xx_HAL_Driver/Src/stm32g0xx_hal_rcc_ex.c 0x00000000   Number         0  stm32g0xx_hal_rcc_ex.o ABSOLUTE
    ../Drivers/STM32G0xx_HAL_Driver/Src/stm32g0xx_hal_spi.c 0x00000000   Number         0  stm32g0xx_hal_spi.o ABSOLUTE
    ../Drivers/STM32G0xx_HAL_Driver/Src/stm32g0xx_hal_spi_ex.c 0x00000000   Number         0  stm32g0xx_hal_spi_ex.o ABSOLUTE
    ../Drivers/STM32G0xx_HAL_Driver/Src/stm32g0xx_hal_tim.c 0x00000000   Number         0  stm32g0xx_hal_tim.o ABSOLUTE
    ../Drivers/STM32G0xx_HAL_Driver/Src/stm32g0xx_hal_tim_ex.c 0x00000000   Number         0  stm32g0xx_hal_tim_ex.o ABSOLUTE
    ../Drivers/STM32G0xx_HAL_Driver/Src/stm32g0xx_ll_dma.c 0x00000000   Number         0  stm32g0xx_ll_dma.o ABSOLUTE
    ../Drivers/STM32G0xx_HAL_Driver/Src/stm32g0xx_ll_rcc.c 0x00000000   Number         0  stm32g0xx_ll_rcc.o ABSOLUTE
    ../Src/main.c                            0x00000000   Number         0  main.o ABSOLUTE
    ../Src/stm32g0xx_hal_msp.c               0x00000000   Number         0  stm32g0xx_hal_msp.o ABSOLUTE
    ../Src/stm32g0xx_it.c                    0x00000000   Number         0  stm32g0xx_it.o ABSOLUTE
    ../Src/system_stm32g0xx.c                0x00000000   Number         0  system_stm32g0xx.o ABSOLUTE
    ../clib/../cmprslib/zerorunl2.c          0x00000000   Number         0  __dczerorl2.o ABSOLUTE
    ../clib/microlib/division.c              0x00000000   Number         0  uidiv.o ABSOLUTE
    ../clib/microlib/init/entry.s            0x00000000   Number         0  entry2.o ABSOLUTE
    ../clib/microlib/init/entry.s            0x00000000   Number         0  entry9b.o ABSOLUTE
    ../clib/microlib/init/entry.s            0x00000000   Number         0  entry10b.o ABSOLUTE
    ../clib/microlib/init/entry.s            0x00000000   Number         0  entry.o ABSOLUTE
    ../clib/microlib/init/entry.s            0x00000000   Number         0  entry11a.o ABSOLUTE
    ../clib/microlib/init/entry.s            0x00000000   Number         0  entry10a.o ABSOLUTE
    ../clib/microlib/init/entry.s            0x00000000   Number         0  entry9a.o ABSOLUTE
    ../clib/microlib/init/entry.s            0x00000000   Number         0  entry8b.o ABSOLUTE
    ../clib/microlib/init/entry.s            0x00000000   Number         0  entry8a.o ABSOLUTE
    ../clib/microlib/init/entry.s            0x00000000   Number         0  entry7b.o ABSOLUTE
    ../clib/microlib/init/entry.s            0x00000000   Number         0  entry7a.o ABSOLUTE
    ../clib/microlib/init/entry.s            0x00000000   Number         0  entry5.o ABSOLUTE
    ../clib/microlib/init/entry.s            0x00000000   Number         0  entry11b.o ABSOLUTE
    ../clib/microlib/init/entry.s            0x00000000   Number         0  entry12a.o ABSOLUTE
    ../clib/microlib/init/entry.s            0x00000000   Number         0  entry12b.o ABSOLUTE
    ../clib/microlib/string/memset.c         0x00000000   Number         0  memseta.o ABSOLUTE
    ..\Drivers\STM32G0xx_HAL_Driver\Src\stm32g0xx_hal.c 0x00000000   Number         0  stm32g0xx_hal.o ABSOLUTE
    ..\Drivers\STM32G0xx_HAL_Driver\Src\stm32g0xx_hal_cortex.c 0x00000000   Number         0  stm32g0xx_hal_cortex.o ABSOLUTE
    ..\Drivers\STM32G0xx_HAL_Driver\Src\stm32g0xx_hal_dma.c 0x00000000   Number         0  stm32g0xx_hal_dma.o ABSOLUTE
    ..\Drivers\STM32G0xx_HAL_Driver\Src\stm32g0xx_hal_dma_ex.c 0x00000000   Number         0  stm32g0xx_hal_dma_ex.o ABSOLUTE
    ..\Drivers\STM32G0xx_HAL_Driver\Src\stm32g0xx_hal_exti.c 0x00000000   Number         0  stm32g0xx_hal_exti.o ABSOLUTE
    ..\Drivers\STM32G0xx_HAL_Driver\Src\stm32g0xx_hal_flash.c 0x00000000   Number         0  stm32g0xx_hal_flash.o ABSOLUTE
    ..\Drivers\STM32G0xx_HAL_Driver\Src\stm32g0xx_hal_flash_ex.c 0x00000000   Number         0  stm32g0xx_hal_flash_ex.o ABSOLUTE
    ..\Drivers\STM32G0xx_HAL_Driver\Src\stm32g0xx_hal_gpio.c 0x00000000   Number         0  stm32g0xx_hal_gpio.o ABSOLUTE
    ..\Drivers\STM32G0xx_HAL_Driver\Src\stm32g0xx_hal_pwr.c 0x00000000   Number         0  stm32g0xx_hal_pwr.o ABSOLUTE
    ..\Drivers\STM32G0xx_HAL_Driver\Src\stm32g0xx_hal_pwr_ex.c 0x00000000   Number         0  stm32g0xx_hal_pwr_ex.o ABSOLUTE
    ..\Drivers\STM32G0xx_HAL_Driver\Src\stm32g0xx_hal_rcc.c 0x00000000   Number         0  stm32g0xx_hal_rcc.o ABSOLUTE
    ..\Drivers\STM32G0xx_HAL_Driver\Src\stm32g0xx_hal_rcc_ex.c 0x00000000   Number         0  stm32g0xx_hal_rcc_ex.o ABSOLUTE
    ..\Drivers\STM32G0xx_HAL_Driver\Src\stm32g0xx_hal_spi.c 0x00000000   Number         0  stm32g0xx_hal_spi.o ABSOLUTE
    ..\Drivers\STM32G0xx_HAL_Driver\Src\stm32g0xx_hal_spi_ex.c 0x00000000   Number         0  stm32g0xx_hal_spi_ex.o ABSOLUTE
    ..\Drivers\STM32G0xx_HAL_Driver\Src\stm32g0xx_hal_tim.c 0x00000000   Number         0  stm32g0xx_hal_tim.o ABSOLUTE
    ..\Drivers\STM32G0xx_HAL_Driver\Src\stm32g0xx_hal_tim_ex.c 0x00000000   Number         0  stm32g0xx_hal_tim_ex.o ABSOLUTE
    ..\Src\main.c                            0x00000000   Number         0  main.o ABSOLUTE
    ..\Src\stm32g0xx_hal_msp.c               0x00000000   Number         0  stm32g0xx_hal_msp.o ABSOLUTE
    ..\Src\stm32g0xx_it.c                    0x00000000   Number         0  stm32g0xx_it.o ABSOLUTE
    ..\Src\system_stm32g0xx.c                0x00000000   Number         0  system_stm32g0xx.o ABSOLUTE
    dc.s                                     0x00000000   Number         0  dc.o ABSOLUTE
    handlers.s                               0x00000000   Number         0  handlers.o ABSOLUTE
    init.s                                   0x00000000   Number         0  init.o ABSOLUTE
    startup_stm32g071xx.s                    0x00000000   Number         0  startup_stm32g071xx.o ABSOLUTE
    RESET                                    0x08000000   Section      188  startup_stm32g071xx.o(RESET)
    .ARM.Collect$$$$00000000                 0x080000bc   Section        0  entry.o(.ARM.Collect$$$$00000000)
    .ARM.Collect$$$$00000001                 0x080000bc   Section        4  entry2.o(.ARM.Collect$$$$00000001)
    .ARM.Collect$$$$00000004                 0x080000c0   Section        4  entry5.o(.ARM.Collect$$$$00000004)
    .ARM.Collect$$$$00000008                 0x080000c4   Section        0  entry7b.o(.ARM.Collect$$$$00000008)
    .ARM.Collect$$$$0000000A                 0x080000c4   Section        0  entry8b.o(.ARM.Collect$$$$0000000A)
    .ARM.Collect$$$$0000000B                 0x080000c4   Section        8  entry9a.o(.ARM.Collect$$$$0000000B)
    .ARM.Collect$$$$0000000E                 0x080000cc   Section        4  entry12b.o(.ARM.Collect$$$$0000000E)
    .ARM.Collect$$$$0000000F                 0x080000d0   Section        0  entry10a.o(.ARM.Collect$$$$0000000F)
    .ARM.Collect$$$$00000011                 0x080000d0   Section        0  entry11a.o(.ARM.Collect$$$$00000011)
    .ARM.Collect$$$$00002712                 0x080000d0   Section        4  entry2.o(.ARM.Collect$$$$00002712)
    __lit__00000000                          0x080000d0   Data           4  entry2.o(.ARM.Collect$$$$00002712)
    .text                                    0x080000d4   Section       28  startup_stm32g071xx.o(.text)
    .text                                    0x080000f0   Section        0  uidiv.o(.text)
    .text                                    0x0800011c   Section        0  memseta.o(.text)
    .text                                    0x08000140   Section       36  init.o(.text)
    .text                                    0x08000164   Section        0  __dczerorl2.o(.text)
    i.HAL_Delay                              0x080001bc   Section        0  stm32g0xx_hal.o(i.HAL_Delay)
    i.HAL_GPIO_Init                          0x080001e0   Section        0  stm32g0xx_hal_gpio.o(i.HAL_GPIO_Init)
    i.HAL_GPIO_WritePin                      0x0800033c   Section        0  stm32g0xx_hal_gpio.o(i.HAL_GPIO_WritePin)
    i.HAL_GetTick                            0x08000348   Section        0  stm32g0xx_hal.o(i.HAL_GetTick)
    i.HAL_IncTick                            0x08000354   Section        0  stm32g0xx_hal.o(i.HAL_IncTick)
    i.HAL_Init                               0x08000364   Section        0  stm32g0xx_hal.o(i.HAL_Init)
    i.HAL_InitTick                           0x0800038c   Section        0  stm32g0xx_hal.o(i.HAL_InitTick)
    i.HAL_MspInit                            0x080003d4   Section        0  stm32g0xx_hal_msp.o(i.HAL_MspInit)
    i.HAL_NVIC_SetPriority                   0x08000408   Section        0  stm32g0xx_hal_cortex.o(i.HAL_NVIC_SetPriority)
    i.HAL_RCC_ClockConfig                    0x08000410   Section        0  stm32g0xx_hal_rcc.o(i.HAL_RCC_ClockConfig)
    i.HAL_RCC_GetSysClockFreq                0x08000568   Section        0  stm32g0xx_hal_rcc.o(i.HAL_RCC_GetSysClockFreq)
    i.HAL_RCC_OscConfig                      0x080005f4   Section        0  stm32g0xx_hal_rcc.o(i.HAL_RCC_OscConfig)
    i.HAL_SPI_Init                           0x080009e4   Section        0  stm32g0xx_hal_spi.o(i.HAL_SPI_Init)
    i.HAL_SPI_MspInit                        0x08000ad4   Section        0  stm32g0xx_hal_msp.o(i.HAL_SPI_MspInit)
    i.HAL_SPI_Transmit                       0x08000b34   Section        0  stm32g0xx_hal_spi.o(i.HAL_SPI_Transmit)
    i.HAL_SYSCFG_StrobeDBattpinsConfig       0x08000c94   Section        0  stm32g0xx_hal.o(i.HAL_SYSCFG_StrobeDBattpinsConfig)
    i.HAL_SYSTICK_Config                     0x08000ca8   Section        0  stm32g0xx_hal_cortex.o(i.HAL_SYSTICK_Config)
    i.HardFault_Handler                      0x08000cd8   Section        0  stm32g0xx_it.o(i.HardFault_Handler)
    i.MX_GPIO_Init                           0x08000cdc   Section        0  main.o(i.MX_GPIO_Init)
    MX_GPIO_Init                             0x08000cdd   Thumb Code    80  main.o(i.MX_GPIO_Init)
    i.MX_SPI1_Init                           0x08000d30   Section        0  main.o(i.MX_SPI1_Init)
    MX_SPI1_Init                             0x08000d31   Thumb Code    66  main.o(i.MX_SPI1_Init)
    i.NMI_Handler                            0x08000d7c   Section        0  stm32g0xx_it.o(i.NMI_Handler)
    i.OLED_All                               0x08000d7e   Section        0  main.o(i.OLED_All)
    i.OLED_Clear                             0x08000da6   Section        0  main.o(i.OLED_Clear)
    i.OLED_DrawBMP                           0x08000dd0   Section        0  main.o(i.OLED_DrawBMP)
    i.OLED_Init                              0x08000e2c   Section        0  main.o(i.OLED_Init)
    i.OLED_Set_Pos                           0x08000f52   Section        0  main.o(i.OLED_Set_Pos)
    i.OLED_ShowCHinese                       0x08000f7c   Section        0  main.o(i.OLED_ShowCHinese)
    i.OLED_ShowChar                          0x08000fc4   Section        0  main.o(i.OLED_ShowChar)
    i.OLED_ShowNum                           0x0800101c   Section        0  main.o(i.OLED_ShowNum)
    i.OLED_ShowString                        0x0800108c   Section        0  main.o(i.OLED_ShowString)
    i.OLED_WR_Byte                           0x080010bc   Section        0  main.o(i.OLED_WR_Byte)
    i.OLED_pow                               0x08001114   Section        0  main.o(i.OLED_pow)
    i.PendSV_Handler                         0x08001128   Section        0  stm32g0xx_it.o(i.PendSV_Handler)
    i.SPI_EndRxTxTransaction                 0x0800112a   Section        0  stm32g0xx_hal_spi.o(i.SPI_EndRxTxTransaction)
    SPI_EndRxTxTransaction                   0x0800112b   Thumb Code    76  stm32g0xx_hal_spi.o(i.SPI_EndRxTxTransaction)
    i.SPI_WaitFifoStateUntilTimeout          0x08001178   Section        0  stm32g0xx_hal_spi.o(i.SPI_WaitFifoStateUntilTimeout)
    SPI_WaitFifoStateUntilTimeout            0x08001179   Thumb Code   192  stm32g0xx_hal_spi.o(i.SPI_WaitFifoStateUntilTimeout)
    i.SPI_WaitFlagStateUntilTimeout          0x0800123c   Section        0  stm32g0xx_hal_spi.o(i.SPI_WaitFlagStateUntilTimeout)
    SPI_WaitFlagStateUntilTimeout            0x0800123d   Thumb Code   180  stm32g0xx_hal_spi.o(i.SPI_WaitFlagStateUntilTimeout)
    i.SVC_Handler                            0x080012f4   Section        0  stm32g0xx_it.o(i.SVC_Handler)
    i.SysTick_Handler                        0x080012f6   Section        0  stm32g0xx_it.o(i.SysTick_Handler)
    i.SystemClock_Config                     0x080012fe   Section        0  main.o(i.SystemClock_Config)
    i.SystemInit                             0x08001368   Section        0  system_stm32g0xx.o(i.SystemInit)
    i.__NVIC_SetPriority                     0x08001378   Section        0  stm32g0xx_hal_cortex.o(i.__NVIC_SetPriority)
    __NVIC_SetPriority                       0x08001379   Thumb Code    60  stm32g0xx_hal_cortex.o(i.__NVIC_SetPriority)
    i.__scatterload_copy                     0x080013bc   Section       14  handlers.o(i.__scatterload_copy)
    i.__scatterload_null                     0x080013ca   Section        2  handlers.o(i.__scatterload_null)
    i.__scatterload_zeroinit                 0x080013cc   Section       14  handlers.o(i.__scatterload_zeroinit)
    i.main                                   0x080013dc   Section        0  main.o(i.main)
    .constdata                               0x0800150c   Section     1520  main.o(.constdata)
    .constdata                               0x08001afc   Section       64  system_stm32g0xx.o(.constdata)
    .data                                    0x20000000   Section     2273  main.o(.data)
    .data                                    0x200008e4   Section       12  stm32g0xx_hal.o(.data)
    .data                                    0x200008f0   Section        4  system_stm32g0xx.o(.data)
    .bss                                     0x200008f4   Section      100  main.o(.bss)
    STACK                                    0x20000958   Section     1024  startup_stm32g071xx.o(STACK)

    Global Symbols

    Symbol Name                              Value     Ov Type        Size  Object(Section)

    BuildAttributes$$THM_ISAv3M$S$PE$A:L22$X:L11$S22$IEEE1$IW$USESV6$~STKCKD$USESV7$~SHL$OSPACE$EBA8$MICROLIB$REQ8$PRES8$EABIv2 0x00000000   Number         0  anon$$obj.o ABSOLUTE
    __ARM_use_no_argv                        0x00000000   Number         0  main.o ABSOLUTE
    __arm_fini_                               - Undefined Weak Reference
    __cpp_initialize__aeabi_                  - Undefined Weak Reference
    __cxa_finalize                            - Undefined Weak Reference
    _clock_init                               - Undefined Weak Reference
    _microlib_exit                            - Undefined Weak Reference
    __Vectors_Size                           0x000000bc   Number         0  startup_stm32g071xx.o ABSOLUTE
    __Vectors                                0x08000000   Data           4  startup_stm32g071xx.o(RESET)
    __Vectors_End                            0x080000bc   Data           0  startup_stm32g071xx.o(RESET)
    __main                                   0x080000bd   Thumb Code     0  entry.o(.ARM.Collect$$$$00000000)
    _main_stk                                0x080000bd   Thumb Code     0  entry2.o(.ARM.Collect$$$$00000001)
    _main_scatterload                        0x080000c1   Thumb Code     0  entry5.o(.ARM.Collect$$$$00000004)
    __main_after_scatterload                 0x080000c5   Thumb Code     0  entry5.o(.ARM.Collect$$$$00000004)
    _main_clock                              0x080000c5   Thumb Code     0  entry7b.o(.ARM.Collect$$$$00000008)
    _main_cpp_init                           0x080000c5   Thumb Code     0  entry8b.o(.ARM.Collect$$$$0000000A)
    _main_init                               0x080000c5   Thumb Code     0  entry9a.o(.ARM.Collect$$$$0000000B)
    __rt_lib_shutdown_fini                   0x080000cd   Thumb Code     0  entry12b.o(.ARM.Collect$$$$0000000E)
    __rt_final_cpp                           0x080000d1   Thumb Code     0  entry10a.o(.ARM.Collect$$$$0000000F)
    __rt_final_exit                          0x080000d1   Thumb Code     0  entry11a.o(.ARM.Collect$$$$00000011)
    Reset_Handler                            0x080000d5   Thumb Code     8  startup_stm32g071xx.o(.text)
    ADC1_COMP_IRQHandler                     0x080000e7   Thumb Code     0  startup_stm32g071xx.o(.text)
    CEC_IRQHandler                           0x080000e7   Thumb Code     0  startup_stm32g071xx.o(.text)
    DMA1_Ch4_7_DMAMUX1_OVR_IRQHandler        0x080000e7   Thumb Code     0  startup_stm32g071xx.o(.text)
    DMA1_Channel1_IRQHandler                 0x080000e7   Thumb Code     0  startup_stm32g071xx.o(.text)
    DMA1_Channel2_3_IRQHandler               0x080000e7   Thumb Code     0  startup_stm32g071xx.o(.text)
    EXTI0_1_IRQHandler                       0x080000e7   Thumb Code     0  startup_stm32g071xx.o(.text)
    EXTI2_3_IRQHandler                       0x080000e7   Thumb Code     0  startup_stm32g071xx.o(.text)
    EXTI4_15_IRQHandler                      0x080000e7   Thumb Code     0  startup_stm32g071xx.o(.text)
    FLASH_IRQHandler                         0x080000e7   Thumb Code     0  startup_stm32g071xx.o(.text)
    I2C1_IRQHandler                          0x080000e7   Thumb Code     0  startup_stm32g071xx.o(.text)
    I2C2_IRQHandler                          0x080000e7   Thumb Code     0  startup_stm32g071xx.o(.text)
    PVD_IRQHandler                           0x080000e7   Thumb Code     0  startup_stm32g071xx.o(.text)
    RCC_IRQHandler                           0x080000e7   Thumb Code     0  startup_stm32g071xx.o(.text)
    RTC_TAMP_IRQHandler                      0x080000e7   Thumb Code     0  startup_stm32g071xx.o(.text)
    SPI1_IRQHandler                          0x080000e7   Thumb Code     0  startup_stm32g071xx.o(.text)
    SPI2_IRQHandler                          0x080000e7   Thumb Code     0  startup_stm32g071xx.o(.text)
    TIM14_IRQHandler                         0x080000e7   Thumb Code     0  startup_stm32g071xx.o(.text)
    TIM15_IRQHandler                         0x080000e7   Thumb Code     0  startup_stm32g071xx.o(.text)
    TIM16_IRQHandler                         0x080000e7   Thumb Code     0  startup_stm32g071xx.o(.text)
    TIM17_IRQHandler                         0x080000e7   Thumb Code     0  startup_stm32g071xx.o(.text)
    TIM1_BRK_UP_TRG_COM_IRQHandler           0x080000e7   Thumb Code     0  startup_stm32g071xx.o(.text)
    TIM1_CC_IRQHandler                       0x080000e7   Thumb Code     0  startup_stm32g071xx.o(.text)
    TIM2_IRQHandler                          0x080000e7   Thumb Code     0  startup_stm32g071xx.o(.text)
    TIM3_IRQHandler                          0x080000e7   Thumb Code     0  startup_stm32g071xx.o(.text)
    TIM6_DAC_LPTIM1_IRQHandler               0x080000e7   Thumb Code     0  startup_stm32g071xx.o(.text)
    TIM7_LPTIM2_IRQHandler                   0x080000e7   Thumb Code     0  startup_stm32g071xx.o(.text)
    UCPD1_2_IRQHandler                       0x080000e7   Thumb Code     0  startup_stm32g071xx.o(.text)
    USART1_IRQHandler                        0x080000e7   Thumb Code     0  startup_stm32g071xx.o(.text)
    USART2_IRQHandler                        0x080000e7   Thumb Code     0  startup_stm32g071xx.o(.text)
    USART3_4_LPUART1_IRQHandler              0x080000e7   Thumb Code     0  startup_stm32g071xx.o(.text)
    WWDG_IRQHandler                          0x080000e7   Thumb Code     0  startup_stm32g071xx.o(.text)
    __aeabi_uidiv                            0x080000f1   Thumb Code     0  uidiv.o(.text)
    __aeabi_uidivmod                         0x080000f1   Thumb Code    44  uidiv.o(.text)
    __aeabi_memset                           0x0800011d   Thumb Code    14  memseta.o(.text)
    __aeabi_memset4                          0x0800011d   Thumb Code     0  memseta.o(.text)
    __aeabi_memset8                          0x0800011d   Thumb Code     0  memseta.o(.text)
    __aeabi_memclr                           0x0800012b   Thumb Code     4  memseta.o(.text)
    __aeabi_memclr4                          0x0800012b   Thumb Code     0  memseta.o(.text)
    __aeabi_memclr8                          0x0800012b   Thumb Code     0  memseta.o(.text)
    _memset$wrapper                          0x0800012f   Thumb Code    18  memseta.o(.text)
    __scatterload                            0x08000141   Thumb Code    28  init.o(.text)
    __scatterload_rt2                        0x08000141   Thumb Code     0  init.o(.text)
    __decompress                             0x08000165   Thumb Code     0  __dczerorl2.o(.text)
    __decompress1                            0x08000165   Thumb Code    86  __dczerorl2.o(.text)
    HAL_Delay                                0x080001bd   Thumb Code    32  stm32g0xx_hal.o(i.HAL_Delay)
    HAL_GPIO_Init                            0x080001e1   Thumb Code   330  stm32g0xx_hal_gpio.o(i.HAL_GPIO_Init)
    HAL_GPIO_WritePin                        0x0800033d   Thumb Code    12  stm32g0xx_hal_gpio.o(i.HAL_GPIO_WritePin)
    HAL_GetTick                              0x08000349   Thumb Code     6  stm32g0xx_hal.o(i.HAL_GetTick)
    HAL_IncTick                              0x08000355   Thumb Code    12  stm32g0xx_hal.o(i.HAL_IncTick)
    HAL_Init                                 0x08000365   Thumb Code    36  stm32g0xx_hal.o(i.HAL_Init)
    HAL_InitTick                             0x0800038d   Thumb Code    64  stm32g0xx_hal.o(i.HAL_InitTick)
    HAL_MspInit                              0x080003d5   Thumb Code    46  stm32g0xx_hal_msp.o(i.HAL_MspInit)
    HAL_NVIC_SetPriority                     0x08000409   Thumb Code     8  stm32g0xx_hal_cortex.o(i.HAL_NVIC_SetPriority)
    HAL_RCC_ClockConfig                      0x08000411   Thumb Code   318  stm32g0xx_hal_rcc.o(i.HAL_RCC_ClockConfig)
    HAL_RCC_GetSysClockFreq                  0x08000569   Thumb Code   130  stm32g0xx_hal_rcc.o(i.HAL_RCC_GetSysClockFreq)
    HAL_RCC_OscConfig                        0x080005f5   Thumb Code   970  stm32g0xx_hal_rcc.o(i.HAL_RCC_OscConfig)
    HAL_SPI_Init                             0x080009e5   Thumb Code   238  stm32g0xx_hal_spi.o(i.HAL_SPI_Init)
    HAL_SPI_MspInit                          0x08000ad5   Thumb Code    82  stm32g0xx_hal_msp.o(i.HAL_SPI_MspInit)
    HAL_SPI_Transmit                         0x08000b35   Thumb Code   352  stm32g0xx_hal_spi.o(i.HAL_SPI_Transmit)
    HAL_SYSCFG_StrobeDBattpinsConfig         0x08000c95   Thumb Code    16  stm32g0xx_hal.o(i.HAL_SYSCFG_StrobeDBattpinsConfig)
    HAL_SYSTICK_Config                       0x08000ca9   Thumb Code    38  stm32g0xx_hal_cortex.o(i.HAL_SYSTICK_Config)
    HardFault_Handler                        0x08000cd9   Thumb Code     2  stm32g0xx_it.o(i.HardFault_Handler)
    NMI_Handler                              0x08000d7d   Thumb Code     2  stm32g0xx_it.o(i.NMI_Handler)
    OLED_All                                 0x08000d7f   Thumb Code    40  main.o(i.OLED_All)
    OLED_Clear                               0x08000da7   Thumb Code    40  main.o(i.OLED_Clear)
    OLED_DrawBMP                             0x08000dd1   Thumb Code    84  main.o(i.OLED_DrawBMP)
    OLED_Init                                0x08000e2d   Thumb Code   294  main.o(i.OLED_Init)
    OLED_Set_Pos                             0x08000f53   Thumb Code    40  main.o(i.OLED_Set_Pos)
    OLED_ShowCHinese                         0x08000f7d   Thumb Code    68  main.o(i.OLED_ShowCHinese)
    OLED_ShowChar                            0x08000fc5   Thumb Code    84  main.o(i.OLED_ShowChar)
    OLED_ShowNum                             0x0800101d   Thumb Code   112  main.o(i.OLED_ShowNum)
    OLED_ShowString                          0x0800108d   Thumb Code    46  main.o(i.OLED_ShowString)
    OLED_WR_Byte                             0x080010bd   Thumb Code    74  main.o(i.OLED_WR_Byte)
    OLED_pow                                 0x08001115   Thumb Code    20  main.o(i.OLED_pow)
    PendSV_Handler                           0x08001129   Thumb Code     2  stm32g0xx_it.o(i.PendSV_Handler)
    SVC_Handler                              0x080012f5   Thumb Code     2  stm32g0xx_it.o(i.SVC_Handler)
    SysTick_Handler                          0x080012f7   Thumb Code     8  stm32g0xx_it.o(i.SysTick_Handler)
    SystemClock_Config                       0x080012ff   Thumb Code   104  main.o(i.SystemClock_Config)
    SystemInit                               0x08001369   Thumb Code    10  system_stm32g0xx.o(i.SystemInit)
    __scatterload_copy                       0x080013bd   Thumb Code    14  handlers.o(i.__scatterload_copy)
    __scatterload_null                       0x080013cb   Thumb Code     2  handlers.o(i.__scatterload_null)
    __scatterload_zeroinit                   0x080013cd   Thumb Code    14  handlers.o(i.__scatterload_zeroinit)
    main                                     0x080013dd   Thumb Code   256  main.o(i.main)
    L8H16                                    0x0800150c   Data        1520  main.o(.constdata)
    AHBPrescTable                            0x08001afc   Data          64  system_stm32g0xx.o(.constdata)
    Region$$Table$$Base                      0x08001b3c   Number         0  anon$$obj.o(Region$$Table)
    Region$$Table$$Limit                     0x08001b5c   Number         0  anon$$obj.o(Region$$Table)
    aTxBuffer_T                              0x20000000   Data           1  main.o(.data)
    Hzk                                      0x20000001   Data         224  main.o(.data)
    BMP1                                     0x200000e1   Data        1024  main.o(.data)
    BMP2                                     0x200004e1   Data        1024  main.o(.data)
    uwTickFreq                               0x200008e4   Data           1  stm32g0xx_hal.o(.data)
    uwTickPrio                               0x200008e8   Data           4  stm32g0xx_hal.o(.data)
    uwTick                                   0x200008ec   Data           4  stm32g0xx_hal.o(.data)
    SystemCoreClock                          0x200008f0   Data           4  system_stm32g0xx.o(.data)
    hspi1                                    0x200008f4   Data         100  main.o(.bss)
    __initial_sp                             0x20000d58   Data           0  startup_stm32g071xx.o(STACK)



==============================================================================

Memory Map of the image

  Image Entry point : 0x080000bd

  Load Region LR_IROM1 (Base: 0x08000000, Size: 0x00002450, Max: 0x00020000, ABSOLUTE, COMPRESSED[0x00001e04])

    Execution Region ER_IROM1 (Exec base: 0x08000000, Load base: 0x08000000, Size: 0x00001b5c, Max: 0x00020000, ABSOLUTE)

    Exec Addr    Load Addr    Size         Type   Attr      Idx    E Section Name        Object

    0x08000000   0x08000000   0x000000bc   Data   RO            3    RESET               startup_stm32g071xx.o
    0x080000bc   0x080000bc   0x00000000   Code   RO         1954  * .ARM.Collect$$$$00000000  mc_p.l(entry.o)
    0x080000bc   0x080000bc   0x00000004   Code   RO         1961    .ARM.Collect$$$$00000001  mc_p.l(entry2.o)
    0x080000c0   0x080000c0   0x00000004   Code   RO         1964    .ARM.Collect$$$$00000004  mc_p.l(entry5.o)
    0x080000c4   0x080000c4   0x00000000   Code   RO         1966    .ARM.Collect$$$$00000008  mc_p.l(entry7b.o)
    0x080000c4   0x080000c4   0x00000000   Code   RO         1968    .ARM.Collect$$$$0000000A  mc_p.l(entry8b.o)
    0x080000c4   0x080000c4   0x00000008   Code   RO         1969    .ARM.Collect$$$$0000000B  mc_p.l(entry9a.o)
    0x080000cc   0x080000cc   0x00000004   Code   RO         1976    .ARM.Collect$$$$0000000E  mc_p.l(entry12b.o)
    0x080000d0   0x080000d0   0x00000000   Code   RO         1971    .ARM.Collect$$$$0000000F  mc_p.l(entry10a.o)
    0x080000d0   0x080000d0   0x00000000   Code   RO         1973    .ARM.Collect$$$$00000011  mc_p.l(entry11a.o)
    0x080000d0   0x080000d0   0x00000004   Code   RO         1962    .ARM.Collect$$$$00002712  mc_p.l(entry2.o)
    0x080000d4   0x080000d4   0x0000001c   Code   RO            4    .text               startup_stm32g071xx.o
    0x080000f0   0x080000f0   0x0000002c   Code   RO         1957    .text               mc_p.l(uidiv.o)
    0x0800011c   0x0800011c   0x00000024   Code   RO         1959    .text               mc_p.l(memseta.o)
    0x08000140   0x08000140   0x00000024   Code   RO         1977    .text               mc_p.l(init.o)
    0x08000164   0x08000164   0x00000056   Code   RO         1987    .text               mc_p.l(__dczerorl2.o)
    0x080001ba   0x080001ba   0x00000002   PAD
    0x080001bc   0x080001bc   0x00000024   Code   RO         1613    i.HAL_Delay         stm32g0xx_hal.o
    0x080001e0   0x080001e0   0x0000015c   Code   RO         1020    i.HAL_GPIO_Init     stm32g0xx_hal_gpio.o
    0x0800033c   0x0800033c   0x0000000c   Code   RO         1024    i.HAL_GPIO_WritePin  stm32g0xx_hal_gpio.o
    0x08000348   0x08000348   0x0000000c   Code   RO         1617    i.HAL_GetTick       stm32g0xx_hal.o
    0x08000354   0x08000354   0x00000010   Code   RO         1623    i.HAL_IncTick       stm32g0xx_hal.o
    0x08000364   0x08000364   0x00000028   Code   RO         1624    i.HAL_Init          stm32g0xx_hal.o
    0x0800038c   0x0800038c   0x00000048   Code   RO         1625    i.HAL_InitTick      stm32g0xx_hal.o
    0x080003d4   0x080003d4   0x00000034   Code   RO          282    i.HAL_MspInit       stm32g0xx_hal_msp.o
    0x08000408   0x08000408   0x00000008   Code   RO         1505    i.HAL_NVIC_SetPriority  stm32g0xx_hal_cortex.o
    0x08000410   0x08000410   0x00000158   Code   RO          658    i.HAL_RCC_ClockConfig  stm32g0xx_hal_rcc.o
    0x08000568   0x08000568   0x0000008c   Code   RO          667    i.HAL_RCC_GetSysClockFreq  stm32g0xx_hal_rcc.o
    0x080005f4   0x080005f4   0x000003f0   Code   RO          671    i.HAL_RCC_OscConfig  stm32g0xx_hal_rcc.o
    0x080009e4   0x080009e4   0x000000ee   Code   RO          325    i.HAL_SPI_Init      stm32g0xx_hal_spi.o
    0x08000ad2   0x08000ad2   0x00000002   PAD
    0x08000ad4   0x08000ad4   0x00000060   Code   RO          284    i.HAL_SPI_MspInit   stm32g0xx_hal_msp.o
    0x08000b34   0x08000b34   0x00000160   Code   RO          333    i.HAL_SPI_Transmit  stm32g0xx_hal_spi.o
    0x08000c94   0x08000c94   0x00000014   Code   RO         1635    i.HAL_SYSCFG_StrobeDBattpinsConfig  stm32g0xx_hal.o
    0x08000ca8   0x08000ca8   0x00000030   Code   RO         1509    i.HAL_SYSTICK_Config  stm32g0xx_hal_cortex.o
    0x08000cd8   0x08000cd8   0x00000002   Code   RO          235    i.HardFault_Handler  stm32g0xx_it.o
    0x08000cda   0x08000cda   0x00000002   PAD
    0x08000cdc   0x08000cdc   0x00000054   Code   RO           13    i.MX_GPIO_Init      main.o
    0x08000d30   0x08000d30   0x0000004c   Code   RO           14    i.MX_SPI1_Init      main.o
    0x08000d7c   0x08000d7c   0x00000002   Code   RO          236    i.NMI_Handler       stm32g0xx_it.o
    0x08000d7e   0x08000d7e   0x00000028   Code   RO           15    i.OLED_All          main.o
    0x08000da6   0x08000da6   0x00000028   Code   RO           16    i.OLED_Clear        main.o
    0x08000dce   0x08000dce   0x00000002   PAD
    0x08000dd0   0x08000dd0   0x0000005c   Code   RO           19    i.OLED_DrawBMP      main.o
    0x08000e2c   0x08000e2c   0x00000126   Code   RO           20    i.OLED_Init         main.o
    0x08000f52   0x08000f52   0x00000028   Code   RO           21    i.OLED_Set_Pos      main.o
    0x08000f7a   0x08000f7a   0x00000002   PAD
    0x08000f7c   0x08000f7c   0x00000048   Code   RO           22    i.OLED_ShowCHinese  main.o
    0x08000fc4   0x08000fc4   0x00000058   Code   RO           23    i.OLED_ShowChar     main.o
    0x0800101c   0x0800101c   0x00000070   Code   RO           24    i.OLED_ShowNum      main.o
    0x0800108c   0x0800108c   0x0000002e   Code   RO           25    i.OLED_ShowString   main.o
    0x080010ba   0x080010ba   0x00000002   PAD
    0x080010bc   0x080010bc   0x00000058   Code   RO           26    i.OLED_WR_Byte      main.o
    0x08001114   0x08001114   0x00000014   Code   RO           27    i.OLED_pow          main.o
    0x08001128   0x08001128   0x00000002   Code   RO          237    i.PendSV_Handler    stm32g0xx_it.o
    0x0800112a   0x0800112a   0x0000004c   Code   RO          363    i.SPI_EndRxTxTransaction  stm32g0xx_hal_spi.o
    0x08001176   0x08001176   0x00000002   PAD
    0x08001178   0x08001178   0x000000c4   Code   RO          368    i.SPI_WaitFifoStateUntilTimeout  stm32g0xx_hal_spi.o
    0x0800123c   0x0800123c   0x000000b8   Code   RO          369    i.SPI_WaitFlagStateUntilTimeout  stm32g0xx_hal_spi.o
    0x080012f4   0x080012f4   0x00000002   Code   RO          238    i.SVC_Handler       stm32g0xx_it.o
    0x080012f6   0x080012f6   0x00000008   Code   RO          239    i.SysTick_Handler   stm32g0xx_it.o
    0x080012fe   0x080012fe   0x00000068   Code   RO           28    i.SystemClock_Config  main.o
    0x08001366   0x08001366   0x00000002   PAD
    0x08001368   0x08001368   0x00000010   Code   RO         1923    i.SystemInit        system_stm32g0xx.o
    0x08001378   0x08001378   0x00000044   Code   RO         1511    i.__NVIC_SetPriority  stm32g0xx_hal_cortex.o
    0x080013bc   0x080013bc   0x0000000e   Code   RO         1981    i.__scatterload_copy  mc_p.l(handlers.o)
    0x080013ca   0x080013ca   0x00000002   Code   RO         1982    i.__scatterload_null  mc_p.l(handlers.o)
    0x080013cc   0x080013cc   0x0000000e   Code   RO         1983    i.__scatterload_zeroinit  mc_p.l(handlers.o)
    0x080013da   0x080013da   0x00000002   PAD
    0x080013dc   0x080013dc   0x00000130   Code   RO           29    i.main              main.o
    0x0800150c   0x0800150c   0x000005f0   Data   RO           32    .constdata          main.o
    0x08001afc   0x08001afc   0x00000040   Data   RO         1924    .constdata          system_stm32g0xx.o
    0x08001b3c   0x08001b3c   0x00000020   Data   RO         1979    Region$$Table       anon$$obj.o


    Execution Region RW_IRAM1 (Exec base: 0x20000000, Load base: 0x08001b5c, Size: 0x00000d58, Max: 0x00009000, ABSOLUTE, COMPRESSED[0x000002a8])

    Exec Addr    Load Addr    Size         Type   Attr      Idx    E Section Name        Object

    0x20000000   COMPRESSED   0x000008e1   Data   RW           33    .data               main.o
    0x200008e1   COMPRESSED   0x00000003   PAD
    0x200008e4   COMPRESSED   0x0000000c   Data   RW         1641    .data               stm32g0xx_hal.o
    0x200008f0   COMPRESSED   0x00000004   Data   RW         1926    .data               system_stm32g0xx.o
    0x200008f4        -       0x00000064   Zero   RW           30    .bss                main.o
    0x20000958        -       0x00000400   Zero   RW            1    STACK               startup_stm32g071xx.o


==============================================================================

Image component sizes


      Code (inc. data)   RO Data    RW Data    ZI Data      Debug   Object Name

      1500         92       1520       2273        100     415963   main.o
        28          8        188          0       1024        612   startup_stm32g071xx.o
       196         30          0         12          0      18888   stm32g0xx_hal.o
       124         18          0          0          0      11368   stm32g0xx_hal_cortex.o
       360         18          0          0          0       2220   stm32g0xx_hal_gpio.o
       148         20          0          0          0       1432   stm32g0xx_hal_msp.o
      1492         74          0          0          0       4334   stm32g0xx_hal_rcc.o
      1046          8          0          0          0       5738   stm32g0xx_hal_spi.o
        16          0          0          0          0       2003   stm32g0xx_it.o
        16          6         64          4          0       1067   system_stm32g0xx.o

    ----------------------------------------------------------------------
      4940        274       1804       2292       1124     463625   Object Totals
         0          0         32          0          0          0   (incl. Generated)
        14          0          0          3          0          0   (incl. Padding)

    ----------------------------------------------------------------------

      Code (inc. data)   RO Data    RW Data    ZI Data      Debug   Library Member Name

        86          0          0          0          0          0   __dczerorl2.o
         0          0          0          0          0          0   entry.o
         0          0          0          0          0          0   entry10a.o
         0          0          0          0          0          0   entry11a.o
         4          0          0          0          0          0   entry12b.o
         8          4          0          0          0          0   entry2.o
         4          0          0          0          0          0   entry5.o
         0          0          0          0          0          0   entry7b.o
         0          0          0          0          0          0   entry8b.o
         8          4          0          0          0          0   entry9a.o
        30          0          0          0          0          0   handlers.o
        36          8          0          0          0         68   init.o
        36          0          0          0          0        100   memseta.o
        44          0          0          0          0         72   uidiv.o

    ----------------------------------------------------------------------
       260         16          0          0          0        240   Library Totals
         4          0          0          0          0          0   (incl. Padding)

    ----------------------------------------------------------------------

      Code (inc. data)   RO Data    RW Data    ZI Data      Debug   Library Name

       256         16          0          0          0        240   mc_p.l

    ----------------------------------------------------------------------
       260         16          0          0          0        240   Library Totals

    ----------------------------------------------------------------------

==============================================================================


      Code (inc. data)   RO Data    RW Data    ZI Data      Debug   

      5200        290       1804       2292       1124     462373   Grand Totals
      5200        290       1804        680       1124     462373   ELF Image Totals (compressed)
      5200        290       1804        680          0          0   ROM Totals

==============================================================================

    Total RO  Size (Code + RO Data)                 7004 (   6.84kB)
    Total RW  Size (RW Data + ZI Data)              3416 (   3.34kB)
    Total ROM Size (Code + RO Data + RW Data)       7684 (   7.50kB)

==============================================================================

