Component: ARM Compiler 5.06 update 7 (build 960) Tool: armlink [4d3601]

==============================================================================

Section Cross References

    startup_stm32g071xx.o(RESET) refers to startup_stm32g071xx.o(STACK) for __initial_sp
    startup_stm32g071xx.o(RESET) refers to startup_stm32g071xx.o(.text) for Reset_Handler
    startup_stm32g071xx.o(RESET) refers to stm32g0xx_it.o(i.NMI_Handler) for NMI_Handler
    startup_stm32g071xx.o(RESET) refers to context_rvds.o(.text) for HardFault_Handler
    startup_stm32g071xx.o(RESET) refers to stm32g0xx_it.o(i.SVC_Handler) for SVC_Handler
    startup_stm32g071xx.o(RESET) refers to board.o(i.SysTick_Handler) for SysTick_Handler
    startup_stm32g071xx.o(.text) refers to system_stm32g0xx.o(i.SystemInit) for SystemInit
    startup_stm32g071xx.o(.text) refers to entry.o(.ARM.Collect$$$$00000000) for __main
    main.o(i.SystemClock_Config) refers to memseta.o(.text) for __aeabi_memclr4
    main.o(i.SystemClock_Config) refers to stm32g0xx_hal_pwr_ex.o(i.HAL_PWREx_ControlVoltageScaling) for HAL_PWREx_ControlVoltageScaling
    main.o(i.SystemClock_Config) refers to stm32g0xx_hal_rcc.o(i.HAL_RCC_OscConfig) for HAL_RCC_OscConfig
    main.o(i.SystemClock_Config) refers to stm32g0xx_hal_rcc.o(i.HAL_RCC_ClockConfig) for HAL_RCC_ClockConfig
    main.o(i.SystemClock_Config) refers to stm32g0xx_hal_rcc_ex.o(i.HAL_RCCEx_PeriphCLKConfig) for HAL_RCCEx_PeriphCLKConfig
    main.o(i.fgetc) refers to stm32g0xx_hal_uart.o(i.HAL_UART_Transmit) for HAL_UART_Transmit
    main.o(i.fgetc) refers to main.o(.bss) for .bss
    main.o(i.fputc) refers to stm32g0xx_hal_uart.o(i.HAL_UART_Transmit) for HAL_UART_Transmit
    main.o(i.fputc) refers to main.o(.bss) for .bss
    main.o(i.main) refers to mutex_sample.o(i.mutex_sample) for mutex_sample
    stm32g0xx_hal_msp.o(i.HAL_MspInit) refers to stm32g0xx_hal.o(i.HAL_SYSCFG_StrobeDBattpinsConfig) for HAL_SYSCFG_StrobeDBattpinsConfig
    stm32g0xx_hal_msp.o(i.HAL_UART_MspDeInit) refers to stm32g0xx_hal_gpio.o(i.HAL_GPIO_DeInit) for HAL_GPIO_DeInit
    stm32g0xx_hal_msp.o(i.HAL_UART_MspInit) refers to memseta.o(.text) for __aeabi_memclr4
    stm32g0xx_hal_msp.o(i.HAL_UART_MspInit) refers to stm32g0xx_hal_gpio.o(i.HAL_GPIO_Init) for HAL_GPIO_Init
    mutex_sample.o(i.mutex_sample) refers to ipc.o(i.rt_mutex_create) for rt_mutex_create
    mutex_sample.o(i.mutex_sample) refers to thread.o(i.rt_thread_init) for rt_thread_init
    mutex_sample.o(i.mutex_sample) refers to thread.o(i.rt_thread_startup) for rt_thread_startup
    mutex_sample.o(i.mutex_sample) refers to kservice.o(i.rt_kprintf) for rt_kprintf
    mutex_sample.o(i.mutex_sample) refers to mutex_sample.o(.data) for .data
    mutex_sample.o(i.mutex_sample) refers to mutex_sample.o(.bss) for .bss
    mutex_sample.o(i.mutex_sample) refers to mutex_sample.o(i.rt_thread_entry1) for rt_thread_entry1
    mutex_sample.o(i.mutex_sample) refers to mutex_sample.o(i.rt_thread_entry2) for rt_thread_entry2
    mutex_sample.o(i.rt_thread_entry1) refers to ipc.o(i.rt_mutex_take) for rt_mutex_take
    mutex_sample.o(i.rt_thread_entry1) refers to thread.o(i.rt_thread_mdelay) for rt_thread_mdelay
    mutex_sample.o(i.rt_thread_entry1) refers to ipc.o(i.rt_mutex_release) for rt_mutex_release
    mutex_sample.o(i.rt_thread_entry1) refers to mutex_sample.o(.data) for .data
    mutex_sample.o(i.rt_thread_entry2) refers to ipc.o(i.rt_mutex_take) for rt_mutex_take
    mutex_sample.o(i.rt_thread_entry2) refers to kservice.o(i.rt_kprintf) for rt_kprintf
    mutex_sample.o(i.rt_thread_entry2) refers to ipc.o(i.rt_mutex_release) for rt_mutex_release
    mutex_sample.o(i.rt_thread_entry2) refers to mutex_sample.o(.data) for .data
    mutex_sample.o(FSymTab) refers to mutex_sample.o(.rodata.name) for __fsym___cmd_mutex_sample_name
    mutex_sample.o(FSymTab) refers to mutex_sample.o(.rodata.name) for __fsym___cmd_mutex_sample_desc
    mutex_sample.o(FSymTab) refers to mutex_sample.o(i.mutex_sample) for mutex_sample
    stm32g0xx_hal_uart.o(i.HAL_HalfDuplex_Init) refers to stm32g0xx_hal_msp.o(i.HAL_UART_MspInit) for HAL_UART_MspInit
    stm32g0xx_hal_uart.o(i.HAL_HalfDuplex_Init) refers to stm32g0xx_hal_uart.o(i.UART_SetConfig) for UART_SetConfig
    stm32g0xx_hal_uart.o(i.HAL_HalfDuplex_Init) refers to stm32g0xx_hal_uart.o(i.UART_AdvFeatureConfig) for UART_AdvFeatureConfig
    stm32g0xx_hal_uart.o(i.HAL_HalfDuplex_Init) refers to stm32g0xx_hal_uart.o(i.UART_CheckIdleState) for UART_CheckIdleState
    stm32g0xx_hal_uart.o(i.HAL_LIN_Init) refers to stm32g0xx_hal_msp.o(i.HAL_UART_MspInit) for HAL_UART_MspInit
    stm32g0xx_hal_uart.o(i.HAL_LIN_Init) refers to stm32g0xx_hal_uart.o(i.UART_SetConfig) for UART_SetConfig
    stm32g0xx_hal_uart.o(i.HAL_LIN_Init) refers to stm32g0xx_hal_uart.o(i.UART_AdvFeatureConfig) for UART_AdvFeatureConfig
    stm32g0xx_hal_uart.o(i.HAL_LIN_Init) refers to stm32g0xx_hal_uart.o(i.UART_CheckIdleState) for UART_CheckIdleState
[...]
    .text                                    0x080001f4   Section        0  idiv.o(.text)
    .text                                    0x0800021c   Section        0  uldiv.o(.text)
    .text                                    0x0800027c   Section        0  memcpya.o(.text)
    .text                                    0x080002a0   Section        0  memseta.o(.text)
    .text                                    0x080002c4   Section        0  strcat.o(.text)
    .text                                    0x080002dc   Section        0  strncpy.o(.text)
    .text                                    0x080002f6   Section        0  strlen.o(.text)
    .text                                    0x08000304   Section        0  strcpy.o(.text)
    .text                                    0x08000316   Section        0  strncmp.o(.text)
    .text                                    0x08000334   Section        0  llshl.o(.text)
    .text                                    0x08000354   Section        0  llushr.o(.text)
    .text                                    0x08000378   Section       36  init.o(.text)
    i.$Sub$$main                             0x0800039c   Section        0  components.o(i.$Sub$$main)
    i.HAL_GPIO_Init                          0x080003a8   Section        0  stm32g0xx_hal_gpio.o(i.HAL_GPIO_Init)
    i.HAL_GetTick                            0x08000504   Section        0  stm32g0xx_hal.o(i.HAL_GetTick)
    i.HAL_Init                               0x08000510   Section        0  stm32g0xx_hal.o(i.HAL_Init)
    i.HAL_InitTick                           0x08000538   Section        0  stm32g0xx_hal.o(i.HAL_InitTick)
    i.HAL_MspInit                            0x08000580   Section        0  stm32g0xx_hal_msp.o(i.HAL_MspInit)
    i.HAL_NVIC_SetPriority                   0x080005b4   Section        0  stm32g0xx_hal_cortex.o(i.HAL_NVIC_SetPriority)
    i.HAL_RCC_GetPCLK1Freq                   0x080005bc   Section        0  stm32g0xx_hal_rcc.o(i.HAL_RCC_GetPCLK1Freq)
    i.HAL_RCC_GetSysClockFreq                0x080005e4   Section        0  stm32g0xx_hal_rcc.o(i.HAL_RCC_GetSysClockFreq)
    i.HAL_SYSCFG_StrobeDBattpinsConfig       0x08000670   Section        0  stm32g0xx_hal.o(i.HAL_SYSCFG_StrobeDBattpinsConfig)
    i.HAL_SYSTICK_Config                     0x08000684   Section        0  stm32g0xx_hal_cortex.o(i.HAL_SYSTICK_Config)
    i.HAL_UART_Init                          0x080006b4   Section        0  stm32g0xx_hal_uart.o(i.HAL_UART_Init)
    i.HAL_UART_MspInit                       0x08000720   Section        0  stm32g0xx_hal_msp.o(i.HAL_UART_MspInit)
    i.HAL_UART_Transmit                      0x0800077c   Section        0  stm32g0xx_hal_uart.o(i.HAL_UART_Transmit)
    i.NMI_Handler                            0x08000854   Section        0  stm32g0xx_it.o(i.NMI_Handler)
    i.SVC_Handler                            0x08000856   Section        0  stm32g0xx_it.o(i.SVC_Handler)
    i.SysTick_Handler                        0x08000858   Section        0  board.o(i.SysTick_Handler)
    i.SystemInit                             0x08000868   Section        0  system_stm32g0xx.o(i.SystemInit)
    i.UART_AdvFeatureConfig                  0x08000878   Section        0  stm32g0xx_hal_uart.o(i.UART_AdvFeatureConfig)
    i.UART_CheckIdleState                    0x08000944   Section        0  stm32g0xx_hal_uart.o(i.UART_CheckIdleState)
    i.UART_SetConfig                         0x080009a8   Section        0  stm32g0xx_hal_uart.o(i.UART_SetConfig)
    i.UART_WaitOnFlagUntilTimeout            0x08000be4   Section        0  stm32g0xx_hal_uart.o(i.UART_WaitOnFlagUntilTimeout)
    i._SysTick_Config                        0x08000c80   Section        0  board.o(i._SysTick_Config)
    _SysTick_Config                          0x08000c81   Thumb Code    50  board.o(i._SysTick_Config)
    i.__NVIC_SetPriority                     0x08000cc0   Section        0  stm32g0xx_hal_cortex.o(i.__NVIC_SetPriority)
    __NVIC_SetPriority                       0x08000cc1   Thumb Code    60  stm32g0xx_hal_cortex.o(i.__NVIC_SetPriority)
    i.__rt_ffs                               0x08000d04   Section        0  kservice.o(i.__rt_ffs)
    i.__scatterload_copy                     0x08000d44   Section       14  handlers.o(i.__scatterload_copy)
    i.__scatterload_null                     0x08000d52   Section        2  handlers.o(i.__scatterload_null)
    i.__scatterload_zeroinit                 0x08000d54   Section       14  handlers.o(i.__scatterload_zeroinit)
    i._has_defunct_thread                    0x08000d64   Section        0  idle.o(i._has_defunct_thread)
    _has_defunct_thread                      0x08000d65   Thumb Code    16  idle.o(i._has_defunct_thread)
    i._msh_exec_cmd                          0x08000d78   Section        0  msh.o(i._msh_exec_cmd)
    _msh_exec_cmd                            0x08000d79   Thumb Code   142  msh.o(i._msh_exec_cmd)
    i._rt_thread_init                        0x08000e18   Section        0  thread.o(i._rt_thread_init)
    _rt_thread_init                          0x08000e19   Thumb Code   104  thread.o(i._rt_thread_init)
    i._rt_timer_init                         0x08000e88   Section        0  timer.o(i._rt_timer_init)
    _rt_timer_init                           0x08000e89   Thumb Code    28  timer.o(i._rt_timer_init)
    i._rt_timer_remove                       0x08000ea4   Section        0  timer.o(i._rt_timer_remove)
    _rt_timer_remove                         0x08000ea5   Thumb Code    20  timer.o(i._rt_timer_remove)
    i.cmd_free                               0x08000eb8   Section        0  msh.o(i.cmd_free)
    i.cmd_ps                                 0x08000ec2   Section        0  msh.o(i.cmd_ps)
    i.finsh_get_prompt                       0x08000ecc   Section        0  shell.o(i.finsh_get_prompt)
    i.finsh_set_prompt_mode                  0x08000f30   Section        0  shell.o(i.finsh_set_prompt_mode)
    i.finsh_system_function_init             0x08000f4c   Section        0  shell.o(i.finsh_system_function_init)
    i.finsh_system_init                      0x08000f58   Section        0  shell.o(i.finsh_system_init)
    i.finsh_thread_entry                     0x08000ff0   Section        0  shell.o(i.finsh_thread_entry)
    i.hello                                  0x08001264   Section        0  cmd.o(i.hello)
    i.list                                   0x08001284   Section        0  cmd.o(i.list)
    i.list_find_init                         0x080012e8   Section        0  cmd.o(i.list_find_init)
    list_find_init                           0x080012e9   Thumb Code    32  cmd.o(i.list_find_init)
    i.list_get_next                          0x08001308   Section        0  cmd.o(i.list_get_next)
    list_get_next                            0x08001309   Thumb Code   104  cmd.o(i.list_get_next)
    i.list_mailbox                           0x08001370   Section        0  cmd.o(i.list_mailbox)
    i.list_mem                               0x080014ac   Section        0  mem.o(i.list_mem)
    i.list_mutex                             0x08001518   Section        0  cmd.o(i.list_mutex)
    i.list_sem                               0x08001610   Section        0  cmd.o(i.list_sem)
    i.list_thread                            0x08001728   Section        0  cmd.o(i.list_thread)
    i.list_timer                             0x080018e8   Section        0  cmd.o(i.list_timer)
    i.main                                   0x08001a28   Section        0  main.o(i.main)
    i.main_thread_entry                      0x08001a48   Section        0  components.o(i.main_thread_entry)
    i.msh_auto_complete                      0x08001a54   Section        0  msh.o(i.msh_auto_complete)
    i.msh_exec                               0x08001b04   Section        0  msh.o(i.msh_exec)
    i.msh_help                               0x08001b6c   Section        0  msh.o(i.msh_help)
    i.msh_is_used                            0x08001be4   Section        0  msh.o(i.msh_is_used)
    i.msh_split                              0x08001be8   Section        0  msh.o(i.msh_split)
    msh_split                                0x08001be9   Thumb Code   170  msh.o(i.msh_split)
    i.mutex_sample                           0x08001cb8   Section        0  mutex_sample.o(i.mutex_sample)
    i.object_split                           0x08001d70   Section        0  cmd.o(i.object_split)
    object_split                             0x08001d71   Thumb Code    18  cmd.o(i.object_split)
    i.plug_holes                             0x08001d88   Section        0  mem.o(i.plug_holes)
    plug_holes                               0x08001d89   Thumb Code    82  mem.o(i.plug_holes)
    i.print_number                           0x08001de0   Section        0  kservice.o(i.print_number)
    print_number                             0x08001de1   Thumb Code   320  kservice.o(i.print_number)
    i.rt_application_init                    0x08001f24   Section        0  components.o(i.rt_application_init)
    i.rt_calloc                              0x08001f50   Section        0  mem.o(i.rt_calloc)
    i.rt_components_board_init               0x08001f6c   Section        0  components.o(i.rt_components_board_init)
    i.rt_components_init                     0x08001f88   Section        0  components.o(i.rt_components_init)
    i.rt_enter_critical                      0x08001fa4   Section        0  scheduler.o(i.rt_enter_critical)
    i.rt_exit_critical                       0x08001fbc   Section        0  scheduler.o(i.rt_exit_critical)
    i.rt_free                                0x08001ff0   Section        0  mem.o(i.rt_free)
    i.rt_heap_begin_get                      0x080020b4   Section        0  board.o(i.rt_heap_begin_get)
    i.rt_heap_end_get                        0x080020bc   Section        0  board.o(i.rt_heap_end_get)
    i.rt_hw_board_init                       0x080020c4   Section        0  board.o(i.rt_hw_board_init)
    i.rt_hw_console_getchar                  0x080020f4   Section        0  board.o(i.rt_hw_console_getchar)
    i.rt_hw_console_output                   0x0800211c   Section        0  board.o(i.rt_hw_console_output)
    i.rt_hw_hard_fault_exception             0x08002164   Section        0  cpuport.o(i.rt_hw_hard_fault_exception)
    i.rt_hw_stack_init                       0x08002258   Section        0  cpuport.o(i.rt_hw_stack_init)
    i.rt_interrupt_enter                     0x08002290   Section        0  irq.o(i.rt_interrupt_enter)
    i.rt_interrupt_leave                     0x080022a8   Section        0  irq.o(i.rt_interrupt_leave)
    i.rt_ipc_list_resume                     0x080022c0   Section        0  ipc.o(i.rt_ipc_list_resume)
    rt_ipc_list_resume                       0x080022c1   Thumb Code    14  ipc.o(i.rt_ipc_list_resume)
    i.rt_ipc_list_suspend                    0x080022ce   Section        0  ipc.o(i.rt_ipc_list_suspend)
    rt_ipc_list_suspend                      0x080022cf   Thumb Code    78  ipc.o(i.rt_ipc_list_suspend)
    i.rt_kprintf                             0x0800231c   Section        0  kservice.o(i.rt_kprintf)
    i.rt_list_insert_after                   0x08002340   Section        0  object.o(i.rt_list_insert_after)
    rt_list_insert_after                     0x08002341   Thumb Code    14  object.o(i.rt_list_insert_after)
    i.rt_list_insert_after                   0x0800234e   Section        0  thread.o(i.rt_list_insert_after)
    rt_list_insert_after                     0x0800234f   Thumb Code    14  thread.o(i.rt_list_insert_after)
    i.rt_list_insert_after                   0x0800235c   Section        0  timer.o(i.rt_list_insert_after)
    rt_list_insert_after                     0x0800235d   Thumb Code    14  timer.o(i.rt_list_insert_after)
    i.rt_list_insert_before                  0x0800236a   Section        0  ipc.o(i.rt_list_insert_before)
    rt_list_insert_before                    0x0800236b   Thumb Code    14  ipc.o(i.rt_list_insert_before)
    i.rt_list_len                            0x08002378   Section        0  cmd.o(i.rt_list_len)
    rt_list_len                              0x08002379   Thumb Code    18  cmd.o(i.rt_list_len)
    i.rt_list_remove                         0x0800238a   Section        0  object.o(i.rt_list_remove)
    rt_list_remove                           0x0800238b   Thumb Code    18  object.o(i.rt_list_remove)
    i.rt_list_remove                         0x0800239c   Section        0  thread.o(i.rt_list_remove)
    rt_list_remove                           0x0800239d   Thumb Code    18  thread.o(i.rt_list_remove)
    i.rt_malloc                              0x080023b0   Section        0  mem.o(i.rt_malloc)
    i.rt_memmove                             0x08002498   Section        0  kservice.o(i.rt_memmove)
    i.rt_memset                              0x080024c6   Section        0  kservice.o(i.rt_memset)
    i.rt_mutex_create                        0x08002504   Section        0  ipc.o(i.rt_mutex_create)
    i.rt_mutex_release                       0x0800252e   Section        0  ipc.o(i.rt_mutex_release)
    i.rt_mutex_take                          0x080025b8   Section        0  ipc.o(i.rt_mutex_take)
    i.rt_object_allocate                     0x0800266e   Section        0  object.o(i.rt_object_allocate)
    i.rt_object_delete                       0x080026ba   Section        0  object.o(i.rt_object_delete)
    i.rt_object_detach                       0x080026de   Section        0  object.o(i.rt_object_detach)
    i.rt_object_get_information              0x080026fc   Section        0  object.o(i.rt_object_get_information)
    i.rt_object_init                         0x0800271c   Section        0  object.o(i.rt_object_init)
    i.rt_object_is_systemobject              0x08002768   Section        0  object.o(i.rt_object_is_systemobject)
    i.rt_schedule                            0x08002778   Section        0  scheduler.o(i.rt_schedule)
    i.rt_schedule_insert_thread              0x080027d4   Section        0  scheduler.o(i.rt_schedule_insert_thread)
    i.rt_schedule_remove_thread              0x08002820   Section        0  scheduler.o(i.rt_schedule_remove_thread)
    i.rt_sem_init                            0x08002864   Section        0  ipc.o(i.rt_sem_init)
    i.rt_sem_release                         0x08002884   Section        0  ipc.o(i.rt_sem_release)
    i.rt_sem_take                            0x080028b8   Section        0  ipc.o(i.rt_sem_take)
    i.rt_show_version                        0x0800292c   Section        0  kservice.o(i.rt_show_version)
    i.rt_strlen                              0x080029dc   Section        0  kservice.o(i.rt_strlen)
    i.rt_strncpy                             0x080029ec   Section        0  kservice.o(i.rt_strncpy)
    i.rt_system_heap_init                    0x08002a14   Section        0  mem.o(i.rt_system_heap_init)
    i.rt_system_scheduler_init               0x08002abc   Section        0  scheduler.o(i.rt_system_scheduler_init)
    i.rt_system_scheduler_start              0x08002af0   Section        0  scheduler.o(i.rt_system_scheduler_start)
    i.rt_system_timer_init                   0x08002b18   Section        0  timer.o(i.rt_system_timer_init)
    i.rt_system_timer_thread_init            0x08002b24   Section        0  timer.o(i.rt_system_timer_thread_init)
    i.rt_thread_control                      0x08002b26   Section        0  thread.o(i.rt_thread_control)
    i.rt_thread_create                       0x08002b82   Section        0  thread.o(i.rt_thread_create)
    i.rt_thread_delete                       0x08002bc4   Section        0  thread.o(i.rt_thread_delete)
    i.rt_thread_entry1                       0x08002c04   Section        0  mutex_sample.o(i.rt_thread_entry1)
    rt_thread_entry1                         0x08002c05   Thumb Code    40  mutex_sample.o(i.rt_thread_entry1)
    i.rt_thread_entry2                       0x08002c30   Section        0  mutex_sample.o(i.rt_thread_entry2)
    rt_thread_entry2                         0x08002c31   Thumb Code    64  mutex_sample.o(i.rt_thread_entry2)
    i.rt_thread_exit                         0x08002cc8   Section        0  thread.o(i.rt_thread_exit)
    i.rt_thread_idle_entry                   0x08002d20   Section        0  idle.o(i.rt_thread_idle_entry)
    rt_thread_idle_entry                     0x08002d21   Thumb Code     6  idle.o(i.rt_thread_idle_entry)
    i.rt_thread_idle_excute                  0x08002d28   Section        0  idle.o(i.rt_thread_idle_excute)
    i.rt_thread_idle_init                    0x08002da0   Section        0  idle.o(i.rt_thread_idle_init)
    i.rt_thread_init                         0x08002dd4   Section        0  thread.o(i.rt_thread_init)
    i.rt_thread_mdelay                       0x08002dfe   Section        0  thread.o(i.rt_thread_mdelay)
    i.rt_thread_resume                       0x08002e0a   Section        0  thread.o(i.rt_thread_resume)
    i.rt_thread_self                         0x08002e48   Section        0  thread.o(i.rt_thread_self)
    i.rt_thread_sleep                        0x08002e54   Section        0  thread.o(i.rt_thread_sleep)
    i.rt_thread_startup                      0x08002e94   Section        0  thread.o(i.rt_thread_startup)
    i.rt_thread_suspend                      0x08002ec0   Section        0  thread.o(i.rt_thread_suspend)
    i.rt_thread_timeout                      0x08002f00   Section        0  thread.o(i.rt_thread_timeout)
    i.rt_thread_yield                        0x08002f20   Section        0  thread.o(i.rt_thread_yield)
    i.rt_tick_from_millisecond               0x08002f7c   Section        0  clock.o(i.rt_tick_from_millisecond)
    i.rt_tick_get                            0x08002fac   Section        0  clock.o(i.rt_tick_get)
    i.rt_tick_increase                       0x08002fb8   Section        0  clock.o(i.rt_tick_increase)
    i.rt_timer_check                         0x08002fe0   Section        0  timer.o(i.rt_timer_check)
    i.rt_timer_control                       0x08003044   Section        0  timer.o(i.rt_timer_control)
    i.rt_timer_detach                        0x08003076   Section        0  timer.o(i.rt_timer_detach)
    i.rt_timer_init                          0x08003096   Section        0  timer.o(i.rt_timer_init)
    i.rt_timer_start                         0x080030bc   Section        0  timer.o(i.rt_timer_start)
    i.rt_timer_stop                          0x0800314c   Section        0  timer.o(i.rt_timer_stop)
    i.rt_vsnprintf                           0x0800317c   Section        0  kservice.o(i.rt_vsnprintf)
    i.rti_board_end                          0x080033e8   Section        0  components.o(i.rti_board_end)
    rti_board_end                            0x080033e9   Thumb Code     4  components.o(i.rti_board_end)
    i.rti_board_start                        0x080033ec   Section        0  components.o(i.rti_board_start)
    rti_board_start                          0x080033ed   Thumb Code     4  components.o(i.rti_board_start)
    i.rti_end                                0x080033f0   Section        0  components.o(i.rti_end)
    rti_end                                  0x080033f1   Thumb Code     4  components.o(i.rti_end)
    i.rti_start                              0x080033f4   Section        0  components.o(i.rti_start)
    rti_start                                0x080033f5   Thumb Code     4  components.o(i.rti_start)
    i.rtthread_startup                       0x080033f8   Section        0  components.o(i.rtthread_startup)
    i.show_wait_queue                        0x08003424   Section        0  cmd.o(i.show_wait_queue)
    show_wait_queue                          0x08003425   Thumb Code    38  cmd.o(i.show_wait_queue)
    i.skip_atoi                              0x08003454   Section        0  kservice.o(i.skip_atoi)
    skip_atoi                                0x08003455   Thumb Code    32  kservice.o(i.skip_atoi)
    i.uart_init                              0x08003474   Section        0  board.o(i.uart_init)
    uart_init                                0x08003475   Thumb Code    42  board.o(i.uart_init)
    i.version                                0x080034a8   Section        0  cmd.o(i.version)
    .constdata                               0x080034b2   Section       24  stm32g0xx_hal_uart.o(.constdata)
    .constdata                               0x080034cc   Section       32  system_stm32g0xx.o(.constdata)
    .constdata                               0x080034ec   Section      290  kservice.o(.constdata)
    small_digits                             0x080035ec   Data          17  kservice.o(.constdata)
    large_digits                             0x080035fd   Data          17  kservice.o(.constdata)
    .conststring                             0x08003610   Section       68  cmd.o(.conststring)
    .rodata.name                             0x08003654   Section       19  mutex_sample.o(.rodata.name)
    .rodata.name                             0x08003667   Section       13  mutex_sample.o(.rodata.name)
    .rodata.name                             0x08003674   Section        6  cmd.o(.rodata.name)
    .rodata.name                             0x0800367a   Section       16  cmd.o(.rodata.name)
    .rodata.name                             0x0800368a   Section        8  cmd.o(.rodata.name)
    .rodata.name                             0x08003692   Section       35  cmd.o(.rodata.name)
    .rodata.name                             0x080036b5   Section       14  cmd.o(.rodata.name)
    .rodata.name                             0x080036c3   Section       35  cmd.o(.rodata.name)
    .rodata.name                             0x080036e6   Section       12  cmd.o(.rodata.name)
    .rodata.name                             0x080036f2   Section       12  cmd.o(.rodata.name)
    .rodata.name                             0x080036fe   Section       18  cmd.o(.rodata.name)
    .rodata.name                             0x08003710   Section       12  cmd.o(.rodata.name)
    .rodata.name                             0x0800371c   Section        9  cmd.o(.rodata.name)
    .rodata.name                             0x08003725   Section       25  cmd.o(.rodata.name)
    .rodata.name                             0x0800373e   Section       15  cmd.o(.rodata.name)
    .rodata.name                             0x0800374d   Section       25  cmd.o(.rodata.name)
    .rodata.name                             0x08003766   Section       11  cmd.o(.rodata.name)
    .rodata.name                             0x08003771   Section       21  cmd.o(.rodata.name)
    .rodata.name                             0x08003786   Section       17  cmd.o(.rodata.name)
    .rodata.name                             0x08003797   Section       21  cmd.o(.rodata.name)
    .rodata.name                             0x080037ac   Section       13  cmd.o(.rodata.name)
    .rodata.name                             0x080037b9   Section       24  cmd.o(.rodata.name)
    .rodata.name                             0x080037d1   Section       19  cmd.o(.rodata.name)
    .rodata.name                             0x080037e4   Section       24  cmd.o(.rodata.name)
    .rodata.name                             0x080037fc   Section       11  cmd.o(.rodata.name)
    .rodata.name                             0x08003807   Section       21  cmd.o(.rodata.name)
    .rodata.name                             0x0800381c   Section       17  cmd.o(.rodata.name)
    .rodata.name                             0x0800382d   Section       21  cmd.o(.rodata.name)
    .rodata.name                             0x08003842   Section        5  cmd.o(.rodata.name)
    .rodata.name                             0x08003847   Section       26  cmd.o(.rodata.name)
    .rodata.name                             0x08003861   Section       11  msh.o(.rodata.name)
    .rodata.name                             0x0800386c   Section       22  msh.o(.rodata.name)
    .rodata.name                             0x08003882   Section        9  msh.o(.rodata.name)
    .rodata.name                             0x0800388b   Section       28  msh.o(.rodata.name)
    .rodata.name                             0x080038a7   Section       11  msh.o(.rodata.name)
    .rodata.name                             0x080038b2   Section       37  msh.o(.rodata.name)
    .rodata.name                             0x080038d7   Section        9  mem.o(.rodata.name)
    .rodata.name                             0x080038e0   Section       30  mem.o(.rodata.name)
    .rti_fn.0                                0x08003900   Section        4  components.o(.rti_fn.0)
    __tagsym$$used                           0x08003900   Number         0  components.o(.rti_fn.0)
    .rti_fn.0.end                            0x08003904   Section        4  components.o(.rti_fn.0.end)
    __tagsym$$used                           0x08003904   Number         0  components.o(.rti_fn.0.end)
    .rti_fn.1                                0x08003908   Section        4  board.o(.rti_fn.1)
    __tagsym$$used                           0x08003908   Number         0  board.o(.rti_fn.1)
    .rti_fn.1.end                            0x0800390c   Section        4  components.o(.rti_fn.1.end)
    __tagsym$$used                           0x0800390c   Number         0  components.o(.rti_fn.1.end)
    .rti_fn.6                                0x08003910   Section        4  shell.o(.rti_fn.6)
    __tagsym$$used                           0x08003910   Number         0  shell.o(.rti_fn.6)
    .rti_fn.6.end                            0x08003914   Section        4  components.o(.rti_fn.6.end)
    __tagsym$$used                           0x08003914   Number         0  components.o(.rti_fn.6.end)
    FSymTab                                  0x08003918   Section       12  mutex_sample.o(FSymTab)
    __tagsym$$used                           0x08003918   Number         0  mutex_sample.o(FSymTab)
    FSymTab                                  0x08003924   Section      168  cmd.o(FSymTab)
    __tagsym$$used                           0x08003924   Number         0  cmd.o(FSymTab)
    __tagsym$$used                           0x08003930   Number         0  cmd.o(FSymTab)
    __tagsym$$used                           0x0800393c   Number         0  cmd.o(FSymTab)
    __tagsym$$used                           0x08003948   Number         0  cmd.o(FSymTab)
    __tagsym$$used                           0x08003954   Number         0  cmd.o(FSymTab)
    __tagsym$$used                           0x08003960   Number         0  cmd.o(FSymTab)
    __tagsym$$used                           0x0800396c   Number         0  cmd.o(FSymTab)
    __tagsym$$used                           0x08003978   Number         0  cmd.o(FSymTab)
    __tagsym$$used                           0x08003984   Number         0  cmd.o(FSymTab)
    __tagsym$$used                           0x08003990   Number         0  cmd.o(FSymTab)
    __tagsym$$used                           0x0800399c   Number         0  cmd.o(FSymTab)
    __tagsym$$used                           0x080039a8   Number         0  cmd.o(FSymTab)
    __tagsym$$used                           0x080039b4   Number         0  cmd.o(FSymTab)
    __tagsym$$used                           0x080039c0   Number         0  cmd.o(FSymTab)
    FSymTab                                  0x080039cc   Section       36  msh.o(FSymTab)
    __tagsym$$used                           0x080039cc   Number         0  msh.o(FSymTab)
    __tagsym$$used                           0x080039d8   Number         0  msh.o(FSymTab)
    __tagsym$$used                           0x080039e4   Number         0  msh.o(FSymTab)
    FSymTab                                  0x080039f0   Section       12  mem.o(FSymTab)
    __tagsym$$used                           0x080039f0   Number         0  mem.o(FSymTab)
    .data                                    0x20000000   Section        8  mutex_sample.o(.data)
    number2                                  0x20000000   Data           1  mutex_sample.o(.data)
    number1                                  0x20000001   Data           1  mutex_sample.o(.data)
    dynamic_mutex                            0x20000004   Data           4  mutex_sample.o(.data)
    .data                                    0x20000008   Section       12  stm32g0xx_hal.o(.data)
    .data                                    0x20000014   Section        4  system_stm32g0xx.o(.data)
    .data                                    0x20000018   Section       24  shell.o(.data)
    finsh_prompt_custom                      0x20000028   Data           4  shell.o(.data)
    .data                                    0x20000030   Section        4  cpuport.o(.data)
    .data                                    0x20000034   Section        4  cpuport.o(.data)
    .data                                    0x20000038   Section        4  cpuport.o(.data)
    .data                                    0x2000003c   Section        4  clock.o(.data)
    rt_tick                                  0x2000003c   Data           4  clock.o(.data)
    .data                                    0x20000040   Section        1  irq.o(.data)
    .data                                    0x20000044   Section       24  mem.o(.data)
    heap_ptr                                 0x20000044   Data           4  mem.o(.data)
    heap_end                                 0x20000048   Data           4  mem.o(.data)
    lfree                                    0x2000004c   Data           4  mem.o(.data)
    mem_size_aligned                         0x20000050   Data           4  mem.o(.data)
    used_mem                                 0x20000054   Data           4  mem.o(.data)
    max_mem                                  0x20000058   Data           4  mem.o(.data)
    .data                                    0x2000005c   Section       80  object.o(.data)
    rt_object_container                      0x2000005c   Data          80  object.o(.data)
    .data                                    0x200000ac   Section       20  scheduler.o(.data)
    rt_scheduler_lock_nest                   0x200000ae   Data           2  scheduler.o(.data)
    .data                                    0x200000c0   Section       12  timer.o(.data)
    random_nr                                0x200000c0   Data           4  timer.o(.data)
    rt_timer_list                            0x200000c4   Data           8  timer.o(.data)
    .bss                                     0x200000cc   Section     2288  mutex_sample.o(.bss)
    thread1_stack                            0x200000cc   Data        1024  mutex_sample.o(.bss)
    thread1                                  0x200004cc   Data         120  mutex_sample.o(.bss)
    thread2_stack                            0x20000544   Data        1024  mutex_sample.o(.bss)
    thread2                                  0x20000944   Data         120  mutex_sample.o(.bss)
    .bss                                     0x200009bc   Section      257  shell.o(.bss)
    finsh_prompt                             0x200009bc   Data         257  shell.o(.bss)
    .bss                                     0x20000ac0   Section      376  idle.o(.bss)
    idle                                     0x20000ac0   Data         120  idle.o(.bss)
    rt_thread_stack                          0x20000b38   Data         256  idle.o(.bss)
    .bss                                     0x20000c38   Section      256  kservice.o(.bss)
    rt_log_buf                               0x20000c38   Data         256  kservice.o(.bss)
    .bss                                     0x20000d38   Section       32  mem.o(.bss)
    heap_sem                                 0x20000d38   Data          32  mem.o(.bss)
    .bss                                     0x20000d58   Section      256  scheduler.o(.bss)
    .bss                                     0x20000e58   Section    15504  board.o(.bss)
    rt_heap                                  0x20000e58   Data       15360  board.o(.bss)
    UartHandle                               0x20004a58   Data         144  board.o(.bss)
    STACK                                    0x20004ae8   Section     1024  startup_stm32g071xx.o(STACK)

    Global Symbols

    Symbol Name                              Value     Ov Type        Size  Object(Section)

    BuildAttributes$$THM_ISAv3M$S$PE$A:L22$X:L11$S22$IEEE1$IW$USESV6$~STKCKD$USESV7$~SHL$OSPACE$EBA8$MICROLIB$REQ8$PRES8$EABIv2 0x00000000   Number         0  anon$$obj.o ABSOLUTE
    __ARM_use_no_argv                        0x00000000   Number         0  main.o ABSOLUTE
    __arm_fini_                               - Undefined Weak Reference
    __cpp_initialize__aeabi_                  - Undefined Weak Reference
    __cxa_finalize                            - Undefined Weak Reference
    __decompress                              - Undefined Weak Reference
    _clock_init                               - Undefined Weak Reference
    _microlib_exit                            - Undefined Weak Reference
    __Vectors_Size                           0x000000bc   Number         0  startup_stm32g071xx.o ABSOLUTE
    __Vectors                                0x08000000   Data           4  startup_stm32g071xx.o(RESET)
    __Vectors_End                            0x080000bc   Data           0  startup_stm32g071xx.o(RESET)
    __main                                   0x080000bd   Thumb Code     0  entry.o(.ARM.Collect$$$$00000000)
    _main_stk                                0x080000bd   Thumb Code     0  entry2.o(.ARM.Collect$$$$00000001)
    _main_scatterload                        0x080000c1   Thumb Code     0  entry5.o(.ARM.Collect$$$$00000004)
    __main_after_scatterload                 0x080000c5   Thumb Code     0  entry5.o(.ARM.Collect$$$$00000004)
    _main_clock                              0x080000c5   Thumb Code     0  entry7b.o(.ARM.Collect$$$$00000008)
    _main_cpp_init                           0x080000c5   Thumb Code     0  entry8b.o(.ARM.Collect$$$$0000000A)
    _main_init                               0x080000c5   Thumb Code     0  entry9a.o(.ARM.Collect$$$$0000000B)
    __rt_lib_shutdown_fini                   0x080000cd   Thumb Code     0  entry12b.o(.ARM.Collect$$$$0000000E)
    __rt_final_cpp                           0x080000d1   Thumb Code     0  entry10a.o(.ARM.Collect$$$$0000000F)
    __rt_final_exit                          0x080000d1   Thumb Code     0  entry11a.o(.ARM.Collect$$$$00000011)
    Reset_Handler                            0x080000d5   Thumb Code     8  startup_stm32g071xx.o(.text)
    ADC1_COMP_IRQHandler                     0x080000e7   Thumb Code     0  startup_stm32g071xx.o(.text)
    CEC_IRQHandler                           0x080000e7   Thumb Code     0  startup_stm32g071xx.o(.text)
    DMA1_Ch4_7_DMAMUX1_OVR_IRQHandler        0x080000e7   Thumb Code     0  startup_stm32g071xx.o(.text)
    DMA1_Channel1_IRQHandler                 0x080000e7   Thumb Code     0  startup_stm32g071xx.o(.text)
    DMA1_Channel2_3_IRQHandler               0x080000e7   Thumb Code     0  startup_stm32g071xx.o(.text)
    EXTI0_1_IRQHandler                       0x080000e7   Thumb Code     0  startup_stm32g071xx.o(.text)
    EXTI2_3_IRQHandler                       0x080000e7   Thumb Code     0  startup_stm32g071xx.o(.text)
    EXTI4_15_IRQHandler                      0x080000e7   Thumb Code     0  startup_stm32g071xx.o(.text)
    FLASH_IRQHandler                         0x080000e7   Thumb Code     0  startup_stm32g071xx.o(.text)
    I2C1_IRQHandler                          0x080000e7   Thumb Code     0  startup_stm32g071xx.o(.text)
    I2C2_IRQHandler                          0x080000e7   Thumb Code     0  startup_stm32g071xx.o(.text)
    PVD_IRQHandler                           0x080000e7   Thumb Code     0  startup_stm32g071xx.o(.text)
    RCC_IRQHandler                           0x080000e7   Thumb Code     0  startup_stm32g071xx.o(.text)
    RTC_TAMP_IRQHandler                      0x080000e7   Thumb Code     0  startup_stm32g071xx.o(.text)
    SPI1_IRQHandler                          0x080000e7   Thumb Code     0  startup_stm32g071xx.o(.text)
    SPI2_IRQHandler                          0x080000e7   Thumb Code     0  startup_stm32g071xx.o(.text)
    TIM14_IRQHandler                         0x080000e7   Thumb Code     0  startup_stm32g071xx.o(.text)
    TIM15_IRQHandler                         0x080000e7   Thumb Code     0  startup_stm32g071xx.o(.text)
    TIM16_IRQHandler                         0x080000e7   Thumb Code     0  startup_stm32g071xx.o(.text)
    TIM17_IRQHandler                         0x080000e7   Thumb Code     0  startup_stm32g071xx.o(.text)
    TIM1_BRK_UP_TRG_COM_IRQHandler           0x080000e7   Thumb Code     0  startup_stm32g071xx.o(.text)
    TIM1_CC_IRQHandler                       0x080000e7   Thumb Code     0  startup_stm32g071xx.o(.text)
    TIM2_IRQHandler                          0x080000e7   Thumb Code     0  startup_stm32g071xx.o(.text)
    TIM3_IRQHandler                          0x080000e7   Thumb Code     0  startup_stm32g071xx.o(.text)
    TIM6_DAC_LPTIM1_IRQHandler               0x080000e7   Thumb Code     0  startup_stm32g071xx.o(.text)
    TIM7_LPTIM2_IRQHandler                   0x080000e7   Thumb Code     0  startup_stm32g071xx.o(.text)
    UCPD1_2_IRQHandler                       0x080000e7   Thumb Code     0  startup_stm32g071xx.o(.text)
    USART1_IRQHandler                        0x080000e7   Thumb Code     0  startup_stm32g071xx.o(.text)
    USART2_IRQHandler                        0x080000e7   Thumb Code     0  startup_stm32g071xx.o(.text)
    USART3_4_LPUART1_IRQHandler              0x080000e7   Thumb Code     0  startup_stm32g071xx.o(.text)
    WWDG_IRQHandler                          0x080000e7   Thumb Code     0  startup_stm32g071xx.o(.text)
    rt_hw_interrupt_disable                  0x080000f1   Thumb Code     8  context_rvds.o(.text)
    rt_hw_interrupt_enable                   0x080000f9   Thumb Code     6  context_rvds.o(.text)
    rt_hw_context_switch                     0x080000ff   Thumb Code    28  context_rvds.o(.text)
    rt_hw_context_switch_interrupt           0x080000ff   Thumb Code     0  context_rvds.o(.text)
    PendSV_Handler                           0x0800011b   Thumb Code    84  context_rvds.o(.text)
    rt_hw_context_switch_to                  0x0800016f   Thumb Code    44  context_rvds.o(.text)
    rt_hw_interrupt_thread_switch            0x0800019b   Thumb Code     2  context_rvds.o(.text)
    HardFault_Handler                        0x0800019d   Thumb Code    12  context_rvds.o(.text)
    __aeabi_uidiv                            0x080001c9   Thumb Code     0  uidiv.o(.text)
    __aeabi_uidivmod                         0x080001c9   Thumb Code    44  uidiv.o(.text)
    __aeabi_idiv                             0x080001f5   Thumb Code     0  idiv.o(.text)
    __aeabi_idivmod                          0x080001f5   Thumb Code    40  idiv.o(.text)
    __aeabi_uldivmod                         0x0800021d   Thumb Code    96  uldiv.o(.text)
    __aeabi_memcpy                           0x0800027d   Thumb Code    36  memcpya.o(.text)
    __aeabi_memcpy4                          0x0800027d   Thumb Code     0  memcpya.o(.text)
    __aeabi_memcpy8                          0x0800027d   Thumb Code     0  memcpya.o(.text)
    __aeabi_memset                           0x080002a1   Thumb Code    14  memseta.o(.text)
    __aeabi_memset4                          0x080002a1   Thumb Code     0  memseta.o(.text)
    __aeabi_memset8                          0x080002a1   Thumb Code     0  memseta.o(.text)
    __aeabi_memclr                           0x080002af   Thumb Code     4  memseta.o(.text)
    __aeabi_memclr4                          0x080002af   Thumb Code     0  memseta.o(.text)
    __aeabi_memclr8                          0x080002af   Thumb Code     0  memseta.o(.text)
    _memset$wrapper                          0x080002b3   Thumb Code    18  memseta.o(.text)
    strcat                                   0x080002c5   Thumb Code    24  strcat.o(.text)
    strncpy                                  0x080002dd   Thumb Code    26  strncpy.o(.text)
    strlen                                   0x080002f7   Thumb Code    14  strlen.o(.text)
    strcpy                                   0x08000305   Thumb Code    18  strcpy.o(.text)
    strncmp                                  0x08000317   Thumb Code    30  strncmp.o(.text)
    __aeabi_llsl                             0x08000335   Thumb Code    32  llshl.o(.text)
    _ll_shift_l                              0x08000335   Thumb Code     0  llshl.o(.text)
    __aeabi_llsr                             0x08000355   Thumb Code    34  llushr.o(.text)
    _ll_ushift_r                             0x08000355   Thumb Code     0  llushr.o(.text)
    __scatterload                            0x08000379   Thumb Code    28  init.o(.text)
    __scatterload_rt2                        0x08000379   Thumb Code     0  init.o(.text)
    main                                     0x0800039d   Thumb Code    10  components.o(i.$Sub$$main)
    HAL_GPIO_Init                            0x080003a9   Thumb Code   330  stm32g0xx_hal_gpio.o(i.HAL_GPIO_Init)
    HAL_GetTick                              0x08000505   Thumb Code     6  stm32g0xx_hal.o(i.HAL_GetTick)
    HAL_Init                                 0x08000511   Thumb Code    36  stm32g0xx_hal.o(i.HAL_Init)
    HAL_InitTick                             0x08000539   Thumb Code    64  stm32g0xx_hal.o(i.HAL_InitTick)
    HAL_MspInit                              0x08000581   Thumb Code    46  stm32g0xx_hal_msp.o(i.HAL_MspInit)
    HAL_NVIC_SetPriority                     0x080005b5   Thumb Code     8  stm32g0xx_hal_cortex.o(i.HAL_NVIC_SetPriority)
    HAL_RCC_GetPCLK1Freq                     0x080005bd   Thumb Code    26  stm32g0xx_hal_rcc.o(i.HAL_RCC_GetPCLK1Freq)
    HAL_RCC_GetSysClockFreq                  0x080005e5   Thumb Code   130  stm32g0xx_hal_rcc.o(i.HAL_RCC_GetSysClockFreq)
    HAL_SYSCFG_StrobeDBattpinsConfig         0x08000671   Thumb Code    16  stm32g0xx_hal.o(i.HAL_SYSCFG_StrobeDBattpinsConfig)
    HAL_SYSTICK_Config                       0x08000685   Thumb Code    38  stm32g0xx_hal_cortex.o(i.HAL_SYSTICK_Config)
    HAL_UART_Init                            0x080006b5   Thumb Code   108  stm32g0xx_hal_uart.o(i.HAL_UART_Init)
    HAL_UART_MspInit                         0x08000721   Thumb Code    84  stm32g0xx_hal_msp.o(i.HAL_UART_MspInit)
    HAL_UART_Transmit                        0x0800077d   Thumb Code   216  stm32g0xx_hal_uart.o(i.HAL_UART_Transmit)
    NMI_Handler                              0x08000855   Thumb Code     2  stm32g0xx_it.o(i.NMI_Handler)
    SVC_Handler                              0x08000857   Thumb Code     2  stm32g0xx_it.o(i.SVC_Handler)
    SysTick_Handler                          0x08000859   Thumb Code    16  board.o(i.SysTick_Handler)
    SystemInit                               0x08000869   Thumb Code    10  system_stm32g0xx.o(i.SystemInit)
    UART_AdvFeatureConfig                    0x08000879   Thumb Code   202  stm32g0xx_hal_uart.o(i.UART_AdvFeatureConfig)
    UART_CheckIdleState                      0x08000945   Thumb Code    94  stm32g0xx_hal_uart.o(i.UART_CheckIdleState)
    UART_SetConfig                           0x080009a9   Thumb Code   522  stm32g0xx_hal_uart.o(i.UART_SetConfig)
    UART_WaitOnFlagUntilTimeout              0x08000be5   Thumb Code   156  stm32g0xx_hal_uart.o(i.UART_WaitOnFlagUntilTimeout)
    __rt_ffs                                 0x08000d05   Thumb Code    60  kservice.o(i.__rt_ffs)
    __scatterload_copy                       0x08000d45   Thumb Code    14  handlers.o(i.__scatterload_copy)
    __scatterload_null                       0x08000d53   Thumb Code     2  handlers.o(i.__scatterload_null)
    __scatterload_zeroinit                   0x08000d55   Thumb Code    14  handlers.o(i.__scatterload_zeroinit)
    cmd_free                                 0x08000eb9   Thumb Code    10  msh.o(i.cmd_free)
    cmd_ps                                   0x08000ec3   Thumb Code    10  msh.o(i.cmd_ps)
    finsh_get_prompt                         0x08000ecd   Thumb Code    72  shell.o(i.finsh_get_prompt)
    finsh_set_prompt_mode                    0x08000f31   Thumb Code    22  shell.o(i.finsh_set_prompt_mode)
    finsh_system_function_init               0x08000f4d   Thumb Code     6  shell.o(i.finsh_system_function_init)
    finsh_system_init                        0x08000f59   Thumb Code    94  shell.o(i.finsh_system_init)
    finsh_thread_entry                       0x08000ff1   Thumb Code   588  shell.o(i.finsh_thread_entry)
    hello                                    0x08001265   Thumb Code    12  cmd.o(i.hello)
    list                                     0x08001285   Thumb Code    52  cmd.o(i.list)
    list_mailbox                             0x08001371   Thumb Code   192  cmd.o(i.list_mailbox)
    list_mem                                 0x080014ad   Thumb Code    30  mem.o(i.list_mem)
    list_mutex                               0x08001519   Thumb Code   146  cmd.o(i.list_mutex)
    list_sem                                 0x08001611   Thumb Code   184  cmd.o(i.list_sem)
    list_thread                              0x08001729   Thumb Code   258  cmd.o(i.list_thread)
    list_timer                               0x080018e9   Thumb Code   160  cmd.o(i.list_timer)
    $Super$$main                             0x08001a29   Thumb Code    26  main.o(i.main)
    main_thread_entry                        0x08001a49   Thumb Code    12  components.o(i.main_thread_entry)
    msh_auto_complete                        0x08001a55   Thumb Code   154  msh.o(i.msh_auto_complete)
    msh_exec                                 0x08001b05   Thumb Code    78  msh.o(i.msh_exec)
    msh_help                                 0x08001b6d   Thumb Code    60  msh.o(i.msh_help)
    msh_is_used                              0x08001be5   Thumb Code     4  msh.o(i.msh_is_used)
    mutex_sample                             0x08001cb9   Thumb Code   102  mutex_sample.o(i.mutex_sample)
    rt_application_init                      0x08001f25   Thumb Code    30  components.o(i.rt_application_init)
    rt_calloc                                0x08001f51   Thumb Code    28  mem.o(i.rt_calloc)
    rt_components_board_init                 0x08001f6d   Thumb Code    20  components.o(i.rt_components_board_init)
    rt_components_init                       0x08001f89   Thumb Code    20  components.o(i.rt_components_init)
    rt_enter_critical                        0x08001fa5   Thumb Code    20  scheduler.o(i.rt_enter_critical)
    rt_exit_critical                         0x08001fbd   Thumb Code    46  scheduler.o(i.rt_exit_critical)
    rt_free                                  0x08001ff1   Thumb Code   110  mem.o(i.rt_free)
    rt_heap_begin_get                        0x080020b5   Thumb Code     4  board.o(i.rt_heap_begin_get)
    rt_heap_end_get                          0x080020bd   Thumb Code     4  board.o(i.rt_heap_end_get)
    rt_hw_board_init                         0x080020c5   Thumb Code    44  board.o(i.rt_hw_board_init)
    rt_hw_console_getchar                    0x080020f5   Thumb Code    34  board.o(i.rt_hw_console_getchar)
    rt_hw_console_output                     0x0800211d   Thumb Code    68  board.o(i.rt_hw_console_output)
    rt_hw_hard_fault_exception               0x08002165   Thumb Code    82  cpuport.o(i.rt_hw_hard_fault_exception)
    rt_hw_stack_init                         0x08002259   Thumb Code    50  cpuport.o(i.rt_hw_stack_init)
    rt_interrupt_enter                       0x08002291   Thumb Code    20  irq.o(i.rt_interrupt_enter)
    rt_interrupt_leave                       0x080022a9   Thumb Code    20  irq.o(i.rt_interrupt_leave)
    rt_kprintf                               0x0800231d   Thumb Code    30  kservice.o(i.rt_kprintf)
    rt_malloc                                0x080023b1   Thumb Code   222  mem.o(i.rt_malloc)
    rt_memmove                               0x08002499   Thumb Code    46  kservice.o(i.rt_memmove)
    rt_memset                                0x080024c7   Thumb Code    62  kservice.o(i.rt_memset)
    rt_mutex_create                          0x08002505   Thumb Code    42  ipc.o(i.rt_mutex_create)
    rt_mutex_release                         0x0800252f   Thumb Code   138  ipc.o(i.rt_mutex_release)
    rt_mutex_take                            0x080025b9   Thumb Code   182  ipc.o(i.rt_mutex_take)
    rt_object_allocate                       0x0800266f   Thumb Code    76  object.o(i.rt_object_allocate)
    rt_object_delete                         0x080026bb   Thumb Code    36  object.o(i.rt_object_delete)
    rt_object_detach                         0x080026df   Thumb Code    30  object.o(i.rt_object_detach)
    rt_object_get_information                0x080026fd   Thumb Code    28  object.o(i.rt_object_get_information)
    rt_object_init                           0x0800271d   Thumb Code    76  object.o(i.rt_object_init)
    rt_object_is_systemobject                0x08002769   Thumb Code    14  object.o(i.rt_object_is_systemobject)
    rt_schedule                              0x08002779   Thumb Code    80  scheduler.o(i.rt_schedule)
    rt_schedule_insert_thread                0x080027d5   Thumb Code    66  scheduler.o(i.rt_schedule_insert_thread)
    rt_schedule_remove_thread                0x08002821   Thumb Code    60  scheduler.o(i.rt_schedule_remove_thread)
    rt_sem_init                              0x08002865   Thumb Code    32  ipc.o(i.rt_sem_init)
    rt_sem_release                           0x08002885   Thumb Code    52  ipc.o(i.rt_sem_release)
    rt_sem_take                              0x080028b9   Thumb Code   114  ipc.o(i.rt_sem_take)
    rt_show_version                          0x0800292d   Thumb Code    38  kservice.o(i.rt_show_version)
    rt_strlen                                0x080029dd   Thumb Code    16  kservice.o(i.rt_strlen)
    rt_strncpy                               0x080029ed   Thumb Code    40  kservice.o(i.rt_strncpy)
    rt_system_heap_init                      0x08002a15   Thumb Code    90  mem.o(i.rt_system_heap_init)
    rt_system_scheduler_init                 0x08002abd   Thumb Code    44  scheduler.o(i.rt_system_scheduler_init)
    rt_system_scheduler_start                0x08002af1   Thumb Code    30  scheduler.o(i.rt_system_scheduler_start)
    rt_system_timer_init                     0x08002b19   Thumb Code     8  timer.o(i.rt_system_timer_init)
    rt_system_timer_thread_init              0x08002b25   Thumb Code     2  timer.o(i.rt_system_timer_thread_init)
    rt_thread_control                        0x08002b27   Thumb Code    92  thread.o(i.rt_thread_control)
    rt_thread_create                         0x08002b83   Thumb Code    64  thread.o(i.rt_thread_create)
    rt_thread_delete                         0x08002bc5   Thumb Code    58  thread.o(i.rt_thread_delete)
    rt_thread_exit                           0x08002cc9   Thumb Code    78  thread.o(i.rt_thread_exit)
    rt_thread_idle_excute                    0x08002d29   Thumb Code   116  idle.o(i.rt_thread_idle_excute)
    rt_thread_idle_init                      0x08002da1   Thumb Code    36  idle.o(i.rt_thread_idle_init)
    rt_thread_init                           0x08002dd5   Thumb Code    42  thread.o(i.rt_thread_init)
    rt_thread_mdelay                         0x08002dff   Thumb Code    12  thread.o(i.rt_thread_mdelay)
    rt_thread_resume                         0x08002e0b   Thumb Code    60  thread.o(i.rt_thread_resume)
    rt_thread_self                           0x08002e49   Thumb Code     6  thread.o(i.rt_thread_self)
    rt_thread_sleep                          0x08002e55   Thumb Code    60  thread.o(i.rt_thread_sleep)
    rt_thread_startup                        0x08002e95   Thumb Code    40  thread.o(i.rt_thread_startup)
    rt_thread_suspend                        0x08002ec1   Thumb Code    64  thread.o(i.rt_thread_suspend)
    rt_thread_timeout                        0x08002f01   Thumb Code    30  thread.o(i.rt_thread_timeout)
    rt_thread_yield                          0x08002f21   Thumb Code    84  thread.o(i.rt_thread_yield)
    rt_tick_from_millisecond                 0x08002f7d   Thumb Code    46  clock.o(i.rt_tick_from_millisecond)
    rt_tick_get                              0x08002fad   Thumb Code     6  clock.o(i.rt_tick_get)
    rt_tick_increase                         0x08002fb9   Thumb Code    36  clock.o(i.rt_tick_increase)
    rt_timer_check                           0x08002fe1   Thumb Code    92  timer.o(i.rt_timer_check)
    rt_timer_control                         0x08003045   Thumb Code    50  timer.o(i.rt_timer_control)
    rt_timer_detach                          0x08003077   Thumb Code    32  timer.o(i.rt_timer_detach)
    rt_timer_init                            0x08003097   Thumb Code    38  timer.o(i.rt_timer_init)
    rt_timer_start                           0x080030bd   Thumb Code   134  timer.o(i.rt_timer_start)
    rt_timer_stop                            0x0800314d   Thumb Code    46  timer.o(i.rt_timer_stop)
    rt_vsnprintf                             0x0800317d   Thumb Code   610  kservice.o(i.rt_vsnprintf)
    rtthread_startup                         0x080033f9   Thumb Code    42  components.o(i.rtthread_startup)
    version                                  0x080034a9   Thumb Code    10  cmd.o(i.version)
    UARTPrescTable                           0x080034b2   Data          24  stm32g0xx_hal_uart.o(.constdata)
    APBPrescTable                            0x080034cc   Data          32  system_stm32g0xx.o(.constdata)
    __lowest_bit_bitmap                      0x080034ec   Data         256  kservice.o(.constdata)
    __fsym___cmd_mutex_sample_name           0x08003654   Data          19  mutex_sample.o(.rodata.name)
    __fsym___cmd_mutex_sample_desc           0x08003667   Data          13  mutex_sample.o(.rodata.name)
    __fsym_hello_name                        0x08003674   Data           6  cmd.o(.rodata.name)
    __fsym_hello_desc                        0x0800367a   Data          16  cmd.o(.rodata.name)
    __fsym_version_name                      0x0800368a   Data           8  cmd.o(.rodata.name)
    __fsym_version_desc                      0x08003692   Data          35  cmd.o(.rodata.name)
    __fsym___cmd_version_name                0x080036b5   Data          14  cmd.o(.rodata.name)
    __fsym___cmd_version_desc                0x080036c3   Data          35  cmd.o(.rodata.name)
    __fsym_list_thread_name                  0x080036e6   Data          12  cmd.o(.rodata.name)
    __fsym_list_thread_desc                  0x080036f2   Data          12  cmd.o(.rodata.name)
    __fsym___cmd_list_thread_name            0x080036fe   Data          18  cmd.o(.rodata.name)
    __fsym___cmd_list_thread_desc            0x08003710   Data          12  cmd.o(.rodata.name)
    __fsym_list_sem_name                     0x0800371c   Data           9  cmd.o(.rodata.name)
    __fsym_list_sem_desc                     0x08003725   Data          25  cmd.o(.rodata.name)
    __fsym___cmd_list_sem_name               0x0800373e   Data          15  cmd.o(.rodata.name)
    __fsym___cmd_list_sem_desc               0x0800374d   Data          25  cmd.o(.rodata.name)
    __fsym_list_mutex_name                   0x08003766   Data          11  cmd.o(.rodata.name)
    __fsym_list_mutex_desc                   0x08003771   Data          21  cmd.o(.rodata.name)
    __fsym___cmd_list_mutex_name             0x08003786   Data          17  cmd.o(.rodata.name)
    __fsym___cmd_list_mutex_desc             0x08003797   Data          21  cmd.o(.rodata.name)
    __fsym_list_mailbox_name                 0x080037ac   Data          13  cmd.o(.rodata.name)
    __fsym_list_mailbox_desc                 0x080037b9   Data          24  cmd.o(.rodata.name)
    __fsym___cmd_list_mailbox_name           0x080037d1   Data          19  cmd.o(.rodata.name)
    __fsym___cmd_list_mailbox_desc           0x080037e4   Data          24  cmd.o(.rodata.name)
    __fsym_list_timer_name                   0x080037fc   Data          11  cmd.o(.rodata.name)
    __fsym_list_timer_desc                   0x08003807   Data          21  cmd.o(.rodata.name)
    __fsym___cmd_list_timer_name             0x0800381c   Data          17  cmd.o(.rodata.name)
    __fsym___cmd_list_timer_desc             0x0800382d   Data          21  cmd.o(.rodata.name)
    __fsym_list_name                         0x08003842   Data           5  cmd.o(.rodata.name)
    __fsym_list_desc                         0x08003847   Data          26  cmd.o(.rodata.name)
    __fsym___cmd_help_name                   0x08003861   Data          11  msh.o(.rodata.name)
    __fsym___cmd_help_desc                   0x0800386c   Data          22  msh.o(.rodata.name)
    __fsym___cmd_ps_name                     0x08003882   Data           9  msh.o(.rodata.name)
    __fsym___cmd_ps_desc                     0x0800388b   Data          28  msh.o(.rodata.name)
    __fsym___cmd_free_name                   0x080038a7   Data          11  msh.o(.rodata.name)
    __fsym___cmd_free_desc                   0x080038b2   Data          37  msh.o(.rodata.name)
    __fsym_list_mem_name                     0x080038d7   Data           9  mem.o(.rodata.name)
    __fsym_list_mem_desc                     0x080038e0   Data          30  mem.o(.rodata.name)
    __rt_init_rti_start                      0x08003900   Data           4  components.o(.rti_fn.0)
    __rt_init_rti_board_start                0x08003904   Data           4  components.o(.rti_fn.0.end)
    __rt_init_uart_init                      0x08003908   Data           4  board.o(.rti_fn.1)
    __rt_init_rti_board_end                  0x0800390c   Data           4  components.o(.rti_fn.1.end)
    __rt_init_finsh_system_init              0x08003910   Data           4  shell.o(.rti_fn.6)
    __rt_init_rti_end                        0x08003914   Data           4  components.o(.rti_fn.6.end)
    FSymTab$$Base                            0x08003918   Number         0  mutex_sample.o(FSymTab)
    __fsym___cmd_mutex_sample                0x08003918   Data          12  mutex_sample.o(FSymTab)
    __fsym_hello                             0x08003924   Data          12  cmd.o(FSymTab)
    __fsym_version                           0x08003930   Data          12  cmd.o(FSymTab)
    __fsym___cmd_version                     0x0800393c   Data          12  cmd.o(FSymTab)
    __fsym_list_thread                       0x08003948   Data          12  cmd.o(FSymTab)
    __fsym___cmd_list_thread                 0x08003954   Data          12  cmd.o(FSymTab)
    __fsym_list_sem                          0x08003960   Data          12  cmd.o(FSymTab)
    __fsym___cmd_list_sem                    0x0800396c   Data          12  cmd.o(FSymTab)
    __fsym_list_mutex                        0x08003978   Data          12  cmd.o(FSymTab)
    __fsym___cmd_list_mutex                  0x08003984   Data          12  cmd.o(FSymTab)
    __fsym_list_mailbox                      0x08003990   Data          12  cmd.o(FSymTab)
    __fsym___cmd_list_mailbox                0x0800399c   Data          12  cmd.o(FSymTab)
    __fsym_list_timer                        0x080039a8   Data          12  cmd.o(FSymTab)
    __fsym___cmd_list_timer                  0x080039b4   Data          12  cmd.o(FSymTab)
    __fsym_list                              0x080039c0   Data          12  cmd.o(FSymTab)
    __fsym___cmd_help                        0x080039cc   Data          12  msh.o(FSymTab)
    __fsym___cmd_ps                          0x080039d8   Data          12  msh.o(FSymTab)
    __fsym___cmd_free                        0x080039e4   Data          12  msh.o(FSymTab)
    __fsym_list_mem                          0x080039f0   Data          12  mem.o(FSymTab)
    FSymTab$$Limit                           0x080039fc   Number         0  mem.o(FSymTab)
    Region$$Table$$Base                      0x080039fc   Number         0  anon$$obj.o(Region$$Table)
    Region$$Table$$Limit                     0x08003a1c   Number         0  anon$$obj.o(Region$$Table)
    uwTickFreq                               0x20000008   Data           1  stm32g0xx_hal.o(.data)
    uwTickPrio                               0x2000000c   Data           4  stm32g0xx_hal.o(.data)
    uwTick                                   0x20000010   Data           4  stm32g0xx_hal.o(.data)
    SystemCoreClock                          0x20000014   Data           4  system_stm32g0xx.o(.data)
    _syscall_table_begin                     0x20000018   Data           4  shell.o(.data)
    _syscall_table_end                       0x2000001c   Data           4  shell.o(.data)
    _sysvar_table_begin                      0x20000020   Data           4  shell.o(.data)
    _sysvar_table_end                        0x20000024   Data           4  shell.o(.data)
    shell                                    0x2000002c   Data           4  shell.o(.data)
    rt_interrupt_from_thread                 0x20000030   Data           4  cpuport.o(.data)
    rt_interrupt_to_thread                   0x20000034   Data           4  cpuport.o(.data)
    rt_thread_switch_interrupt_flag          0x20000038   Data           4  cpuport.o(.data)
    rt_interrupt_nest                        0x20000040   Data           1  irq.o(.data)
    rt_current_priority                      0x200000ac   Data           1  scheduler.o(.data)
    rt_current_thread                        0x200000b0   Data           4  scheduler.o(.data)
    rt_thread_ready_priority_group           0x200000b4   Data           4  scheduler.o(.data)
    rt_thread_defunct                        0x200000b8   Data           8  scheduler.o(.data)
    rt_thread_priority_table                 0x20000d58   Data         256  scheduler.o(.bss)
    __initial_sp                             0x20004ee8   Data           0  startup_stm32g071xx.o(STACK)



==============================================================================

Memory Map of the image

  Image Entry point : 0x080000bd

  Load Region LR_IROM1 (Base: 0x08000000, Size: 0x00003ae8, Max: 0x00020000, ABSOLUTE)

    Execution Region ER_IROM1 (Exec base: 0x08000000, Load base: 0x08000000, Size: 0x00003a1c, Max: 0x00020000, ABSOLUTE)

    Exec Addr    Load Addr    Size         Type   Attr      Idx    E Section Name        Object

    0x08000000   0x08000000   0x000000bc   Data   RO            3    RESET               startup_stm32g071xx.o
    0x080000bc   0x080000bc   0x00000000   Code   RO         3409  * .ARM.Collect$$$$00000000  mc_p.l(entry.o)
    0x080000bc   0x080000bc   0x00000004   Code   RO         3434    .ARM.Collect$$$$00000001  mc_p.l(entry2.o)
    0x080000c0   0x080000c0   0x00000004   Code   RO         3437    .ARM.Collect$$$$00000004  mc_p.l(entry5.o)
    0x080000c4   0x080000c4   0x00000000   Code   RO         3439    .ARM.Collect$$$$00000008  mc_p.l(entry7b.o)
    0x080000c4   0x080000c4   0x00000000   Code   RO         3441    .ARM.Collect$$$$0000000A  mc_p.l(entry8b.o)
    0x080000c4   0x080000c4   0x00000008   Code   RO         3442    .ARM.Collect$$$$0000000B  mc_p.l(entry9a.o)
    0x080000cc   0x080000cc   0x00000004   Code   RO         3449    .ARM.Collect$$$$0000000E  mc_p.l(entry12b.o)
    0x080000d0   0x080000d0   0x00000000   Code   RO         3444    .ARM.Collect$$$$0000000F  mc_p.l(entry10a.o)
    0x080000d0   0x080000d0   0x00000000   Code   RO         3446    .ARM.Collect$$$$00000011  mc_p.l(entry11a.o)
    0x080000d0   0x080000d0   0x00000004   Code   RO         3435    .ARM.Collect$$$$00002712  mc_p.l(entry2.o)
    0x080000d4   0x080000d4   0x0000001c   Code   RO            4    .text               startup_stm32g071xx.o
    0x080000f0   0x080000f0   0x000000d8   Code   RO         2386    .text               context_rvds.o
    0x080001c8   0x080001c8   0x0000002c   Code   RO         3412    .text               mc_p.l(uidiv.o)
    0x080001f4   0x080001f4   0x00000028   Code   RO         3414    .text               mc_p.l(idiv.o)
    0x0800021c   0x0800021c   0x00000060   Code   RO         3416    .text               mc_p.l(uldiv.o)
    0x0800027c   0x0800027c   0x00000024   Code   RO         3418    .text               mc_p.l(memcpya.o)
    0x080002a0   0x080002a0   0x00000024   Code   RO         3420    .text               mc_p.l(memseta.o)
    0x080002c4   0x080002c4   0x00000018   Code   RO         3422    .text               mc_p.l(strcat.o)
    0x080002dc   0x080002dc   0x0000001a   Code   RO         3424    .text               mc_p.l(strncpy.o)
    0x080002f6   0x080002f6   0x0000000e   Code   RO         3426    .text               mc_p.l(strlen.o)
    0x08000304   0x08000304   0x00000012   Code   RO         3428    .text               mc_p.l(strcpy.o)
    0x08000316   0x08000316   0x0000001e   Code   RO         3430    .text               mc_p.l(strncmp.o)
    0x08000334   0x08000334   0x00000020   Code   RO         3450    .text               mc_p.l(llshl.o)
    0x08000354   0x08000354   0x00000022   Code   RO         3452    .text               mc_p.l(llushr.o)
    0x08000376   0x08000376   0x00000002   PAD
    0x08000378   0x08000378   0x00000024   Code   RO         3454    .text               mc_p.l(init.o)
    0x0800039c   0x0800039c   0x0000000a   Code   RO         2458    i.$Sub$$main        components.o
    0x080003a6   0x080003a6   0x00000002   PAD
    0x080003a8   0x080003a8   0x0000015c   Code   RO         1174    i.HAL_GPIO_Init     stm32g0xx_hal_gpio.o
    0x08000504   0x08000504   0x0000000c   Code   RO         1771    i.HAL_GetTick       stm32g0xx_hal.o
    0x08000510   0x08000510   0x00000028   Code   RO         1778    i.HAL_Init          stm32g0xx_hal.o
    0x08000538   0x08000538   0x00000048   Code   RO         1779    i.HAL_InitTick      stm32g0xx_hal.o
    0x08000580   0x08000580   0x00000034   Code   RO          227    i.HAL_MspInit       stm32g0xx_hal_msp.o
    0x080005b4   0x080005b4   0x00000008   Code   RO         1659    i.HAL_NVIC_SetPriority  stm32g0xx_hal_cortex.o
    0x080005bc   0x080005bc   0x00000028   Code   RO          820    i.HAL_RCC_GetPCLK1Freq  stm32g0xx_hal_rcc.o
    0x080005e4   0x080005e4   0x0000008c   Code   RO          821    i.HAL_RCC_GetSysClockFreq  stm32g0xx_hal_rcc.o
    0x08000670   0x08000670   0x00000014   Code   RO         1789    i.HAL_SYSCFG_StrobeDBattpinsConfig  stm32g0xx_hal.o
    0x08000684   0x08000684   0x00000030   Code   RO         1663    i.HAL_SYSTICK_Config  stm32g0xx_hal_cortex.o
    0x080006b4   0x080006b4   0x0000006c   Code   RO          317    i.HAL_UART_Init     stm32g0xx_hal_uart.o
    0x08000720   0x08000720   0x0000005c   Code   RO          229    i.HAL_UART_MspInit  stm32g0xx_hal_msp.o
    0x0800077c   0x0800077c   0x000000d8   Code   RO          326    i.HAL_UART_Transmit  stm32g0xx_hal_uart.o
    0x08000854   0x08000854   0x00000002   Code   RO          198    i.NMI_Handler       stm32g0xx_it.o
    0x08000856   0x08000856   0x00000002   Code   RO          199    i.SVC_Handler       stm32g0xx_it.o
    0x08000858   0x08000858   0x00000010   Code   RO         3344    i.SysTick_Handler   board.o
    0x08000868   0x08000868   0x00000010   Code   RO         2077    i.SystemInit        system_stm32g0xx.o
    0x08000878   0x08000878   0x000000ca   Code   RO          331    i.UART_AdvFeatureConfig  stm32g0xx_hal_uart.o
    0x08000942   0x08000942   0x00000002   PAD
    0x08000944   0x08000944   0x00000064   Code   RO          332    i.UART_CheckIdleState  stm32g0xx_hal_uart.o
    0x080009a8   0x080009a8   0x0000023c   Code   RO          349    i.UART_SetConfig    stm32g0xx_hal_uart.o
    0x08000be4   0x08000be4   0x0000009c   Code   RO          356    i.UART_WaitOnFlagUntilTimeout  stm32g0xx_hal_uart.o
    0x08000c80   0x08000c80   0x00000040   Code   RO         3345    i._SysTick_Config   board.o
    0x08000cc0   0x08000cc0   0x00000044   Code   RO         1665    i.__NVIC_SetPriority  stm32g0xx_hal_cortex.o
    0x08000d04   0x08000d04   0x00000040   Code   RO         2759    i.__rt_ffs          kservice.o
    0x08000d44   0x08000d44   0x0000000e   Code   RO         3458    i.__scatterload_copy  mc_p.l(handlers.o)
    0x08000d52   0x08000d52   0x00000002   Code   RO         3459    i.__scatterload_null  mc_p.l(handlers.o)
    0x08000d54   0x08000d54   0x0000000e   Code   RO         3460    i.__scatterload_zeroinit  mc_p.l(handlers.o)
    0x08000d62   0x08000d62   0x00000002   PAD
    0x08000d64   0x08000d64   0x00000014   Code   RO         2525    i._has_defunct_thread  idle.o
    0x08000d78   0x08000d78   0x000000a0   Code   RO         2242    i._msh_exec_cmd     msh.o
    0x08000e18   0x08000e18   0x00000070   Code   RO         3130    i._rt_thread_init   thread.o
    0x08000e88   0x08000e88   0x0000001c   Code   RO         3250    i._rt_timer_init    timer.o
    0x08000ea4   0x08000ea4   0x00000014   Code   RO         3251    i._rt_timer_remove  timer.o
    0x08000eb8   0x08000eb8   0x0000000a   Code   RO         2243    i.cmd_free          msh.o
    0x08000ec2   0x08000ec2   0x0000000a   Code   RO         2244    i.cmd_ps            msh.o
    0x08000ecc   0x08000ecc   0x00000064   Code   RO         2310    i.finsh_get_prompt  shell.o
    0x08000f30   0x08000f30   0x0000001c   Code   RO         2314    i.finsh_set_prompt_mode  shell.o
    0x08000f4c   0x08000f4c   0x0000000c   Code   RO         2315    i.finsh_system_function_init  shell.o
    0x08000f58   0x08000f58   0x00000098   Code   RO         2316    i.finsh_system_init  shell.o
    0x08000ff0   0x08000ff0   0x00000274   Code   RO         2318    i.finsh_thread_entry  shell.o
    0x08001264   0x08001264   0x00000020   Code   RO         2108    i.hello             cmd.o
    0x08001284   0x08001284   0x00000064   Code   RO         2109    i.list              cmd.o
    0x080012e8   0x080012e8   0x00000020   Code   RO         2110    i.list_find_init    cmd.o
    0x08001308   0x08001308   0x00000068   Code   RO         2111    i.list_get_next     cmd.o
    0x08001370   0x08001370   0x0000013c   Code   RO         2112    i.list_mailbox      cmd.o
    0x080014ac   0x080014ac   0x0000006c   Code   RO         2933    i.list_mem          mem.o
    0x08001518   0x08001518   0x000000f8   Code   RO         2113    i.list_mutex        cmd.o
    0x08001610   0x08001610   0x00000118   Code   RO         2114    i.list_sem          cmd.o
    0x08001728   0x08001728   0x000001c0   Code   RO         2115    i.list_thread       cmd.o
    0x080018e8   0x080018e8   0x00000140   Code   RO         2116    i.list_timer        cmd.o
    0x08001a28   0x08001a28   0x00000020   Code   RO           17    i.main              main.o
    0x08001a48   0x08001a48   0x0000000c   Code   RO         2459    i.main_thread_entry  components.o
    0x08001a54   0x08001a54   0x000000b0   Code   RO         2245    i.msh_auto_complete  msh.o
    0x08001b04   0x08001b04   0x00000068   Code   RO         2246    i.msh_exec          msh.o
    0x08001b6c   0x08001b6c   0x00000078   Code   RO         2247    i.msh_help          msh.o
    0x08001be4   0x08001be4   0x00000004   Code   RO         2248    i.msh_is_used       msh.o
    0x08001be8   0x08001be8   0x000000d0   Code   RO         2249    i.msh_split         msh.o
    0x08001cb8   0x08001cb8   0x000000b8   Code   RO          257    i.mutex_sample      mutex_sample.o
    0x08001d70   0x08001d70   0x00000018   Code   RO         2117    i.object_split      cmd.o
    0x08001d88   0x08001d88   0x00000058   Code   RO         2934    i.plug_holes        mem.o
    0x08001de0   0x08001de0   0x00000144   Code   RO         2761    i.print_number      kservice.o
    0x08001f24   0x08001f24   0x0000002c   Code   RO         2460    i.rt_application_init  components.o
    0x08001f50   0x08001f50   0x0000001c   Code   RO         2935    i.rt_calloc         mem.o
    0x08001f6c   0x08001f6c   0x0000001c   Code   RO         2461    i.rt_components_board_init  components.o
    0x08001f88   0x08001f88   0x0000001c   Code   RO         2462    i.rt_components_init  components.o
    0x08001fa4   0x08001fa4   0x00000018   Code   RO         3069    i.rt_enter_critical  scheduler.o
    0x08001fbc   0x08001fbc   0x00000034   Code   RO         3070    i.rt_exit_critical  scheduler.o
    0x08001ff0   0x08001ff0   0x000000c4   Code   RO         2936    i.rt_free           mem.o
    0x080020b4   0x080020b4   0x00000008   Code   RO         3346    i.rt_heap_begin_get  board.o
    0x080020bc   0x080020bc   0x00000008   Code   RO         3347    i.rt_heap_end_get   board.o
    0x080020c4   0x080020c4   0x00000030   Code   RO         3348    i.rt_hw_board_init  board.o
    0x080020f4   0x080020f4   0x00000028   Code   RO         3349    i.rt_hw_console_getchar  board.o
    0x0800211c   0x0800211c   0x00000048   Code   RO         3350    i.rt_hw_console_output  board.o
    0x08002164   0x08002164   0x000000f4   Code   RO         2391    i.rt_hw_hard_fault_exception  cpuport.o
    0x08002258   0x08002258   0x00000038   Code   RO         2392    i.rt_hw_stack_init  cpuport.o
    0x08002290   0x08002290   0x00000018   Code   RO         2732    i.rt_interrupt_enter  irq.o
    0x080022a8   0x080022a8   0x00000018   Code   RO         2734    i.rt_interrupt_leave  irq.o
    0x080022c0   0x080022c0   0x0000000e   Code   RO         2565    i.rt_ipc_list_resume  ipc.o
    0x080022ce   0x080022ce   0x0000004e   Code   RO         2567    i.rt_ipc_list_suspend  ipc.o
    0x0800231c   0x0800231c   0x00000024   Code   RO         2765    i.rt_kprintf        kservice.o
    0x08002340   0x08002340   0x0000000e   Code   RO         2993    i.rt_list_insert_after  object.o
    0x0800234e   0x0800234e   0x0000000e   Code   RO         3131    i.rt_list_insert_after  thread.o
    0x0800235c   0x0800235c   0x0000000e   Code   RO         3252    i.rt_list_insert_after  timer.o
    0x0800236a   0x0800236a   0x0000000e   Code   RO         2568    i.rt_list_insert_before  ipc.o
    0x08002378   0x08002378   0x00000012   Code   RO         2118    i.rt_list_len       cmd.o
    0x0800238a   0x0800238a   0x00000012   Code   RO         2994    i.rt_list_remove    object.o
    0x0800239c   0x0800239c   0x00000012   Code   RO         3132    i.rt_list_remove    thread.o
    0x080023ae   0x080023ae   0x00000002   PAD
    0x080023b0   0x080023b0   0x000000e8   Code   RO         2937    i.rt_malloc         mem.o
    0x08002498   0x08002498   0x0000002e   Code   RO         2770    i.rt_memmove        kservice.o
    0x080024c6   0x080024c6   0x0000003e   Code   RO         2771    i.rt_memset         kservice.o
    0x08002504   0x08002504   0x0000002a   Code   RO         2578    i.rt_mutex_create   ipc.o
    0x0800252e   0x0800252e   0x0000008a   Code   RO         2582    i.rt_mutex_release  ipc.o
    0x080025b8   0x080025b8   0x000000b6   Code   RO         2583    i.rt_mutex_take     ipc.o
    0x0800266e   0x0800266e   0x0000004c   Code   RO         2995    i.rt_object_allocate  object.o
    0x080026ba   0x080026ba   0x00000024   Code   RO         2996    i.rt_object_delete  object.o
    0x080026de   0x080026de   0x0000001e   Code   RO         2997    i.rt_object_detach  object.o
    0x080026fc   0x080026fc   0x00000020   Code   RO         2999    i.rt_object_get_information  object.o
    0x0800271c   0x0800271c   0x0000004c   Code   RO         3001    i.rt_object_init    object.o
    0x08002768   0x08002768   0x0000000e   Code   RO         3002    i.rt_object_is_systemobject  object.o
    0x08002776   0x08002776   0x00000002   PAD
    0x08002778   0x08002778   0x0000005c   Code   RO         3071    i.rt_schedule       scheduler.o
    0x080027d4   0x080027d4   0x0000004c   Code   RO         3072    i.rt_schedule_insert_thread  scheduler.o
    0x08002820   0x08002820   0x00000044   Code   RO         3073    i.rt_schedule_remove_thread  scheduler.o
    0x08002864   0x08002864   0x00000020   Code   RO         2588    i.rt_sem_init       ipc.o
    0x08002884   0x08002884   0x00000034   Code   RO         2589    i.rt_sem_release    ipc.o
    0x080028b8   0x080028b8   0x00000072   Code   RO         2590    i.rt_sem_take       ipc.o
    0x0800292a   0x0800292a   0x00000002   PAD
    0x0800292c   0x0800292c   0x000000b0   Code   RO         2773    i.rt_show_version   kservice.o
    0x080029dc   0x080029dc   0x00000010   Code   RO         2779    i.rt_strlen         kservice.o
    0x080029ec   0x080029ec   0x00000028   Code   RO         2781    i.rt_strncpy        kservice.o
    0x08002a14   0x08002a14   0x000000a8   Code   RO         2940    i.rt_system_heap_init  mem.o
    0x08002abc   0x08002abc   0x00000034   Code   RO         3074    i.rt_system_scheduler_init  scheduler.o
    0x08002af0   0x08002af0   0x00000028   Code   RO         3075    i.rt_system_scheduler_start  scheduler.o
    0x08002b18   0x08002b18   0x0000000c   Code   RO         3253    i.rt_system_timer_init  timer.o
    0x08002b24   0x08002b24   0x00000002   Code   RO         3254    i.rt_system_timer_thread_init  timer.o
    0x08002b26   0x08002b26   0x0000005c   Code   RO         3133    i.rt_thread_control  thread.o
    0x08002b82   0x08002b82   0x00000040   Code   RO         3134    i.rt_thread_create  thread.o
    0x08002bc2   0x08002bc2   0x00000002   PAD
    0x08002bc4   0x08002bc4   0x00000040   Code   RO         3136    i.rt_thread_delete  thread.o
    0x08002c04   0x08002c04   0x0000002c   Code   RO          258    i.rt_thread_entry1  mutex_sample.o
    0x08002c30   0x08002c30   0x00000098   Code   RO          259    i.rt_thread_entry2  mutex_sample.o
    0x08002cc8   0x08002cc8   0x00000058   Code   RO         3138    i.rt_thread_exit    thread.o
    0x08002d20   0x08002d20   0x00000006   Code   RO         2526    i.rt_thread_idle_entry  idle.o
    0x08002d26   0x08002d26   0x00000002   PAD
    0x08002d28   0x08002d28   0x00000078   Code   RO         2527    i.rt_thread_idle_excute  idle.o
    0x08002da0   0x08002da0   0x00000034   Code   RO         2529    i.rt_thread_idle_init  idle.o
    0x08002dd4   0x08002dd4   0x0000002a   Code   RO         3140    i.rt_thread_init    thread.o
    0x08002dfe   0x08002dfe   0x0000000c   Code   RO         3141    i.rt_thread_mdelay  thread.o
    0x08002e0a   0x08002e0a   0x0000003c   Code   RO         3142    i.rt_thread_resume  thread.o
    0x08002e46   0x08002e46   0x00000002   PAD
    0x08002e48   0x08002e48   0x0000000c   Code   RO         3143    i.rt_thread_self    thread.o
    0x08002e54   0x08002e54   0x00000040   Code   RO         3144    i.rt_thread_sleep   thread.o
    0x08002e94   0x08002e94   0x0000002c   Code   RO         3145    i.rt_thread_startup  thread.o
    0x08002ec0   0x08002ec0   0x00000040   Code   RO         3146    i.rt_thread_suspend  thread.o
    0x08002f00   0x08002f00   0x0000001e   Code   RO         3147    i.rt_thread_timeout  thread.o
    0x08002f1e   0x08002f1e   0x00000002   PAD
    0x08002f20   0x08002f20   0x0000005c   Code   RO         3148    i.rt_thread_yield   thread.o
    0x08002f7c   0x08002f7c   0x0000002e   Code   RO         2421    i.rt_tick_from_millisecond  clock.o
    0x08002faa   0x08002faa   0x00000002   PAD
    0x08002fac   0x08002fac   0x0000000c   Code   RO         2422    i.rt_tick_get       clock.o
    0x08002fb8   0x08002fb8   0x00000028   Code   RO         2423    i.rt_tick_increase  clock.o
    0x08002fe0   0x08002fe0   0x00000064   Code   RO         3255    i.rt_timer_check    timer.o
    0x08003044   0x08003044   0x00000032   Code   RO         3256    i.rt_timer_control  timer.o
    0x08003076   0x08003076   0x00000020   Code   RO         3259    i.rt_timer_detach   timer.o
    0x08003096   0x08003096   0x00000026   Code   RO         3260    i.rt_timer_init     timer.o
    0x080030bc   0x080030bc   0x00000090   Code   RO         3262    i.rt_timer_start    timer.o
    0x0800314c   0x0800314c   0x0000002e   Code   RO         3263    i.rt_timer_stop     timer.o
    0x0800317a   0x0800317a   0x00000002   PAD
    0x0800317c   0x0800317c   0x0000026c   Code   RO         2784    i.rt_vsnprintf      kservice.o
    0x080033e8   0x080033e8   0x00000004   Code   RO         2463    i.rti_board_end     components.o
    0x080033ec   0x080033ec   0x00000004   Code   RO         2464    i.rti_board_start   components.o
    0x080033f0   0x080033f0   0x00000004   Code   RO         2465    i.rti_end           components.o
    0x080033f4   0x080033f4   0x00000004   Code   RO         2466    i.rti_start         components.o
    0x080033f8   0x080033f8   0x0000002a   Code   RO         2467    i.rtthread_startup  components.o
    0x08003422   0x08003422   0x00000002   PAD
    0x08003424   0x08003424   0x00000030   Code   RO         2119    i.show_wait_queue   cmd.o
    0x08003454   0x08003454   0x00000020   Code   RO         2786    i.skip_atoi         kservice.o
    0x08003474   0x08003474   0x00000034   Code   RO         3351    i.uart_init         board.o
    0x080034a8   0x080034a8   0x0000000a   Code   RO         2120    i.version           cmd.o
    0x080034b2   0x080034b2   0x00000018   Data   RO          357    .constdata          stm32g0xx_hal_uart.o
    0x080034ca   0x080034ca   0x00000002   PAD
    0x080034cc   0x080034cc   0x00000020   Data   RO         2079    .constdata          system_stm32g0xx.o
    0x080034ec   0x080034ec   0x00000122   Data   RO         2788    .constdata          kservice.o
    0x0800360e   0x0800360e   0x00000002   PAD
    0x08003610   0x08003610   0x00000044   Data   RO         2121    .conststring        cmd.o
    0x08003654   0x08003654   0x00000013   Data   RO          262    .rodata.name        mutex_sample.o
    0x08003667   0x08003667   0x0000000d   Data   RO          263    .rodata.name        mutex_sample.o
    0x08003674   0x08003674   0x00000006   Data   RO         2122    .rodata.name        cmd.o
    0x0800367a   0x0800367a   0x00000010   Data   RO         2123    .rodata.name        cmd.o
    0x0800368a   0x0800368a   0x00000008   Data   RO         2124    .rodata.name        cmd.o
    0x08003692   0x08003692   0x00000023   Data   RO         2125    .rodata.name        cmd.o
    0x080036b5   0x080036b5   0x0000000e   Data   RO         2126    .rodata.name        cmd.o
    0x080036c3   0x080036c3   0x00000023   Data   RO         2127    .rodata.name        cmd.o
    0x080036e6   0x080036e6   0x0000000c   Data   RO         2128    .rodata.name        cmd.o
    0x080036f2   0x080036f2   0x0000000c   Data   RO         2129    .rodata.name        cmd.o
    0x080036fe   0x080036fe   0x00000012   Data   RO         2130    .rodata.name        cmd.o
    0x08003710   0x08003710   0x0000000c   Data   RO         2131    .rodata.name        cmd.o
    0x0800371c   0x0800371c   0x00000009   Data   RO         2132    .rodata.name        cmd.o
    0x08003725   0x08003725   0x00000019   Data   RO         2133    .rodata.name        cmd.o
    0x0800373e   0x0800373e   0x0000000f   Data   RO         2134    .rodata.name        cmd.o
    0x0800374d   0x0800374d   0x00000019   Data   RO         2135    .rodata.name        cmd.o
    0x08003766   0x08003766   0x0000000b   Data   RO         2136    .rodata.name        cmd.o
    0x08003771   0x08003771   0x00000015   Data   RO         2137    .rodata.name        cmd.o
    0x08003786   0x08003786   0x00000011   Data   RO         2138    .rodata.name        cmd.o
    0x08003797   0x08003797   0x00000015   Data   RO         2139    .rodata.name        cmd.o
    0x080037ac   0x080037ac   0x0000000d   Data   RO         2140    .rodata.name        cmd.o
    0x080037b9   0x080037b9   0x00000018   Data   RO         2141    .rodata.name        cmd.o
    0x080037d1   0x080037d1   0x00000013   Data   RO         2142    .rodata.name        cmd.o
    0x080037e4   0x080037e4   0x00000018   Data   RO         2143    .rodata.name        cmd.o
    0x080037fc   0x080037fc   0x0000000b   Data   RO         2144    .rodata.name        cmd.o
    0x08003807   0x08003807   0x00000015   Data   RO         2145    .rodata.name        cmd.o
    0x0800381c   0x0800381c   0x00000011   Data   RO         2146    .rodata.name        cmd.o
    0x0800382d   0x0800382d   0x00000015   Data   RO         2147    .rodata.name        cmd.o
    0x08003842   0x08003842   0x00000005   Data   RO         2148    .rodata.name        cmd.o
    0x08003847   0x08003847   0x0000001a   Data   RO         2149    .rodata.name        cmd.o
    0x08003861   0x08003861   0x0000000b   Data   RO         2250    .rodata.name        msh.o
    0x0800386c   0x0800386c   0x00000016   Data   RO         2251    .rodata.name        msh.o
    0x08003882   0x08003882   0x00000009   Data   RO         2252    .rodata.name        msh.o
    0x0800388b   0x0800388b   0x0000001c   Data   RO         2253    .rodata.name        msh.o
    0x080038a7   0x080038a7   0x0000000b   Data   RO         2254    .rodata.name        msh.o
    0x080038b2   0x080038b2   0x00000025   Data   RO         2255    .rodata.name        msh.o
    0x080038d7   0x080038d7   0x00000009   Data   RO         2943    .rodata.name        mem.o
    0x080038e0   0x080038e0   0x0000001e   Data   RO         2944    .rodata.name        mem.o
    0x080038fe   0x080038fe   0x00000002   PAD
    0x08003900   0x08003900   0x00000004   Data   RO         2468    .rti_fn.0           components.o
    0x08003904   0x08003904   0x00000004   Data   RO         2469    .rti_fn.0.end       components.o
    0x08003908   0x08003908   0x00000004   Data   RO         3353    .rti_fn.1           board.o
    0x0800390c   0x0800390c   0x00000004   Data   RO         2470    .rti_fn.1.end       components.o
    0x08003910   0x08003910   0x00000004   Data   RO         2321    .rti_fn.6           shell.o
    0x08003914   0x08003914   0x00000004   Data   RO         2471    .rti_fn.6.end       components.o
    0x08003918   0x08003918   0x0000000c   Data   RO          264    FSymTab             mutex_sample.o
    0x08003924   0x08003924   0x000000a8   Data   RO         2150    FSymTab             cmd.o
    0x080039cc   0x080039cc   0x00000024   Data   RO         2256    FSymTab             msh.o
    0x080039f0   0x080039f0   0x0000000c   Data   RO         2945    FSymTab             mem.o
    0x080039fc   0x080039fc   0x00000020   Data   RO         3456    Region$$Table       anon$$obj.o


    Execution Region RW_IRAM1 (Exec base: 0x20000000, Load base: 0x08003a1c, Size: 0x00004ee8, Max: 0x00009000, ABSOLUTE)

    Exec Addr    Load Addr    Size         Type   Attr      Idx    E Section Name        Object

    0x20000000   0x08003a1c   0x00000008   Data   RW          261    .data               mutex_sample.o
    0x20000008   0x08003a24   0x0000000c   Data   RW         1795    .data               stm32g0xx_hal.o
    0x20000014   0x08003a30   0x00000004   Data   RW         2080    .data               system_stm32g0xx.o
    0x20000018   0x08003a34   0x00000018   Data   RW         2320    .data               shell.o
    0x20000030   0x08003a4c   0x00000004   Data   RW         2393    .data               cpuport.o
    0x20000034   0x08003a50   0x00000004   Data   RW         2394    .data               cpuport.o
    0x20000038   0x08003a54   0x00000004   Data   RW         2395    .data               cpuport.o
    0x2000003c   0x08003a58   0x00000004   Data   RW         2425    .data               clock.o
    0x20000040   0x08003a5c   0x00000001   Data   RW         2735    .data               irq.o
    0x20000041   0x08003a5d   0x00000003   PAD
    0x20000044   0x08003a60   0x00000018   Data   RW         2942    .data               mem.o
    0x2000005c   0x08003a78   0x00000050   Data   RW         3004    .data               object.o
    0x200000ac   0x08003ac8   0x00000014   Data   RW         3077    .data               scheduler.o
    0x200000c0   0x08003adc   0x0000000c   Data   RW         3264    .data               timer.o
    0x200000cc        -       0x000008f0   Zero   RW          260    .bss                mutex_sample.o
    0x200009bc        -       0x00000101   Zero   RW         2319    .bss                shell.o
    0x20000abd   0x08003ae8   0x00000003   PAD
    0x20000ac0        -       0x00000178   Zero   RW         2530    .bss                idle.o
    0x20000c38        -       0x00000100   Zero   RW         2787    .bss                kservice.o
    0x20000d38        -       0x00000020   Zero   RW         2941    .bss                mem.o
    0x20000d58        -       0x00000100   Zero   RW         3076    .bss                scheduler.o
    0x20000e58        -       0x00003c90   Zero   RW         3352    .bss                board.o
    0x20004ae8        -       0x00000400   Zero   RW            1    STACK               startup_stm32g071xx.o


==============================================================================

Image component sizes


      Code (inc. data)   RO Data    RW Data    ZI Data      Debug   Object Name

       308         46          4          0      15504      14420   board.o
        98         10          0          4          0       1684   clock.o
      1980        756        729          0          0      15840   cmd.o
       180         30         16          0          0       5402   components.o
       216         32          0          0          0        832   context_rvds.o
       300        168          0         12          0       2962   cpuport.o
       198         24          0          0        376       5322   idle.o
       666          0          0          0          0       9146   ipc.o
        48          8          0          1          0       1502   irq.o
      1416        162        290          0        256      10913   kservice.o
        32          6          0          0          0     423966   main.o
       820        258         51         24         32       4967   mem.o
       792        164        154          0          0       8208   msh.o
       380        174         44          8       2288       2381   mutex_sample.o
       296          4          0         80          0       7976   object.o
       404         58          0         20        256       7658   scheduler.o
       920        138          4         24        257       9220   shell.o
        28          8        188          0       1024        624   startup_stm32g071xx.o
       144         22          0         12          0      17914   stm32g0xx_hal.o
       124         18          0          0          0      11412   stm32g0xx_hal_cortex.o
       348         18          0          0          0       1628   stm32g0xx_hal_gpio.o
       144         14          0          0          0       1461   stm32g0xx_hal_msp.o
       180         24          0          0          0      20883   stm32g0xx_hal_rcc.o
      1354         56         24          0          0      25322   stm32g0xx_hal_uart.o
         4          0          0          0          0        796   stm32g0xx_it.o
        16          6         32          4          0       1091   system_stm32g0xx.o
       872         46          0          0          0      12768   thread.o
       486         22          0         12          0       9764   timer.o

    ----------------------------------------------------------------------
     12778       2272       1574        204      19996     636062   Object Totals
         0          0         32          0          0          0   (incl. Generated)
        24          0          6          3          3          0   (incl. Padding)

    ----------------------------------------------------------------------

      Code (inc. data)   RO Data    RW Data    ZI Data      Debug   Library Member Name

         0          0          0          0          0          0   entry.o
         0          0          0          0          0          0   entry10a.o
         0          0          0          0          0          0   entry11a.o
         4          0          0          0          0          0   entry12b.o
         8          4          0          0          0          0   entry2.o
         4          0          0          0          0          0   entry5.o
         0          0          0          0          0          0   entry7b.o
         0          0          0          0          0          0   entry8b.o
         8          4          0          0          0          0   entry9a.o
        30          0          0          0          0          0   handlers.o
        40          0          0          0          0         72   idiv.o
        36          8          0          0          0         68   init.o
        32          0          0          0          0         68   llshl.o
        34          0          0          0          0         68   llushr.o
        36          0          0          0          0         60   memcpya.o
        36          0          0          0          0        100   memseta.o
        24          0          0          0          0         60   strcat.o
        18          0          0          0          0         60   strcpy.o
        14          0          0          0          0         60   strlen.o
        30          0          0          0          0         72   strncmp.o
        26          0          0          0          0         68   strncpy.o
        44          0          0          0          0         72   uidiv.o
        96          0          0          0          0         84   uldiv.o

    ----------------------------------------------------------------------
       524         16          0          0          0        912   Library Totals
         4          0          0          0          0          0   (incl. Padding)

    ----------------------------------------------------------------------

      Code (inc. data)   RO Data    RW Data    ZI Data      Debug   Library Name

       520         16          0          0          0        912   mc_p.l

    ----------------------------------------------------------------------
       524         16          0          0          0        912   Library Totals

    ----------------------------------------------------------------------

==============================================================================


      Code (inc. data)   RO Data    RW Data    ZI Data      Debug   

     13302       2288       1574        204      19996     630342   Grand Totals
     13302       2288       1574        204      19996     630342   ELF Image Totals
     13302       2288       1574        204          0          0   ROM Totals

==============================================================================

    Total RO  Size (Code + RO Data)                14876 (  14.53kB)
    Total RW  Size (RW Data + ZI Data)             20200 (  19.73kB)
    Total ROM Size (Code + RO Data + RW Data)      15080 (  14.73kB)

==============================================================================

