<html>
<body>
<pre>
<h1>礦ision Build Log</h1>
<h2>Tool Versions:</h2>
IDE-Version: μVision V5.33.0.0
Copyright (C) 2020 ARM Ltd and ARM Germany GmbH. All rights reserved.
License Information: li tianling, wu, LIC=----
 
Tool Versions:
Toolchain:       MDK-Lite  Version: 5.33.0.0
Toolchain Path:  D:\Keil_MDK\ARM\ARMCC\Bin
C Compiler:      Armcc.exe V5.06 update 7 (build 960)
Assembler:       Armasm.exe V5.06 update 7 (build 960)
Linker/Locator:  ArmLink.exe V5.06 update 7 (build 960)
Library Manager: ArmAr.exe V5.06 update 7 (build 960)
Hex Converter:   FromElf.exe V5.06 update 7 (build 960)
CPU DLL:         SARMCM3.DLL V5.33.0.0
Dialog DLL:      DARMCM1.DLL V1.19.4.0
Target DLL:      STLink\ST-LINKIII-KEIL_SWO.dll V3.0.8.0
Dialog DLL:      TARMCM1.DLL V1.14.3.0
 
<h2>Project:</h2>
G:\ARMProgrct\LCM12864\MDK-ARM\LCM12864.uvprojx
Project File Date:  04/22/2021

<h2>Output:</h2>
*** Using Compiler 'V5.06 update 7 (build 960)', folder: 'D:\Keil_MDK\ARM\ARMCC\Bin'
Build target 'LCM12864'
compiling main.c...
../Src/main.c(51): warning:  #1295-D: Deprecated declaration mods - give arg types
  int  mods();         //对应模式小蛇初始化
../Src/main.c(52): warning:  #1295-D: Deprecated declaration draw - give arg types
  void draw();         //显示边框
../Src/main.c(53): warning:  #1295-D: Deprecated declaration rand_food - give arg types
  void rand_food();    //没有食物时随机投喂
../Src/main.c(455): warning:  #940-D: missing return statement at end of non-void function "mods" 
  }
../Src/main.c(476): warning:  #223-D: function "rand" declared implicitly
  		int x=rand()%(n+1),y=(rand()%m/2)*2; //随机产生xy坐标y为偶数 
../Src/main.c(487): warning:  #223-D: function "rand" declared implicitly
  		int x=rand()%n,y=rand()%m;
../Src/main.c(521): warning:  #940-D: missing return statement at end of non-void function "change" 
  } 
../Src/main.c: 7 warnings, 0 errors
linking...
Program Size: Code=4676 RO-data=316 RW-data=36 ZI-data=36500  
FromELF: creating hex file...
"LCM12864\LCM12864.axf" - 0 Error(s), 7 Warning(s).

<h2>Software Packages used:</h2>

Package Vendor: ARM
                http://www.keil.com/pack/ARM.CMSIS.5.7.0.pack
                ARM.CMSIS.5.7.0
                CMSIS (Cortex Microcontroller Software Interface Standard)
   * Component: CORE Version: 5.4.0

Package Vendor: Keil
                http://www.keil.com/pack/Keil.STM32G0xx_DFP.1.3.0.pack
                Keil.STM32G0xx_DFP.1.3.0
                STMicroelectronics STM32G0 Series Device Support

<h2>Collection of Component include folders:</h2>
  .\RTE\_LCM12864
  D:\Keil_MDK\ARM\CMSIS\5.7.0\CMSIS\Core\Include
  D:\Keil_MDK\Keil\STM32G0xx_DFP\1.3.0\Drivers\CMSIS\Device\ST\STM32G0xx\Include

<h2>Collection of Component Files used:</h2>

   * Component: ARM::CMSIS:CORE:5.4.0
      Include file:  CMSIS\Core\Include\tz_context.h
Build Time Elapsed:  00:00:04
</pre>
</body>
</html>
