<html>
<body>
<pre>
<h1>礦ision Build Log</h1>
<h2>Tool Versions:</h2>
IDE-Version: μVision V5.33.0.0
Copyright (C) 2020 ARM Ltd and ARM Germany GmbH. All rights reserved.
License Information: li tianling, wu, LIC=----
 
Tool Versions:
Toolchain:       MDK-Lite  Version: 5.33.0.0
Toolchain Path:  D:\Keil_MDK\ARM\ARMCC\Bin
C Compiler:      Armcc.exe V5.06 update 7 (build 960)
Assembler:       Armasm.exe V5.06 update 7 (build 960)
Linker/Locator:  ArmLink.exe V5.06 update 7 (build 960)
Library Manager: ArmAr.exe V5.06 update 7 (build 960)
Hex Converter:   FromElf.exe V5.06 update 7 (build 960)
CPU DLL:         SARMCM3.DLL V5.33.0.0
Dialog DLL:      DARMCM1.DLL V1.19.4.0
Target DLL:      STLink\ST-LINKIII-KEIL_SWO.dll V3.0.8.0
Dialog DLL:      TARMCM1.DLL V1.14.3.0
 
<h2>Project:</h2>
C:\Users\李天凌\Desktop\RTC_GPIOIIC\MDK-ARM\RTC_GPIOIIC.uvprojx
Project File Date:  06/10/2021

<h2>Output:</h2>
*** Using Compiler 'V5.06 update 7 (build 960)', folder: 'D:\Keil_MDK\ARM\ARMCC\Bin'
Build target 'RTC_GPIOIIC'
compiling main.c...
../Src/main.c(572): warning:  #188-D: enumerated type mixed with another type
    HAL_GPIO_WritePin(GPIOA,GPIO_PIN_5,1);		/* 点亮LED灯 */
../Src/main.c(579): warning:  #188-D: enumerated type mixed with another type
    HAL_GPIO_WritePin(GPIOA,GPIO_PIN_5,0);		/* 关闭LED灯 */
../Src/main.c(606): warning:  #188-D: enumerated type mixed with another type
     HAL_GPIO_WritePin(GPIOA,GPIO_PIN_6,SET);//SCL = high;		
../Src/main.c(607): warning:  #188-D: enumerated type mixed with another type
     HAL_GPIO_WritePin(GPIOA,GPIO_PIN_7,SET);//SDA = high;
../Src/main.c(608): warning:  #188-D: enumerated type mixed with another type
     HAL_GPIO_WritePin(GPIOA,GPIO_PIN_7,RESET);//SDA = low;
../Src/main.c(609): warning:  #188-D: enumerated type mixed with another type
     HAL_GPIO_WritePin(GPIOA,GPIO_PIN_6,RESET);//SCL = low;
../Src/main.c(615): warning:  #188-D: enumerated type mixed with another type
     HAL_GPIO_WritePin(GPIOA,GPIO_PIN_6,RESET);//SCL = low;
../Src/main.c(616): warning:  #188-D: enumerated type mixed with another type
     HAL_GPIO_WritePin(GPIOA,GPIO_PIN_7,RESET);//SDA = low;
../Src/main.c(617): warning:  #188-D: enumerated type mixed with another type
     HAL_GPIO_WritePin(GPIOA,GPIO_PIN_6,SET);//SCL = high;
../Src/main.c(618): warning:  #188-D: enumerated type mixed with another type
     HAL_GPIO_WritePin(GPIOA,GPIO_PIN_7,SET);//SDA = high;
../Src/main.c(627): warning:  #188-D: enumerated type mixed with another type
  			HAL_GPIO_WritePin(GPIOA,GPIO_PIN_7,SET);//SDA=high;
../Src/main.c(629): warning:  #188-D: enumerated type mixed with another type
  			HAL_GPIO_WritePin(GPIOA,GPIO_PIN_7,RESET);//SDA=low;
../Src/main.c(630): warning:  #188-D: enumerated type mixed with another type
  		HAL_GPIO_WritePin(GPIOA,GPIO_PIN_6,SET);//SCL=high;
../Src/main.c(631): warning:  #188-D: enumerated type mixed with another type
  		HAL_GPIO_WritePin(GPIOA,GPIO_PIN_6,RESET);//SCL=low;
../Src/main.c(634): warning:  #188-D: enumerated type mixed with another type
  	HAL_GPIO_WritePin(GPIOA,GPIO_PIN_7,SET);//SDA=1;
../Src/main.c(635): warning:  #188-D: enumerated type mixed with another type
  	HAL_GPIO_WritePin(GPIOA,GPIO_PIN_6,SET);//SCL=1;
../Src/main.c(636): warning:  #188-D: enumerated type mixed with another type
  	HAL_GPIO_WritePin(GPIOA,GPIO_PIN_6,RESET);//SCL=0;
../Src/main.c: 17 warnings, 0 errors
linking...
Program Size: Code=7236 RO-data=2828 RW-data=1064 ZI-data=1072  
FromELF: creating hex file...
"RTC_GPIOIIC\RTC_GPIOIIC.axf" - 0 Error(s), 17 Warning(s).

<h2>Software Packages used:</h2>

Package Vendor: ARM
                http://www.keil.com/pack/ARM.CMSIS.5.7.0.pack
                ARM.CMSIS.5.7.0
                CMSIS (Cortex Microcontroller Software Interface Standard)
   * Component: CORE Version: 5.4.0

Package Vendor: Keil
                http://www.keil.com/pack/Keil.STM32G0xx_DFP.1.3.0.pack
                Keil.STM32G0xx_DFP.1.3.0
                STMicroelectronics STM32G0 Series Device Support

<h2>Collection of Component include folders:</h2>
  .\RTE\_RTC_GPIOIIC
  D:\Keil_MDK\ARM\CMSIS\5.7.0\CMSIS\Core\Include
  D:\Keil_MDK\Keil\STM32G0xx_DFP\1.3.0\Drivers\CMSIS\Device\ST\STM32G0xx\Include

<h2>Collection of Component Files used:</h2>

   * Component: ARM::CMSIS:CORE:5.4.0
      Include file:  CMSIS\Core\Include\tz_context.h
Build Time Elapsed:  00:00:03
</pre>
</body>
</html>
