<html>
<body>
<pre>
<h1>µVision Build Log</h1>
<h2>Tool Versions:</h2>
IDE-Version: ¦ÌVision V5.33.0.0
Copyright (C) 2020 ARM Ltd and ARM Germany GmbH. All rights reserved.
License Information: li tianling, wu, LIC=----
 
Tool Versions:
Toolchain:       MDK-Lite  Version: 5.33.0.0
Toolchain Path:  D:\Keil_MDK\ARM\ARMCC\Bin
C Compiler:      Armcc.exe V5.06 update 7 (build 960)
Assembler:       Armasm.exe V5.06 update 7 (build 960)
Linker/Locator:  ArmLink.exe V5.06 update 7 (build 960)
Library Manager: ArmAr.exe V5.06 update 7 (build 960)
Hex Converter:   FromElf.exe V5.06 update 7 (build 960)
CPU DLL:         SARMCM3.DLL V5.33.0.0
Dialog DLL:      DARMCM1.DLL V1.19.4.0
Target DLL:      STLink\ST-LINKIII-KEIL_SWO.dll V3.0.8.0
Dialog DLL:      TARMCM1.DLL V1.14.3.0
 
<h2>Project:</h2>
G:\2_ARMProgrct\29_RT_Thread_More\example_18_3\MDK-ARM\top.uvprojx
Project File Date:  07/09/2021

<h2>Output:</h2>
*** Using Compiler 'V5.06 update 7 (build 960)', folder: 'D:\Keil_MDK\ARM\ARMCC\Bin'
Build target 'top'
assembling startup_stm32g071xx.s...
compiling timer_sample.c...
timer_sample.c(68): warning:  #1-D: last line of file ends without a newline
  MSH_CMD_EXPORT(timer_sample, timer sample);
timer_sample.c: 1 warning, 0 errors
compiling stm32g0xx_hal_msp.c...
compiling stm32g0xx_it.c...
compiling main.c...
../Src/main.c(92): warning:  #223-D: function "timer_sample" declared implicitly
      timer_sample();
../Src/main.c: 1 warning, 0 errors
compiling stm32g0xx_hal_uart.c...
compiling stm32g0xx_ll_rcc.c...
compiling stm32g0xx_hal_uart_ex.c...
compiling stm32g0xx_hal_flash.c...
compiling stm32g0xx_hal_rcc_ex.c...
compiling stm32g0xx_hal_rcc.c...
compiling stm32g0xx_hal_dma_ex.c...
compiling stm32g0xx_hal_gpio.c...
compiling stm32g0xx_hal_flash_ex.c...
compiling stm32g0xx_hal_dma.c...
compiling stm32g0xx_ll_dma.c...
compiling stm32g0xx_hal_pwr.c...
compiling stm32g0xx_hal_cortex.c...
compiling stm32g0xx_hal_pwr_ex.c...
compiling stm32g0xx_hal.c...
compiling stm32g0xx_hal_tim_ex.c...
compiling stm32g0xx_hal_tim.c...
compiling stm32g0xx_hal_exti.c...
compiling system_stm32g0xx.c...
assembling context_rvds.S...
compiling cmd.c...
compiling msh.c...
compiling shell.c...
compiling cpuport.c...
compiling clock.c...
compiling components.c...
compiling idle.c...
compiling irq.c...
compiling ipc.c...
compiling mem.c...
compiling kservice.c...
compiling object.c...
D:\Keil_MDK\RealThread\RT-Thread\3.1.3\src\object.c(262): warning:  #550-D: variable "obj"  was set but never used
          struct rt_object *obj;
D:\Keil_MDK\RealThread\RT-Thread\3.1.3\src\object.c: 1 warning, 0 errors
compiling scheduler.c...
compiling thread.c...
compiling timer.c...
compiling board.c...
linking...
Program Size: Code=12422 RO-data=1478 RW-data=192 ZI-data=17712  
FromELF: creating hex file...
"top\top.axf" - 0 Error(s), 3 Warning(s).

<h2>Software Packages used:</h2>

Package Vendor: ARM
                http://www.keil.com/pack/ARM.CMSIS.5.7.0.pack
                ARM.CMSIS.5.7.0
                CMSIS (Cortex Microcontroller Software Interface Standard)
   * Component: CORE Version: 5.4.0

Package Vendor: RealThread
                https://www.rt-thread.org/download/mdk/RealThread.RT-Thread.3.1.3.pack
                RealThread.RT-Thread.3.1.3
                RT-Thread Software Components
   * Component: kernel Version: 3.1.3
   * Component: shell Version: 3.1.3

Package Vendor: Keil
                http://www.keil.com/pack/Keil.STM32G0xx_DFP.1.3.0.pack
                Keil.STM32G0xx_DFP.1.3.0
                STMicroelectronics STM32G0 Series Device Support

<h2>Collection of Component include folders:</h2>
  .\RTE\RTOS
  .\RTE\_top
  D:\Keil_MDK\ARM\CMSIS\5.7.0\CMSIS\Core\Include
  D:\Keil_MDK\Keil\STM32G0xx_DFP\1.3.0\Drivers\CMSIS\Device\ST\STM32G0xx\Include
  D:\Keil_MDK\RealThread\RT-Thread\3.1.3\components\finsh
  D:\Keil_MDK\RealThread\RT-Thread\3.1.3\include

<h2>Collection of Component Files used:</h2>

   * Component: ARM::CMSIS:CORE:5.4.0

   * Component: RealThread.RT-Thread::RTOS:kernel:3.1.3
      Source file:   src\clock.c
      Source file:   src\components.c
      Source file:   src\idle.c
      Source file:   src\irq.c
      Source file:   src\kservice.c
      Source file:   src\mem.c
      Source file:   src\object.c
      Source file:   src\thread.c
      Source file:   bsp\board.c
      Source file:   src\scheduler.c
      Include file:  bsp\rtconfig.h
      Source file:   src\ipc.c
      Source file:   libcpu\arm\cortex-m0\cpuport.c
      Source file:   src\timer.c
      Source file:   libcpu\arm\cortex-m0\context_rvds.S

   * Component: RealThread.RT-Thread::RTOS:shell:3.1.3
      Source file:   components\finsh\cmd.c
      Source file:   components\finsh\shell.c
      Source file:   components\finsh\msh.c
Build Time Elapsed:  00:00:23
</pre>
</body>
</html>
