<html>
<body>
<pre>
<h1>礦ision Build Log</h1>
<h2>Tool Versions:</h2>
IDE-Version: μVision V5.33.0.0
Copyright (C) 2020 ARM Ltd and ARM Germany GmbH. All rights reserved.
License Information: li tianling, wu, LIC=----
 
Tool Versions:
Toolchain:       MDK-Lite  Version: 5.33.0.0
Toolchain Path:  D:\Keil_MDK\ARM\ARMCC\Bin
C Compiler:      Armcc.exe V5.06 update 7 (build 960)
Assembler:       Armasm.exe V5.06 update 7 (build 960)
Linker/Locator:  ArmLink.exe V5.06 update 7 (build 960)
Library Manager: ArmAr.exe V5.06 update 7 (build 960)
Hex Converter:   FromElf.exe V5.06 update 7 (build 960)
CPU DLL:         SARMCM3.DLL V5.33.0.0
Dialog DLL:      DARMCM1.DLL V1.19.4.0
Target DLL:      STLink\ST-LINKIII-KEIL_SWO.dll V3.0.8.0
Dialog DLL:      TARMCM1.DLL V1.14.3.0
 
<h2>Project:</h2>
G:\2_ARMProgrct\RT_Thread\MDK-ARM\RT_Thread.uvprojx
Project File Date:  07/08/2021

<h2>Output:</h2>
*** Using Compiler 'V5.06 update 7 (build 960)', folder: 'D:\Keil_MDK\ARM\ARMCC\Bin'
Build target 'RT_Thread'
compiling board.c...
RTE\RTOS\board.c(80): warning:  #223-D: function "HAL_Init" declared implicitly
    HAL_Init();                                    //复位所有外设、初始化Flash和Systick
RTE\RTOS\board.c(81): warning:  #223-D: function "SystemClock_Config" declared implicitly
    SystemClock_Config();                     //配置系统时钟
RTE\RTOS\board.c: 2 warnings, 0 errors
linking...
Program Size: Code=7052 RO-data=592 RW-data=132 ZI-data=1844  
FromELF: creating hex file...
"RT_Thread\RT_Thread.axf" - 0 Error(s), 2 Warning(s).

<h2>Software Packages used:</h2>

Package Vendor: ARM
                http://www.keil.com/pack/ARM.CMSIS.5.7.0.pack
                ARM.CMSIS.5.7.0
                CMSIS (Cortex Microcontroller Software Interface Standard)
   * Component: CORE Version: 5.4.0

Package Vendor: RealThread
                https://www.rt-thread.org/download/mdk/RealThread.RT-Thread.3.1.3.pack
                RealThread.RT-Thread.3.1.3
                RT-Thread Software Components
   * Component: kernel Version: 3.1.3

Package Vendor: Keil
                http://www.keil.com/pack/Keil.STM32G0xx_DFP.1.3.0.pack
                Keil.STM32G0xx_DFP.1.3.0
                STMicroelectronics STM32G0 Series Device Support

<h2>Collection of Component include folders:</h2>
  .\RTE\RTOS
  .\RTE\_RT_Thread
  D:\Keil_MDK\ARM\CMSIS\5.7.0\CMSIS\Core\Include
  D:\Keil_MDK\Keil\STM32G0xx_DFP\1.3.0\Drivers\CMSIS\Device\ST\STM32G0xx\Include
  D:\Keil_MDK\RealThread\RT-Thread\3.1.3\include

<h2>Collection of Component Files used:</h2>

   * Component: ARM::CMSIS:CORE:5.4.0
      Include file:  CMSIS\Core\Include\tz_context.h

   * Component: RealThread.RT-Thread::RTOS:kernel:3.1.3
      Source file:   src\kservice.c
      Source file:   bsp\board.c
      Source file:   src\components.c
      Source file:   src\thread.c
      Source file:   src\timer.c
      Source file:   src\clock.c
      Source file:   src\irq.c
      Source file:   src\idle.c
      Source file:   src\object.c
      Source file:   src\mem.c
      Include file:  bsp\rtconfig.h
      Source file:   src\scheduler.c
      Source file:   src\ipc.c
      Source file:   libcpu\arm\cortex-m0\cpuport.c
      Source file:   libcpu\arm\cortex-m0\context_rvds.S
Build Time Elapsed:  00:00:03
</pre>
</body>
</html>
