<!doctype html public "-//w3c//dtd html 4.0 transitional//en">
<html><head>
<title>Static Call Graph - [DAC_CircleAndSqure_LL\DAC_CircleAndSqure_LL.axf]</title></head>
<body><HR>
<H1>Static Call Graph for image DAC_CircleAndSqure_LL\DAC_CircleAndSqure_LL.axf</H1><HR>
<BR><P>#&#060CALLGRAPH&#062# ARM Linker, 5060960: Last Updated: Sun Jun 20 13:14:32 2021
<BR><P>
<H3>Maximum Stack Usage =         44 bytes + Unknown(Cycles, Untraceable Function Pointers)</H3><H3>
Call chain for Maximum Stack Depth:</H3>
EXTI4_15_IRQHandler &rArr; USER_Interrupt_CallBack &rArr; Configure_TIM_TimeBase_DAC_trigger &rArr; __aeabi_uidivmod
<P>
<H3>
Mutually Recursive functions
</H3> <LI><a href="#[12]">ADC1_COMP_IRQHandler</a>&nbsp;&nbsp;&nbsp;&rArr;&nbsp;&nbsp;&nbsp;<a href="#[12]">ADC1_COMP_IRQHandler</a><BR>
 <LI><a href="#[2]">HardFault_Handler</a>&nbsp;&nbsp;&nbsp;&rArr;&nbsp;&nbsp;&nbsp;<a href="#[2]">HardFault_Handler</a><BR>
 <LI><a href="#[1]">NMI_Handler</a>&nbsp;&nbsp;&nbsp;&rArr;&nbsp;&nbsp;&nbsp;<a href="#[1]">NMI_Handler</a><BR>
</UL>
<P>
<H3>
Function Pointers
</H3><UL>
 <LI><a href="#[12]">ADC1_COMP_IRQHandler</a> from startup_stm32g071xx.o(.text) referenced from startup_stm32g071xx.o(RESET)
 <LI><a href="#[24]">CEC_IRQHandler</a> from startup_stm32g071xx.o(.text) referenced from startup_stm32g071xx.o(RESET)
 <LI><a href="#[11]">DMA1_Ch4_7_DMAMUX1_OVR_IRQHandler</a> from startup_stm32g071xx.o(.text) referenced from startup_stm32g071xx.o(RESET)
 <LI><a href="#[f]">DMA1_Channel1_IRQHandler</a> from stm32g0xx_it.o(i.DMA1_Channel1_IRQHandler) referenced from startup_stm32g071xx.o(RESET)
 <LI><a href="#[10]">DMA1_Channel2_3_IRQHandler</a> from stm32g0xx_it.o(i.DMA1_Channel2_3_IRQHandler) referenced from startup_stm32g071xx.o(RESET)
 <LI><a href="#[b]">EXTI0_1_IRQHandler</a> from startup_stm32g071xx.o(.text) referenced from startup_stm32g071xx.o(RESET)
 <LI><a href="#[c]">EXTI2_3_IRQHandler</a> from startup_stm32g071xx.o(.text) referenced from startup_stm32g071xx.o(RESET)
 <LI><a href="#[d]">EXTI4_15_IRQHandler</a> from stm32g0xx_it.o(i.EXTI4_15_IRQHandler) referenced from startup_stm32g071xx.o(RESET)
 <LI><a href="#[9]">FLASH_IRQHandler</a> from startup_stm32g071xx.o(.text) referenced from startup_stm32g071xx.o(RESET)
 <LI><a href="#[2]">HardFault_Handler</a> from stm32g0xx_it.o(i.HardFault_Handler) referenced from startup_stm32g071xx.o(RESET)
 <LI><a href="#[1d]">I2C1_IRQHandler</a> from startup_stm32g071xx.o(.text) referenced from startup_stm32g071xx.o(RESET)
 <LI><a href="#[1e]">I2C2_IRQHandler</a> from startup_stm32g071xx.o(.text) referenced from startup_stm32g071xx.o(RESET)
 <LI><a href="#[1]">NMI_Handler</a> from stm32g0xx_it.o(i.NMI_Handler) referenced from startup_stm32g071xx.o(RESET)
 <LI><a href="#[7]">PVD_IRQHandler</a> from startup_stm32g071xx.o(.text) referenced from startup_stm32g071xx.o(RESET)
 <LI><a href="#[4]">PendSV_Handler</a> from stm32g0xx_it.o(i.PendSV_Handler) referenced from startup_stm32g071xx.o(RESET)
 <LI><a href="#[a]">RCC_IRQHandler</a> from startup_stm32g071xx.o(.text) referenced from startup_stm32g071xx.o(RESET)
 <LI><a href="#[8]">RTC_TAMP_IRQHandler</a> from startup_stm32g071xx.o(.text) referenced from startup_stm32g071xx.o(RESET)
 <LI><a href="#[0]">Reset_Handler</a> from startup_stm32g071xx.o(.text) referenced from startup_stm32g071xx.o(RESET)
 <LI><a href="#[1f]">SPI1_IRQHandler</a> from startup_stm32g071xx.o(.text) referenced from startup_stm32g071xx.o(RESET)
 <LI><a href="#[20]">SPI2_IRQHandler</a> from startup_stm32g071xx.o(.text) referenced from startup_stm32g071xx.o(RESET)
 <LI><a href="#[3]">SVC_Handler</a> from stm32g0xx_it.o(i.SVC_Handler) referenced from startup_stm32g071xx.o(RESET)
 <LI><a href="#[5]">SysTick_Handler</a> from stm32g0xx_it.o(i.SysTick_Handler) referenced from startup_stm32g071xx.o(RESET)
 <LI><a href="#[26]">SystemInit</a> from system_stm32g0xx.o(i.SystemInit) referenced from startup_stm32g071xx.o(.text)
 <LI><a href="#[19]">TIM14_IRQHandler</a> from startup_stm32g071xx.o(.text) referenced from startup_stm32g071xx.o(RESET)
 <LI><a href="#[1a]">TIM15_IRQHandler</a> from startup_stm32g071xx.o(.text) referenced from startup_stm32g071xx.o(RESET)
 <LI><a href="#[1b]">TIM16_IRQHandler</a> from startup_stm32g071xx.o(.text) referenced from startup_stm32g071xx.o(RESET)
 <LI><a href="#[1c]">TIM17_IRQHandler</a> from startup_stm32g071xx.o(.text) referenced from startup_stm32g071xx.o(RESET)
 <LI><a href="#[13]">TIM1_BRK_UP_TRG_COM_IRQHandler</a> from startup_stm32g071xx.o(.text) referenced from startup_stm32g071xx.o(RESET)
 <LI><a href="#[14]">TIM1_CC_IRQHandler</a> from startup_stm32g071xx.o(.text) referenced from startup_stm32g071xx.o(RESET)
 <LI><a href="#[15]">TIM2_IRQHandler</a> from startup_stm32g071xx.o(.text) referenced from startup_stm32g071xx.o(RESET)
 <LI><a href="#[16]">TIM3_IRQHandler</a> from startup_stm32g071xx.o(.text) referenced from startup_stm32g071xx.o(RESET)
 <LI><a href="#[17]">TIM6_DAC_LPTIM1_IRQHandler</a> from startup_stm32g071xx.o(.text) referenced from startup_stm32g071xx.o(RESET)
 <LI><a href="#[18]">TIM7_LPTIM2_IRQHandler</a> from startup_stm32g071xx.o(.text) referenced from startup_stm32g071xx.o(RESET)
 <LI><a href="#[e]">UCPD1_2_IRQHandler</a> from startup_stm32g071xx.o(.text) referenced from startup_stm32g071xx.o(RESET)
 <LI><a href="#[21]">USART1_IRQHandler</a> from startup_stm32g071xx.o(.text) referenced from startup_stm32g071xx.o(RESET)
 <LI><a href="#[22]">USART2_IRQHandler</a> from startup_stm32g071xx.o(.text) referenced from startup_stm32g071xx.o(RESET)
 <LI><a href="#[23]">USART3_4_LPUART1_IRQHandler</a> from startup_stm32g071xx.o(.text) referenced from startup_stm32g071xx.o(RESET)
 <LI><a href="#[6]">WWDG_IRQHandler</a> from startup_stm32g071xx.o(.text) referenced from startup_stm32g071xx.o(RESET)
 <LI><a href="#[27]">__main</a> from entry.o(.ARM.Collect$$$$00000000) referenced from startup_stm32g071xx.o(.text)
 <LI><a href="#[25]">main</a> from main.o(i.main) referenced from entry9a.o(.ARM.Collect$$$$0000000B)
</UL>
<P>
<H3>
Global Symbols
</H3>
<P><STRONG><a name="[27]"></a>__main</STRONG> (Thumb, 0 bytes, Stack size unknown bytes, entry.o(.ARM.Collect$$$$00000000))
<BR>[Address Reference Count : 1]<UL><LI> startup_stm32g071xx.o(.text)
</UL>
<P><STRONG><a name="[49]"></a>_main_stk</STRONG> (Thumb, 0 bytes, Stack size unknown bytes, entry2.o(.ARM.Collect$$$$00000001))

<P><STRONG><a name="[28]"></a>_main_scatterload</STRONG> (Thumb, 0 bytes, Stack size unknown bytes, entry5.o(.ARM.Collect$$$$00000004))
<BR><BR>[Calls]<UL><LI><a href="#[29]">&gt;&gt;</a>&nbsp;&nbsp;&nbsp;__scatterload
</UL>

<P><STRONG><a name="[2c]"></a>__main_after_scatterload</STRONG> (Thumb, 0 bytes, Stack size unknown bytes, entry5.o(.ARM.Collect$$$$00000004))
<BR><BR>[Called By]<UL><LI><a href="#[29]">&gt;&gt;</a>&nbsp;&nbsp;&nbsp;__scatterload
</UL>

<P><STRONG><a name="[4a]"></a>_main_clock</STRONG> (Thumb, 0 bytes, Stack size unknown bytes, entry7b.o(.ARM.Collect$$$$00000008))

<P><STRONG><a name="[4b]"></a>_main_cpp_init</STRONG> (Thumb, 0 bytes, Stack size unknown bytes, entry8b.o(.ARM.Collect$$$$0000000A))

<P><STRONG><a name="[4c]"></a>_main_init</STRONG> (Thumb, 0 bytes, Stack size unknown bytes, entry9a.o(.ARM.Collect$$$$0000000B))

<P><STRONG><a name="[2a]"></a>__rt_lib_shutdown_fini</STRONG> (Thumb, 0 bytes, Stack size unknown bytes, entry12b.o(.ARM.Collect$$$$0000000E))
<BR><BR>[Calls]<UL><LI><a href="#[2b]">&gt;&gt;</a>&nbsp;&nbsp;&nbsp;__arm_fini_ (Weak Reference)
</UL>

<P><STRONG><a name="[4d]"></a>__rt_final_cpp</STRONG> (Thumb, 0 bytes, Stack size unknown bytes, entry10a.o(.ARM.Collect$$$$0000000F))

<P><STRONG><a name="[4e]"></a>__rt_final_exit</STRONG> (Thumb, 0 bytes, Stack size unknown bytes, entry11a.o(.ARM.Collect$$$$00000011))

<P><STRONG><a name="[0]"></a>Reset_Handler</STRONG> (Thumb, 8 bytes, Stack size 0 bytes, startup_stm32g071xx.o(.text))
<BR>[Address Reference Count : 1]<UL><LI> startup_stm32g071xx.o(RESET)
</UL>
<P><STRONG><a name="[12]"></a>ADC1_COMP_IRQHandler</STRONG> (Thumb, 0 bytes, Stack size 0 bytes, startup_stm32g071xx.o(.text))
<BR><BR>[Calls]<UL><LI><a href="#[12]">&gt;&gt;</a>&nbsp;&nbsp;&nbsp;ADC1_COMP_IRQHandler
</UL>
<BR>[Called By]<UL><LI><a href="#[12]">&gt;&gt;</a>&nbsp;&nbsp;&nbsp;ADC1_COMP_IRQHandler
</UL>
<BR>[Address Reference Count : 1]<UL><LI> startup_stm32g071xx.o(RESET)
</UL>
<P><STRONG><a name="[24]"></a>CEC_IRQHandler</STRONG> (Thumb, 0 bytes, Stack size 0 bytes, startup_stm32g071xx.o(.text))
<BR>[Address Reference Count : 1]<UL><LI> startup_stm32g071xx.o(RESET)
</UL>
<P><STRONG><a name="[11]"></a>DMA1_Ch4_7_DMAMUX1_OVR_IRQHandler</STRONG> (Thumb, 0 bytes, Stack size 0 bytes, startup_stm32g071xx.o(.text))
<BR>[Address Reference Count : 1]<UL><LI> startup_stm32g071xx.o(RESET)
</UL>
<P><STRONG><a name="[b]"></a>EXTI0_1_IRQHandler</STRONG> (Thumb, 0 bytes, Stack size 0 bytes, startup_stm32g071xx.o(.text))
<BR>[Address Reference Count : 1]<UL><LI> startup_stm32g071xx.o(RESET)
</UL>
<P><STRONG><a name="[c]"></a>EXTI2_3_IRQHandler</STRONG> (Thumb, 0 bytes, Stack size 0 bytes, startup_stm32g071xx.o(.text))
<BR>[Address Reference Count : 1]<UL><LI> startup_stm32g071xx.o(RESET)
</UL>
<P><STRONG><a name="[9]"></a>FLASH_IRQHandler</STRONG> (Thumb, 0 bytes, Stack size 0 bytes, startup_stm32g071xx.o(.text))
<BR>[Address Reference Count : 1]<UL><LI> startup_stm32g071xx.o(RESET)
</UL>
<P><STRONG><a name="[1d]"></a>I2C1_IRQHandler</STRONG> (Thumb, 0 bytes, Stack size 0 bytes, startup_stm32g071xx.o(.text))
<BR>[Address Reference Count : 1]<UL><LI> startup_stm32g071xx.o(RESET)
</UL>
<P><STRONG><a name="[1e]"></a>I2C2_IRQHandler</STRONG> (Thumb, 0 bytes, Stack size 0 bytes, startup_stm32g071xx.o(.text))
<BR>[Address Reference Count : 1]<UL><LI> startup_stm32g071xx.o(RESET)
</UL>
<P><STRONG><a name="[7]"></a>PVD_IRQHandler</STRONG> (Thumb, 0 bytes, Stack size 0 bytes, startup_stm32g071xx.o(.text))
<BR>[Address Reference Count : 1]<UL><LI> startup_stm32g071xx.o(RESET)
</UL>
<P><STRONG><a name="[a]"></a>RCC_IRQHandler</STRONG> (Thumb, 0 bytes, Stack size 0 bytes, startup_stm32g071xx.o(.text))
<BR>[Address Reference Count : 1]<UL><LI> startup_stm32g071xx.o(RESET)
</UL>
<P><STRONG><a name="[8]"></a>RTC_TAMP_IRQHandler</STRONG> (Thumb, 0 bytes, Stack size 0 bytes, startup_stm32g071xx.o(.text))
<BR>[Address Reference Count : 1]<UL><LI> startup_stm32g071xx.o(RESET)
</UL>
<P><STRONG><a name="[1f]"></a>SPI1_IRQHandler</STRONG> (Thumb, 0 bytes, Stack size 0 bytes, startup_stm32g071xx.o(.text))
<BR>[Address Reference Count : 1]<UL><LI> startup_stm32g071xx.o(RESET)
</UL>
<P><STRONG><a name="[20]"></a>SPI2_IRQHandler</STRONG> (Thumb, 0 bytes, Stack size 0 bytes, startup_stm32g071xx.o(.text))
<BR>[Address Reference Count : 1]<UL><LI> startup_stm32g071xx.o(RESET)
</UL>
<P><STRONG><a name="[19]"></a>TIM14_IRQHandler</STRONG> (Thumb, 0 bytes, Stack size 0 bytes, startup_stm32g071xx.o(.text))
<BR>[Address Reference Count : 1]<UL><LI> startup_stm32g071xx.o(RESET)
</UL>
<P><STRONG><a name="[1a]"></a>TIM15_IRQHandler</STRONG> (Thumb, 0 bytes, Stack size 0 bytes, startup_stm32g071xx.o(.text))
<BR>[Address Reference Count : 1]<UL><LI> startup_stm32g071xx.o(RESET)
</UL>
<P><STRONG><a name="[1b]"></a>TIM16_IRQHandler</STRONG> (Thumb, 0 bytes, Stack size 0 bytes, startup_stm32g071xx.o(.text))
<BR>[Address Reference Count : 1]<UL><LI> startup_stm32g071xx.o(RESET)
</UL>
<P><STRONG><a name="[1c]"></a>TIM17_IRQHandler</STRONG> (Thumb, 0 bytes, Stack size 0 bytes, startup_stm32g071xx.o(.text))
<BR>[Address Reference Count : 1]<UL><LI> startup_stm32g071xx.o(RESET)
</UL>
<P><STRONG><a name="[13]"></a>TIM1_BRK_UP_TRG_COM_IRQHandler</STRONG> (Thumb, 0 bytes, Stack size 0 bytes, startup_stm32g071xx.o(.text))
<BR>[Address Reference Count : 1]<UL><LI> startup_stm32g071xx.o(RESET)
</UL>
<P><STRONG><a name="[14]"></a>TIM1_CC_IRQHandler</STRONG> (Thumb, 0 bytes, Stack size 0 bytes, startup_stm32g071xx.o(.text))
<BR>[Address Reference Count : 1]<UL><LI> startup_stm32g071xx.o(RESET)
</UL>
<P><STRONG><a name="[15]"></a>TIM2_IRQHandler</STRONG> (Thumb, 0 bytes, Stack size 0 bytes, startup_stm32g071xx.o(.text))
<BR>[Address Reference Count : 1]<UL><LI> startup_stm32g071xx.o(RESET)
</UL>
<P><STRONG><a name="[16]"></a>TIM3_IRQHandler</STRONG> (Thumb, 0 bytes, Stack size 0 bytes, startup_stm32g071xx.o(.text))
<BR>[Address Reference Count : 1]<UL><LI> startup_stm32g071xx.o(RESET)
</UL>
<P><STRONG><a name="[17]"></a>TIM6_DAC_LPTIM1_IRQHandler</STRONG> (Thumb, 0 bytes, Stack size 0 bytes, startup_stm32g071xx.o(.text))
<BR>[Address Reference Count : 1]<UL><LI> startup_stm32g071xx.o(RESET)
</UL>
<P><STRONG><a name="[18]"></a>TIM7_LPTIM2_IRQHandler</STRONG> (Thumb, 0 bytes, Stack size 0 bytes, startup_stm32g071xx.o(.text))
<BR>[Address Reference Count : 1]<UL><LI> startup_stm32g071xx.o(RESET)
</UL>
<P><STRONG><a name="[e]"></a>UCPD1_2_IRQHandler</STRONG> (Thumb, 0 bytes, Stack size 0 bytes, startup_stm32g071xx.o(.text))
<BR>[Address Reference Count : 1]<UL><LI> startup_stm32g071xx.o(RESET)
</UL>
<P><STRONG><a name="[21]"></a>USART1_IRQHandler</STRONG> (Thumb, 0 bytes, Stack size 0 bytes, startup_stm32g071xx.o(.text))
<BR>[Address Reference Count : 1]<UL><LI> startup_stm32g071xx.o(RESET)
</UL>
<P><STRONG><a name="[22]"></a>USART2_IRQHandler</STRONG> (Thumb, 0 bytes, Stack size 0 bytes, startup_stm32g071xx.o(.text))
<BR>[Address Reference Count : 1]<UL><LI> startup_stm32g071xx.o(RESET)
</UL>
<P><STRONG><a name="[23]"></a>USART3_4_LPUART1_IRQHandler</STRONG> (Thumb, 0 bytes, Stack size 0 bytes, startup_stm32g071xx.o(.text))
<BR>[Address Reference Count : 1]<UL><LI> startup_stm32g071xx.o(RESET)
</UL>
<P><STRONG><a name="[6]"></a>WWDG_IRQHandler</STRONG> (Thumb, 0 bytes, Stack size 0 bytes, startup_stm32g071xx.o(.text))
<BR>[Address Reference Count : 1]<UL><LI> startup_stm32g071xx.o(RESET)
</UL>
<P><STRONG><a name="[4f]"></a>__aeabi_uidiv</STRONG> (Thumb, 0 bytes, Stack size 12 bytes, uidiv.o(.text), UNUSED)

<P><STRONG><a name="[2f]"></a>__aeabi_uidivmod</STRONG> (Thumb, 44 bytes, Stack size 12 bytes, uidiv.o(.text))
<BR><BR>[Stack]<UL><LI>Max Depth = 12<LI>Call Chain = __aeabi_uidivmod
</UL>
<BR>[Called By]<UL><LI><a href="#[46]">&gt;&gt;</a>&nbsp;&nbsp;&nbsp;LL_Init1msTick
<LI><a href="#[42]">&gt;&gt;</a>&nbsp;&nbsp;&nbsp;Configure_TIM_TimeBase_DAC_trigger
<LI><a href="#[2d]">&gt;&gt;</a>&nbsp;&nbsp;&nbsp;Activate_DAC
</UL>

<P><STRONG><a name="[29]"></a>__scatterload</STRONG> (Thumb, 28 bytes, Stack size 0 bytes, init.o(.text))
<BR><BR>[Calls]<UL><LI><a href="#[2c]">&gt;&gt;</a>&nbsp;&nbsp;&nbsp;__main_after_scatterload
</UL>
<BR>[Called By]<UL><LI><a href="#[28]">&gt;&gt;</a>&nbsp;&nbsp;&nbsp;_main_scatterload
</UL>

<P><STRONG><a name="[50]"></a>__scatterload_rt2</STRONG> (Thumb, 0 bytes, Stack size 0 bytes, init.o(.text), UNUSED)

<P><STRONG><a name="[2d]"></a>Activate_DAC</STRONG> (Thumb, 74 bytes, Stack size 24 bytes, main.o(i.Activate_DAC))
<BR><BR>[Stack]<UL><LI>Max Depth = 36<LI>Call Chain = Activate_DAC &rArr; __aeabi_uidivmod
</UL>
<BR>[Calls]<UL><LI><a href="#[30]">&gt;&gt;</a>&nbsp;&nbsp;&nbsp;LL_DAC_EnableTrigger
<LI><a href="#[2e]">&gt;&gt;</a>&nbsp;&nbsp;&nbsp;LL_DAC_Enable
<LI><a href="#[2f]">&gt;&gt;</a>&nbsp;&nbsp;&nbsp;__aeabi_uidivmod
</UL>
<BR>[Called By]<UL><LI><a href="#[25]">&gt;&gt;</a>&nbsp;&nbsp;&nbsp;main
</UL>

<P><STRONG><a name="[31]"></a>Configure_DAC</STRONG> (Thumb, 150 bytes, Stack size 24 bytes, main.o(i.Configure_DAC))
<BR><BR>[Stack]<UL><LI>Max Depth = 40<LI>Call Chain = Configure_DAC &rArr; LL_DAC_ConfigOutput
</UL>
<BR>[Calls]<UL><LI><a href="#[34]">&gt;&gt;</a>&nbsp;&nbsp;&nbsp;__NVIC_SetPriority
<LI><a href="#[35]">&gt;&gt;</a>&nbsp;&nbsp;&nbsp;__NVIC_EnableIRQ
<LI><a href="#[32]">&gt;&gt;</a>&nbsp;&nbsp;&nbsp;LL_IOP_GRP1_EnableClock
<LI><a href="#[33]">&gt;&gt;</a>&nbsp;&nbsp;&nbsp;LL_GPIO_SetPinMode
<LI><a href="#[37]">&gt;&gt;</a>&nbsp;&nbsp;&nbsp;LL_DAC_SetTriggerSource
<LI><a href="#[39]">&gt;&gt;</a>&nbsp;&nbsp;&nbsp;LL_DAC_EnableDMAReq
<LI><a href="#[38]">&gt;&gt;</a>&nbsp;&nbsp;&nbsp;LL_DAC_ConfigOutput
<LI><a href="#[36]">&gt;&gt;</a>&nbsp;&nbsp;&nbsp;LL_APB1_GRP1_EnableClock
</UL>
<BR>[Called By]<UL><LI><a href="#[25]">&gt;&gt;</a>&nbsp;&nbsp;&nbsp;main
</UL>

<P><STRONG><a name="[3a]"></a>Configure_DMA</STRONG> (Thumb, 198 bytes, Stack size 24 bytes, main.o(i.Configure_DMA))
<BR><BR>[Stack]<UL><LI>Max Depth = 44<LI>Call Chain = Configure_DMA &rArr; LL_DMA_ConfigAddresses
</UL>
<BR>[Calls]<UL><LI><a href="#[34]">&gt;&gt;</a>&nbsp;&nbsp;&nbsp;__NVIC_SetPriority
<LI><a href="#[35]">&gt;&gt;</a>&nbsp;&nbsp;&nbsp;__NVIC_EnableIRQ
<LI><a href="#[3c]">&gt;&gt;</a>&nbsp;&nbsp;&nbsp;LL_DMA_SetPeriphRequest
<LI><a href="#[3f]">&gt;&gt;</a>&nbsp;&nbsp;&nbsp;LL_DMA_SetDataLength
<LI><a href="#[40]">&gt;&gt;</a>&nbsp;&nbsp;&nbsp;LL_DMA_EnableIT_TE
<LI><a href="#[41]">&gt;&gt;</a>&nbsp;&nbsp;&nbsp;LL_DMA_EnableChannel
<LI><a href="#[3b]">&gt;&gt;</a>&nbsp;&nbsp;&nbsp;LL_DMA_ConfigTransfer
<LI><a href="#[3e]">&gt;&gt;</a>&nbsp;&nbsp;&nbsp;LL_DMA_ConfigAddresses
<LI><a href="#[3d]">&gt;&gt;</a>&nbsp;&nbsp;&nbsp;LL_DAC_DMA_GetRegAddr
</UL>
<BR>[Called By]<UL><LI><a href="#[25]">&gt;&gt;</a>&nbsp;&nbsp;&nbsp;main
</UL>

<P><STRONG><a name="[42]"></a>Configure_TIM_TimeBase_DAC_trigger</STRONG> (Thumb, 168 bytes, Stack size 16 bytes, main.o(i.Configure_TIM_TimeBase_DAC_trigger))
<BR><BR>[Stack]<UL><LI>Max Depth = 28<LI>Call Chain = Configure_TIM_TimeBase_DAC_trigger &rArr; __aeabi_uidivmod
</UL>
<BR>[Calls]<UL><LI><a href="#[36]">&gt;&gt;</a>&nbsp;&nbsp;&nbsp;LL_APB1_GRP1_EnableClock
<LI><a href="#[2f]">&gt;&gt;</a>&nbsp;&nbsp;&nbsp;__aeabi_uidivmod
</UL>
<BR>[Called By]<UL><LI><a href="#[25]">&gt;&gt;</a>&nbsp;&nbsp;&nbsp;main
<LI><a href="#[45]">&gt;&gt;</a>&nbsp;&nbsp;&nbsp;USER_Interrupt_CallBack
</UL>

<P><STRONG><a name="[43]"></a>Configure_USER_Interrupt</STRONG> (Thumb, 88 bytes, Stack size 24 bytes, main.o(i.Configure_USER_Interrupt))
<BR><BR>[Stack]<UL><LI>Max Depth = 36<LI>Call Chain = Configure_USER_Interrupt &rArr; LL_EXTI_Init
</UL>
<BR>[Calls]<UL><LI><a href="#[44]">&gt;&gt;</a>&nbsp;&nbsp;&nbsp;LL_EXTI_Init
<LI><a href="#[34]">&gt;&gt;</a>&nbsp;&nbsp;&nbsp;__NVIC_SetPriority
<LI><a href="#[35]">&gt;&gt;</a>&nbsp;&nbsp;&nbsp;__NVIC_EnableIRQ
<LI><a href="#[32]">&gt;&gt;</a>&nbsp;&nbsp;&nbsp;LL_IOP_GRP1_EnableClock
<LI><a href="#[33]">&gt;&gt;</a>&nbsp;&nbsp;&nbsp;LL_GPIO_SetPinMode
</UL>
<BR>[Called By]<UL><LI><a href="#[25]">&gt;&gt;</a>&nbsp;&nbsp;&nbsp;main
</UL>

<P><STRONG><a name="[f]"></a>DMA1_Channel1_IRQHandler</STRONG> (Thumb, 2 bytes, Stack size 0 bytes, stm32g0xx_it.o(i.DMA1_Channel1_IRQHandler))
<BR>[Address Reference Count : 1]<UL><LI> startup_stm32g071xx.o(RESET)
</UL>
<P><STRONG><a name="[10]"></a>DMA1_Channel2_3_IRQHandler</STRONG> (Thumb, 2 bytes, Stack size 0 bytes, stm32g0xx_it.o(i.DMA1_Channel2_3_IRQHandler))
<BR>[Address Reference Count : 1]<UL><LI> startup_stm32g071xx.o(RESET)
</UL>
<P><STRONG><a name="[d]"></a>EXTI4_15_IRQHandler</STRONG> (Thumb, 24 bytes, Stack size 8 bytes, stm32g0xx_it.o(i.EXTI4_15_IRQHandler))
<BR><BR>[Stack]<UL><LI>Max Depth = 44<LI>Call Chain = EXTI4_15_IRQHandler &rArr; USER_Interrupt_CallBack &rArr; Configure_TIM_TimeBase_DAC_trigger &rArr; __aeabi_uidivmod
</UL>
<BR>[Calls]<UL><LI><a href="#[45]">&gt;&gt;</a>&nbsp;&nbsp;&nbsp;USER_Interrupt_CallBack
</UL>
<BR>[Address Reference Count : 1]<UL><LI> startup_stm32g071xx.o(RESET)
</UL>
<P><STRONG><a name="[2]"></a>HardFault_Handler</STRONG> (Thumb, 2 bytes, Stack size 0 bytes, stm32g0xx_it.o(i.HardFault_Handler))
<BR><BR>[Calls]<UL><LI><a href="#[2]">&gt;&gt;</a>&nbsp;&nbsp;&nbsp;HardFault_Handler
</UL>
<BR>[Called By]<UL><LI><a href="#[2]">&gt;&gt;</a>&nbsp;&nbsp;&nbsp;HardFault_Handler
</UL>
<BR>[Address Reference Count : 1]<UL><LI> startup_stm32g071xx.o(RESET)
</UL>
<P><STRONG><a name="[44]"></a>LL_EXTI_Init</STRONG> (Thumb, 238 bytes, Stack size 12 bytes, stm32g0xx_ll_exti.o(i.LL_EXTI_Init))
<BR><BR>[Stack]<UL><LI>Max Depth = 12<LI>Call Chain = LL_EXTI_Init
</UL>
<BR>[Called By]<UL><LI><a href="#[43]">&gt;&gt;</a>&nbsp;&nbsp;&nbsp;Configure_USER_Interrupt
</UL>

<P><STRONG><a name="[46]"></a>LL_Init1msTick</STRONG> (Thumb, 26 bytes, Stack size 8 bytes, stm32g0xx_ll_utils.o(i.LL_Init1msTick))
<BR><BR>[Stack]<UL><LI>Max Depth = 20<LI>Call Chain = LL_Init1msTick &rArr; __aeabi_uidivmod
</UL>
<BR>[Calls]<UL><LI><a href="#[2f]">&gt;&gt;</a>&nbsp;&nbsp;&nbsp;__aeabi_uidivmod
</UL>
<BR>[Called By]<UL><LI><a href="#[47]">&gt;&gt;</a>&nbsp;&nbsp;&nbsp;SystemClock_Config
</UL>

<P><STRONG><a name="[48]"></a>LL_SetSystemCoreClock</STRONG> (Thumb, 6 bytes, Stack size 0 bytes, stm32g0xx_ll_utils.o(i.LL_SetSystemCoreClock))
<BR><BR>[Called By]<UL><LI><a href="#[47]">&gt;&gt;</a>&nbsp;&nbsp;&nbsp;SystemClock_Config
</UL>

<P><STRONG><a name="[1]"></a>NMI_Handler</STRONG> (Thumb, 2 bytes, Stack size 0 bytes, stm32g0xx_it.o(i.NMI_Handler))
<BR><BR>[Calls]<UL><LI><a href="#[1]">&gt;&gt;</a>&nbsp;&nbsp;&nbsp;NMI_Handler
</UL>
<BR>[Called By]<UL><LI><a href="#[1]">&gt;&gt;</a>&nbsp;&nbsp;&nbsp;NMI_Handler
</UL>
<BR>[Address Reference Count : 1]<UL><LI> startup_stm32g071xx.o(RESET)
</UL>
<P><STRONG><a name="[4]"></a>PendSV_Handler</STRONG> (Thumb, 2 bytes, Stack size 0 bytes, stm32g0xx_it.o(i.PendSV_Handler))
<BR>[Address Reference Count : 1]<UL><LI> startup_stm32g071xx.o(RESET)
</UL>
<P><STRONG><a name="[3]"></a>SVC_Handler</STRONG> (Thumb, 2 bytes, Stack size 0 bytes, stm32g0xx_it.o(i.SVC_Handler))
<BR>[Address Reference Count : 1]<UL><LI> startup_stm32g071xx.o(RESET)
</UL>
<P><STRONG><a name="[5]"></a>SysTick_Handler</STRONG> (Thumb, 2 bytes, Stack size 0 bytes, stm32g0xx_it.o(i.SysTick_Handler))
<BR>[Address Reference Count : 1]<UL><LI> startup_stm32g071xx.o(RESET)
</UL>
<P><STRONG><a name="[47]"></a>SystemClock_Config</STRONG> (Thumb, 130 bytes, Stack size 8 bytes, main.o(i.SystemClock_Config))
<BR><BR>[Stack]<UL><LI>Max Depth = 28<LI>Call Chain = SystemClock_Config &rArr; LL_Init1msTick &rArr; __aeabi_uidivmod
</UL>
<BR>[Calls]<UL><LI><a href="#[48]">&gt;&gt;</a>&nbsp;&nbsp;&nbsp;LL_SetSystemCoreClock
<LI><a href="#[46]">&gt;&gt;</a>&nbsp;&nbsp;&nbsp;LL_Init1msTick
</UL>
<BR>[Called By]<UL><LI><a href="#[25]">&gt;&gt;</a>&nbsp;&nbsp;&nbsp;main
</UL>

<P><STRONG><a name="[26]"></a>SystemInit</STRONG> (Thumb, 10 bytes, Stack size 0 bytes, system_stm32g0xx.o(i.SystemInit))
<BR>[Address Reference Count : 1]<UL><LI> startup_stm32g071xx.o(.text)
</UL>
<P><STRONG><a name="[45]"></a>USER_Interrupt_CallBack</STRONG> (Thumb, 26 bytes, Stack size 8 bytes, main.o(i.USER_Interrupt_CallBack))
<BR><BR>[Stack]<UL><LI>Max Depth = 36<LI>Call Chain = USER_Interrupt_CallBack &rArr; Configure_TIM_TimeBase_DAC_trigger &rArr; __aeabi_uidivmod
</UL>
<BR>[Calls]<UL><LI><a href="#[42]">&gt;&gt;</a>&nbsp;&nbsp;&nbsp;Configure_TIM_TimeBase_DAC_trigger
</UL>
<BR>[Called By]<UL><LI><a href="#[d]">&gt;&gt;</a>&nbsp;&nbsp;&nbsp;EXTI4_15_IRQHandler
</UL>

<P><STRONG><a name="[51]"></a>__scatterload_copy</STRONG> (Thumb, 14 bytes, Stack size unknown bytes, handlers.o(i.__scatterload_copy), UNUSED)

<P><STRONG><a name="[52]"></a>__scatterload_null</STRONG> (Thumb, 2 bytes, Stack size unknown bytes, handlers.o(i.__scatterload_null), UNUSED)

<P><STRONG><a name="[53]"></a>__scatterload_zeroinit</STRONG> (Thumb, 14 bytes, Stack size unknown bytes, handlers.o(i.__scatterload_zeroinit), UNUSED)

<P><STRONG><a name="[25]"></a>main</STRONG> (Thumb, 26 bytes, Stack size 0 bytes, main.o(i.main))
<BR><BR>[Stack]<UL><LI>Max Depth = 44<LI>Call Chain = main &rArr; Configure_DMA &rArr; LL_DMA_ConfigAddresses
</UL>
<BR>[Calls]<UL><LI><a href="#[47]">&gt;&gt;</a>&nbsp;&nbsp;&nbsp;SystemClock_Config
<LI><a href="#[43]">&gt;&gt;</a>&nbsp;&nbsp;&nbsp;Configure_USER_Interrupt
<LI><a href="#[42]">&gt;&gt;</a>&nbsp;&nbsp;&nbsp;Configure_TIM_TimeBase_DAC_trigger
<LI><a href="#[3a]">&gt;&gt;</a>&nbsp;&nbsp;&nbsp;Configure_DMA
<LI><a href="#[31]">&gt;&gt;</a>&nbsp;&nbsp;&nbsp;Configure_DAC
<LI><a href="#[2d]">&gt;&gt;</a>&nbsp;&nbsp;&nbsp;Activate_DAC
</UL>
<BR>[Address Reference Count : 1]<UL><LI> entry9a.o(.ARM.Collect$$$$0000000B)
</UL><P>
<H3>
Local Symbols
</H3>
<P><STRONG><a name="[36]"></a>LL_APB1_GRP1_EnableClock</STRONG> (Thumb, 18 bytes, Stack size 8 bytes, main.o(i.LL_APB1_GRP1_EnableClock))
<BR><BR>[Stack]<UL><LI>Max Depth = 8<LI>Call Chain = LL_APB1_GRP1_EnableClock
</UL>
<BR>[Called By]<UL><LI><a href="#[42]">&gt;&gt;</a>&nbsp;&nbsp;&nbsp;Configure_TIM_TimeBase_DAC_trigger
<LI><a href="#[31]">&gt;&gt;</a>&nbsp;&nbsp;&nbsp;Configure_DAC
</UL>

<P><STRONG><a name="[38]"></a>LL_DAC_ConfigOutput</STRONG> (Thumb, 28 bytes, Stack size 16 bytes, main.o(i.LL_DAC_ConfigOutput))
<BR><BR>[Stack]<UL><LI>Max Depth = 16<LI>Call Chain = LL_DAC_ConfigOutput
</UL>
<BR>[Called By]<UL><LI><a href="#[31]">&gt;&gt;</a>&nbsp;&nbsp;&nbsp;Configure_DAC
</UL>

<P><STRONG><a name="[3d]"></a>LL_DAC_DMA_GetRegAddr</STRONG> (Thumb, 16 bytes, Stack size 0 bytes, main.o(i.LL_DAC_DMA_GetRegAddr))
<BR><BR>[Called By]<UL><LI><a href="#[3a]">&gt;&gt;</a>&nbsp;&nbsp;&nbsp;Configure_DMA
</UL>

<P><STRONG><a name="[2e]"></a>LL_DAC_Enable</STRONG> (Thumb, 16 bytes, Stack size 0 bytes, main.o(i.LL_DAC_Enable))
<BR><BR>[Called By]<UL><LI><a href="#[2d]">&gt;&gt;</a>&nbsp;&nbsp;&nbsp;Activate_DAC
</UL>

<P><STRONG><a name="[39]"></a>LL_DAC_EnableDMAReq</STRONG> (Thumb, 16 bytes, Stack size 0 bytes, main.o(i.LL_DAC_EnableDMAReq))
<BR><BR>[Called By]<UL><LI><a href="#[31]">&gt;&gt;</a>&nbsp;&nbsp;&nbsp;Configure_DAC
</UL>

<P><STRONG><a name="[30]"></a>LL_DAC_EnableTrigger</STRONG> (Thumb, 16 bytes, Stack size 0 bytes, main.o(i.LL_DAC_EnableTrigger))
<BR><BR>[Called By]<UL><LI><a href="#[2d]">&gt;&gt;</a>&nbsp;&nbsp;&nbsp;Activate_DAC
</UL>

<P><STRONG><a name="[37]"></a>LL_DAC_SetTriggerSource</STRONG> (Thumb, 22 bytes, Stack size 8 bytes, main.o(i.LL_DAC_SetTriggerSource))
<BR><BR>[Stack]<UL><LI>Max Depth = 8<LI>Call Chain = LL_DAC_SetTriggerSource
</UL>
<BR>[Called By]<UL><LI><a href="#[31]">&gt;&gt;</a>&nbsp;&nbsp;&nbsp;Configure_DAC
</UL>

<P><STRONG><a name="[3e]"></a>LL_DMA_ConfigAddresses</STRONG> (Thumb, 34 bytes, Stack size 20 bytes, main.o(i.LL_DMA_ConfigAddresses))
<BR><BR>[Stack]<UL><LI>Max Depth = 20<LI>Call Chain = LL_DMA_ConfigAddresses
</UL>
<BR>[Called By]<UL><LI><a href="#[3a]">&gt;&gt;</a>&nbsp;&nbsp;&nbsp;Configure_DMA
</UL>

<P><STRONG><a name="[3b]"></a>LL_DMA_ConfigTransfer</STRONG> (Thumb, 18 bytes, Stack size 8 bytes, main.o(i.LL_DMA_ConfigTransfer))
<BR><BR>[Stack]<UL><LI>Max Depth = 8<LI>Call Chain = LL_DMA_ConfigTransfer
</UL>
<BR>[Called By]<UL><LI><a href="#[3a]">&gt;&gt;</a>&nbsp;&nbsp;&nbsp;Configure_DMA
</UL>

<P><STRONG><a name="[41]"></a>LL_DMA_EnableChannel</STRONG> (Thumb, 14 bytes, Stack size 0 bytes, main.o(i.LL_DMA_EnableChannel))
<BR><BR>[Called By]<UL><LI><a href="#[3a]">&gt;&gt;</a>&nbsp;&nbsp;&nbsp;Configure_DMA
</UL>

<P><STRONG><a name="[40]"></a>LL_DMA_EnableIT_TE</STRONG> (Thumb, 14 bytes, Stack size 0 bytes, main.o(i.LL_DMA_EnableIT_TE))
<BR><BR>[Called By]<UL><LI><a href="#[3a]">&gt;&gt;</a>&nbsp;&nbsp;&nbsp;Configure_DMA
</UL>

<P><STRONG><a name="[3f]"></a>LL_DMA_SetDataLength</STRONG> (Thumb, 18 bytes, Stack size 0 bytes, main.o(i.LL_DMA_SetDataLength))
<BR><BR>[Called By]<UL><LI><a href="#[3a]">&gt;&gt;</a>&nbsp;&nbsp;&nbsp;Configure_DMA
</UL>

<P><STRONG><a name="[3c]"></a>LL_DMA_SetPeriphRequest</STRONG> (Thumb, 30 bytes, Stack size 0 bytes, main.o(i.LL_DMA_SetPeriphRequest))
<BR><BR>[Called By]<UL><LI><a href="#[3a]">&gt;&gt;</a>&nbsp;&nbsp;&nbsp;Configure_DMA
</UL>

<P><STRONG><a name="[33]"></a>LL_GPIO_SetPinMode</STRONG> (Thumb, 20 bytes, Stack size 8 bytes, main.o(i.LL_GPIO_SetPinMode))
<BR><BR>[Stack]<UL><LI>Max Depth = 8<LI>Call Chain = LL_GPIO_SetPinMode
</UL>
<BR>[Called By]<UL><LI><a href="#[43]">&gt;&gt;</a>&nbsp;&nbsp;&nbsp;Configure_USER_Interrupt
<LI><a href="#[31]">&gt;&gt;</a>&nbsp;&nbsp;&nbsp;Configure_DAC
</UL>

<P><STRONG><a name="[32]"></a>LL_IOP_GRP1_EnableClock</STRONG> (Thumb, 18 bytes, Stack size 8 bytes, main.o(i.LL_IOP_GRP1_EnableClock))
<BR><BR>[Stack]<UL><LI>Max Depth = 8<LI>Call Chain = LL_IOP_GRP1_EnableClock
</UL>
<BR>[Called By]<UL><LI><a href="#[43]">&gt;&gt;</a>&nbsp;&nbsp;&nbsp;Configure_USER_Interrupt
<LI><a href="#[31]">&gt;&gt;</a>&nbsp;&nbsp;&nbsp;Configure_DAC
</UL>

<P><STRONG><a name="[35]"></a>__NVIC_EnableIRQ</STRONG> (Thumb, 18 bytes, Stack size 0 bytes, main.o(i.__NVIC_EnableIRQ))
<BR><BR>[Called By]<UL><LI><a href="#[43]">&gt;&gt;</a>&nbsp;&nbsp;&nbsp;Configure_USER_Interrupt
<LI><a href="#[3a]">&gt;&gt;</a>&nbsp;&nbsp;&nbsp;Configure_DMA
<LI><a href="#[31]">&gt;&gt;</a>&nbsp;&nbsp;&nbsp;Configure_DAC
</UL>

<P><STRONG><a name="[34]"></a>__NVIC_SetPriority</STRONG> (Thumb, 60 bytes, Stack size 0 bytes, main.o(i.__NVIC_SetPriority))
<BR><BR>[Called By]<UL><LI><a href="#[43]">&gt;&gt;</a>&nbsp;&nbsp;&nbsp;Configure_USER_Interrupt
<LI><a href="#[3a]">&gt;&gt;</a>&nbsp;&nbsp;&nbsp;Configure_DMA
<LI><a href="#[31]">&gt;&gt;</a>&nbsp;&nbsp;&nbsp;Configure_DAC
</UL>
<P>
<H3>
Undefined Global Symbols
</H3>
<P><STRONG><a name="[2b]"></a>__arm_fini_</STRONG> (Unknown, 0 bytes, Stack size 0 bytes, UNDEFINED)
<BR><BR>[Called By]<UL><LI><a href="#[2a]">&gt;&gt;</a>&nbsp;&nbsp;&nbsp;__rt_lib_shutdown_fini
</UL>
<HR></body></html>
